Archive member included to satisfy reference by file (symbol)

c:/st/stm32cubeide_1.0.1/stm32cubeide/plugins/com.st.stm32cube.ide.mcu.externaltools.gnu-tools-for-stm32.7-2018-q2-update.win32_1.0.0.201904181610/tools/bin/../lib/gcc/arm-none-eabi/7.3.1/../../../../arm-none-eabi/lib/thumb/v7e-m/fpv4-sp/hard\libc_nano.a(lib_a-errno.o)
                              Src/syscalls.o (__errno)
c:/st/stm32cubeide_1.0.1/stm32cubeide/plugins/com.st.stm32cube.ide.mcu.externaltools.gnu-tools-for-stm32.7-2018-q2-update.win32_1.0.0.201904181610/tools/bin/../lib/gcc/arm-none-eabi/7.3.1/../../../../arm-none-eabi/lib/thumb/v7e-m/fpv4-sp/hard\libc_nano.a(lib_a-exit.o)
                              c:/st/stm32cubeide_1.0.1/stm32cubeide/plugins/com.st.stm32cube.ide.mcu.externaltools.gnu-tools-for-stm32.7-2018-q2-update.win32_1.0.0.201904181610/tools/bin/../lib/gcc/arm-none-eabi/7.3.1/../../../../arm-none-eabi/lib/thumb/v7e-m/fpv4-sp/hard/crt0.o (exit)
c:/st/stm32cubeide_1.0.1/stm32cubeide/plugins/com.st.stm32cube.ide.mcu.externaltools.gnu-tools-for-stm32.7-2018-q2-update.win32_1.0.0.201904181610/tools/bin/../lib/gcc/arm-none-eabi/7.3.1/../../../../arm-none-eabi/lib/thumb/v7e-m/fpv4-sp/hard\libc_nano.a(lib_a-impure.o)
                              c:/st/stm32cubeide_1.0.1/stm32cubeide/plugins/com.st.stm32cube.ide.mcu.externaltools.gnu-tools-for-stm32.7-2018-q2-update.win32_1.0.0.201904181610/tools/bin/../lib/gcc/arm-none-eabi/7.3.1/../../../../arm-none-eabi/lib/thumb/v7e-m/fpv4-sp/hard\libc_nano.a(lib_a-exit.o) (_global_impure_ptr)
c:/st/stm32cubeide_1.0.1/stm32cubeide/plugins/com.st.stm32cube.ide.mcu.externaltools.gnu-tools-for-stm32.7-2018-q2-update.win32_1.0.0.201904181610/tools/bin/../lib/gcc/arm-none-eabi/7.3.1/../../../../arm-none-eabi/lib/thumb/v7e-m/fpv4-sp/hard\libc_nano.a(lib_a-init.o)
                              c:/st/stm32cubeide_1.0.1/stm32cubeide/plugins/com.st.stm32cube.ide.mcu.externaltools.gnu-tools-for-stm32.7-2018-q2-update.win32_1.0.0.201904181610/tools/bin/../lib/gcc/arm-none-eabi/7.3.1/../../../../arm-none-eabi/lib/thumb/v7e-m/fpv4-sp/hard/crt0.o (__libc_init_array)
c:/st/stm32cubeide_1.0.1/stm32cubeide/plugins/com.st.stm32cube.ide.mcu.externaltools.gnu-tools-for-stm32.7-2018-q2-update.win32_1.0.0.201904181610/tools/bin/../lib/gcc/arm-none-eabi/7.3.1/../../../../arm-none-eabi/lib/thumb/v7e-m/fpv4-sp/hard\libc_nano.a(lib_a-memset.o)
                              c:/st/stm32cubeide_1.0.1/stm32cubeide/plugins/com.st.stm32cube.ide.mcu.externaltools.gnu-tools-for-stm32.7-2018-q2-update.win32_1.0.0.201904181610/tools/bin/../lib/gcc/arm-none-eabi/7.3.1/../../../../arm-none-eabi/lib/thumb/v7e-m/fpv4-sp/hard/crt0.o (memset)
c:/st/stm32cubeide_1.0.1/stm32cubeide/plugins/com.st.stm32cube.ide.mcu.externaltools.gnu-tools-for-stm32.7-2018-q2-update.win32_1.0.0.201904181610/tools/bin/../lib/gcc/arm-none-eabi/7.3.1/thumb/v7e-m/fpv4-sp/hard\libgcc.a(_arm_muldivdf3.o)
                              Src/scr_io.o (__aeabi_dmul)
c:/st/stm32cubeide_1.0.1/stm32cubeide/plugins/com.st.stm32cube.ide.mcu.externaltools.gnu-tools-for-stm32.7-2018-q2-update.win32_1.0.0.201904181610/tools/bin/../lib/gcc/arm-none-eabi/7.3.1/thumb/v7e-m/fpv4-sp/hard\libgcc.a(_arm_cmpdf2.o)
                              Src/scr_io.o (__aeabi_dcmplt)
c:/st/stm32cubeide_1.0.1/stm32cubeide/plugins/com.st.stm32cube.ide.mcu.externaltools.gnu-tools-for-stm32.7-2018-q2-update.win32_1.0.0.201904181610/tools/bin/../lib/gcc/arm-none-eabi/7.3.1/thumb/v7e-m/fpv4-sp/hard\libgcc.a(_arm_fixdfsi.o)
                              Src/scr_io.o (__aeabi_d2iz)
c:/st/stm32cubeide_1.0.1/stm32cubeide/plugins/com.st.stm32cube.ide.mcu.externaltools.gnu-tools-for-stm32.7-2018-q2-update.win32_1.0.0.201904181610/tools/bin/../lib/gcc/arm-none-eabi/7.3.1/thumb/v7e-m/fpv4-sp/hard\libgcc.a(_aeabi_uldivmod.o)
                              Drivers/STM32F4xx_HAL_Driver/Src/stm32f4xx_hal_rcc.o (__aeabi_uldivmod)
c:/st/stm32cubeide_1.0.1/stm32cubeide/plugins/com.st.stm32cube.ide.mcu.externaltools.gnu-tools-for-stm32.7-2018-q2-update.win32_1.0.0.201904181610/tools/bin/../lib/gcc/arm-none-eabi/7.3.1/thumb/v7e-m/fpv4-sp/hard\libgcc.a(_udivmoddi4.o)
                              c:/st/stm32cubeide_1.0.1/stm32cubeide/plugins/com.st.stm32cube.ide.mcu.externaltools.gnu-tools-for-stm32.7-2018-q2-update.win32_1.0.0.201904181610/tools/bin/../lib/gcc/arm-none-eabi/7.3.1/thumb/v7e-m/fpv4-sp/hard\libgcc.a(_aeabi_uldivmod.o) (__udivmoddi4)
c:/st/stm32cubeide_1.0.1/stm32cubeide/plugins/com.st.stm32cube.ide.mcu.externaltools.gnu-tools-for-stm32.7-2018-q2-update.win32_1.0.0.201904181610/tools/bin/../lib/gcc/arm-none-eabi/7.3.1/thumb/v7e-m/fpv4-sp/hard\libgcc.a(_dvmd_tls.o)
                              c:/st/stm32cubeide_1.0.1/stm32cubeide/plugins/com.st.stm32cube.ide.mcu.externaltools.gnu-tools-for-stm32.7-2018-q2-update.win32_1.0.0.201904181610/tools/bin/../lib/gcc/arm-none-eabi/7.3.1/thumb/v7e-m/fpv4-sp/hard\libgcc.a(_aeabi_uldivmod.o) (__aeabi_ldiv0)

Allocating common symbols
[...]
Memory Configuration

Name             Origin             Length             Attributes
CCMRAM           0x0000000010000000 0x0000000000010000 xrw
RAM              0x0000000020000000 0x0000000000020000 xrw
FLASH            0x0000000008000000 0x0000000000080000 xr
*default*        0x0000000000000000 0xffffffffffffffff

Linker script and memory map

LOAD c:/st/stm32cubeide_1.0.1/stm32cubeide/plugins/com.st.stm32cube.ide.mcu.externaltools.gnu-tools-for-stm32.7-2018-q2-update.win32_1.0.0.201904181610/tools/bin/../lib/gcc/arm-none-eabi/7.3.1/thumb/v7e-m/fpv4-sp/hard/crti.o
LOAD c:/st/stm32cubeide_1.0.1/stm32cubeide/plugins/com.st.stm32cube.ide.mcu.externaltools.gnu-tools-for-stm32.7-2018-q2-update.win32_1.0.0.201904181610/tools/bin/../lib/gcc/arm-none-eabi/7.3.1/thumb/v7e-m/fpv4-sp/hard/crtbegin.o
LOAD c:/st/stm32cubeide_1.0.1/stm32cubeide/plugins/com.st.stm32cube.ide.mcu.externaltools.gnu-tools-for-stm32.7-2018-q2-update.win32_1.0.0.201904181610/tools/bin/../lib/gcc/arm-none-eabi/7.3.1/../../../../arm-none-eabi/lib/thumb/v7e-m/fpv4-sp/hard/crt0.o
LOAD Drivers/STM32F4xx_HAL_Driver/Src/stm32f4xx_hal.o
LOAD Drivers/STM32F4xx_HAL_Driver/Src/stm32f4xx_hal_cortex.o
LOAD Drivers/STM32F4xx_HAL_Driver/Src/stm32f4xx_hal_dma.o
LOAD Drivers/STM32F4xx_HAL_Driver/Src/stm32f4xx_hal_dma_ex.o
LOAD Drivers/STM32F4xx_HAL_Driver/Src/stm32f4xx_hal_exti.o
LOAD Drivers/STM32F4xx_HAL_Driver/Src/stm32f4xx_hal_flash.o
LOAD Drivers/STM32F4xx_HAL_Driver/Src/stm32f4xx_hal_flash_ex.o
LOAD Drivers/STM32F4xx_HAL_Driver/Src/stm32f4xx_hal_flash_ramfunc.o
LOAD Drivers/STM32F4xx_HAL_Driver/Src/stm32f4xx_hal_gpio.o
LOAD Drivers/STM32F4xx_HAL_Driver/Src/stm32f4xx_hal_pwr.o
LOAD Drivers/STM32F4xx_HAL_Driver/Src/stm32f4xx_hal_pwr_ex.o
LOAD Drivers/STM32F4xx_HAL_Driver/Src/stm32f4xx_hal_rcc.o
LOAD Drivers/STM32F4xx_HAL_Driver/Src/stm32f4xx_hal_rcc_ex.o
LOAD Drivers/STM32F4xx_HAL_Driver/Src/stm32f4xx_hal_rtc.o
LOAD Drivers/STM32F4xx_HAL_Driver/Src/stm32f4xx_hal_rtc_ex.o
LOAD Drivers/STM32F4xx_HAL_Driver/Src/stm32f4xx_hal_sd.o
LOAD Drivers/STM32F4xx_HAL_Driver/Src/stm32f4xx_hal_sram.o
LOAD Drivers/STM32F4xx_HAL_Driver/Src/stm32f4xx_hal_tim.o
LOAD Drivers/STM32F4xx_HAL_Driver/Src/stm32f4xx_hal_tim_ex.o
LOAD Drivers/STM32F4xx_HAL_Driver/Src/stm32f4xx_hal_uart.o
LOAD Drivers/STM32F4xx_HAL_Driver/Src/stm32f4xx_ll_fsmc.o
LOAD Drivers/STM32F4xx_HAL_Driver/Src/stm32f4xx_ll_sdmmc.o
LOAD Middlewares/Third_Party/FatFs/src/diskio.o
LOAD Middlewares/Third_Party/FatFs/src/ff.o
LOAD Middlewares/Third_Party/FatFs/src/ff_gen_drv.o
LOAD Middlewares/Third_Party/FatFs/src/option/syscall.o
LOAD Src/bsp_driver_sd.o
LOAD Src/fatfs.o
LOAD Src/fatfs_platform.o
LOAD Src/fsmc.o
LOAD Src/gpio.o
LOAD Src/hw_config.o
LOAD Src/keyboard.o
LOAD Src/lcd.o
LOAD Src/lcd_api.o
LOAD Src/main.o
LOAD Src/rtc.o
LOAD Src/scr_io.o
LOAD Src/sd_diskio.o
LOAD Src/sdio.o
LOAD Src/stm32f4xx_hal_msp.o
LOAD Src/stm32f4xx_it.o
LOAD Src/syscalls.o
LOAD Src/sysmem.o
LOAD Src/system_stm32f4xx.o
LOAD Src/tim.o
LOAD Src/usart.o
LOAD Startup/startup_stm32f407vetx.o
START GROUP
LOAD c:/st/stm32cubeide_1.0.1/stm32cubeide/plugins/com.st.stm32cube.ide.mcu.externaltools.gnu-tools-for-stm32.7-2018-q2-update.win32_1.0.0.201904181610/tools/bin/../lib/gcc/arm-none-eabi/7.3.1/../../../../arm-none-eabi/lib/thumb/v7e-m/fpv4-sp/hard\libc_nano.a
LOAD c:/st/stm32cubeide_1.0.1/stm32cubeide/plugins/com.st.stm32cube.ide.mcu.externaltools.gnu-tools-for-stm32.7-2018-q2-update.win32_1.0.0.201904181610/tools/bin/../lib/gcc/arm-none-eabi/7.3.1/../../../../arm-none-eabi/lib/thumb/v7e-m/fpv4-sp/hard\libm.a
END GROUP
START GROUP
LOAD c:/st/stm32cubeide_1.0.1/stm32cubeide/plugins/com.st.stm32cube.ide.mcu.externaltools.gnu-tools-for-stm32.7-2018-q2-update.win32_1.0.0.201904181610/tools/bin/../lib/gcc/arm-none-eabi/7.3.1/thumb/v7e-m/fpv4-sp/hard\libgcc.a
LOAD c:/st/stm32cubeide_1.0.1/stm32cubeide/plugins/com.st.stm32cube.ide.mcu.externaltools.gnu-tools-for-stm32.7-2018-q2-update.win32_1.0.0.201904181610/tools/bin/../lib/gcc/arm-none-eabi/7.3.1/../../../../arm-none-eabi/lib/thumb/v7e-m/fpv4-sp/hard\libc_nano.a
END GROUP
START GROUP
LOAD c:/st/stm32cubeide_1.0.1/stm32cubeide/plugins/com.st.stm32cube.ide.mcu.externaltools.gnu-tools-for-stm32.7-2018-q2-update.win32_1.0.0.201904181610/tools/bin/../lib/gcc/arm-none-eabi/7.3.1/thumb/v7e-m/fpv4-sp/hard\libgcc.a
LOAD c:/st/stm32cubeide_1.0.1/stm32cubeide/plugins/com.st.stm32cube.ide.mcu.externaltools.gnu-tools-for-stm32.7-2018-q2-update.win32_1.0.0.201904181610/tools/bin/../lib/gcc/arm-none-eabi/7.3.1/../../../../arm-none-eabi/lib/thumb/v7e-m/fpv4-sp/hard\libc_nano.a
LOAD c:/st/stm32cubeide_1.0.1/stm32cubeide/plugins/com.st.stm32cube.ide.mcu.externaltools.gnu-tools-for-stm32.7-2018-q2-update.win32_1.0.0.201904181610/tools/bin/../lib/gcc/arm-none-eabi/7.3.1/../../../../arm-none-eabi/lib/thumb/v7e-m/fpv4-sp/hard\libnosys.a
END GROUP
START GROUP
LOAD c:/st/stm32cubeide_1.0.1/stm32cubeide/plugins/com.st.stm32cube.ide.mcu.externaltools.gnu-tools-for-stm32.7-2018-q2-update.win32_1.0.0.201904181610/tools/bin/../lib/gcc/arm-none-eabi/7.3.1/thumb/v7e-m/fpv4-sp/hard\libgcc.a
LOAD c:/st/stm32cubeide_1.0.1/stm32cubeide/plugins/com.st.stm32cube.ide.mcu.externaltools.gnu-tools-for-stm32.7-2018-q2-update.win32_1.0.0.201904181610/tools/bin/../lib/gcc/arm-none-eabi/7.3.1/../../../../arm-none-eabi/lib/thumb/v7e-m/fpv4-sp/hard\libc_nano.a
LOAD c:/st/stm32cubeide_1.0.1/stm32cubeide/plugins/com.st.stm32cube.ide.mcu.externaltools.gnu-tools-for-stm32.7-2018-q2-update.win32_1.0.0.201904181610/tools/bin/../lib/gcc/arm-none-eabi/7.3.1/../../../../arm-none-eabi/lib/thumb/v7e-m/fpv4-sp/hard\libnosys.a
END GROUP
LOAD c:/st/stm32cubeide_1.0.1/stm32cubeide/plugins/com.st.stm32cube.ide.mcu.externaltools.gnu-tools-for-stm32.7-2018-q2-update.win32_1.0.0.201904181610/tools/bin/../lib/gcc/arm-none-eabi/7.3.1/thumb/v7e-m/fpv4-sp/hard/crtend.o
LOAD c:/st/stm32cubeide_1.0.1/stm32cubeide/plugins/com.st.stm32cube.ide.mcu.externaltools.gnu-tools-for-stm32.7-2018-q2-update.win32_1.0.0.201904181610/tools/bin/../lib/gcc/arm-none-eabi/7.3.1/thumb/v7e-m/fpv4-sp/hard/crtn.o
                0x0000000020020000                _estack = 0x20020000
                0x0000000000000200                _Min_Heap_Size = 0x200
                0x0000000000000400                _Min_Stack_Size = 0x400

.isr_vector     0x0000000008000000      0x188
                0x0000000008000000                . = ALIGN (0x4)
 *(.isr_vector)
 .isr_vector    0x0000000008000000      0x188 Startup/startup_stm32f407vetx.o
                0x0000000008000000                g_pfnVectors
                0x0000000008000188                . = ALIGN (0x4)

.text           0x0000000008000188     0xab64
                0x0000000008000188                . = ALIGN (0x4)
 *(.text)
 .text          0x0000000008000188       0x40 c:/st/stm32cubeide_1.0.1/stm32cubeide/plugins/com.st.stm32cube.ide.mcu.externaltools.gnu-tools-for-stm32.7-2018-q2-update.win32_1.0.0.201904181610/tools/bin/../lib/gcc/arm-none-eabi/7.3.1/thumb/v7e-m/fpv4-sp/hard/crtbegin.o
 .text          0x00000000080001c8       0x30 c:/st/stm32cubeide_1.0.1/stm32cubeide/plugins/com.st.stm32cube.ide.mcu.externaltools.gnu-tools-for-stm32.7-2018-q2-update.win32_1.0.0.201904181610/tools/bin/../lib/gcc/arm-none-eabi/7.3.1/thumb/v7e-m/fpv4-sp/hard\libgcc.a(_aeabi_uldivmod.o)
                0x00000000080001c8                __aeabi_uldivmod
 .text          0x00000000080001f8      0x2cc c:/st/stm32cubeide_1.0.1/stm32cubeide/plugins/com.st.stm32cube.ide.mcu.externaltools.gnu-tools-for-stm32.7-2018-q2-update.win32_1.0.0.201904181610/tools/bin/../lib/gcc/arm-none-eabi/7.3.1/thumb/v7e-m/fpv4-sp/hard\libgcc.a(_udivmoddi4.o)
                0x00000000080001f8                __udivmoddi4
 .text          0x00000000080004c4        0x4 c:/st/stm32cubeide_1.0.1/stm32cubeide/plugins/com.st.stm32cube.ide.mcu.externaltools.gnu-tools-for-stm32.7-2018-q2-update.win32_1.0.0.201904181610/tools/bin/../lib/gcc/arm-none-eabi/7.3.1/thumb/v7e-m/fpv4-sp/hard\libgcc.a(_dvmd_tls.o)
                0x00000000080004c4                __aeabi_idiv0
                0x00000000080004c4                __aeabi_ldiv0
 *(.text*)
 .text.HAL_Init
                0x00000000080004c8       0x44 Drivers/STM32F4xx_HAL_Driver/Src/stm32f4xx_hal.o
                0x00000000080004c8                HAL_Init
 .text.HAL_InitTick
                0x000000000800050c       0x60 Drivers/STM32F4xx_HAL_Driver/Src/stm32f4xx_hal.o
                0x000000000800050c                HAL_InitTick
 .text.HAL_IncTick
                0x000000000800056c       0x28 Drivers/STM32F4xx_HAL_Driver/Src/stm32f4xx_hal.o
                0x000000000800056c                HAL_IncTick
 .text.HAL_GetTick
                0x0000000008000594       0x18 Drivers/STM32F4xx_HAL_Driver/Src/stm32f4xx_hal.o
                0x0000000008000594                HAL_GetTick
 .text.HAL_Delay
                0x00000000080005ac       0x44 Drivers/STM32F4xx_HAL_Driver/Src/stm32f4xx_hal.o
                0x00000000080005ac                HAL_Delay
 .text.__NVIC_SetPriorityGrouping
                0x00000000080005f0       0x48 Drivers/STM32F4xx_HAL_Driver/Src/stm32f4xx_hal_cortex.o
 .text.__NVIC_GetPriorityGrouping
                0x0000000008000638       0x1c Drivers/STM32F4xx_HAL_Driver/Src/stm32f4xx_hal_cortex.o
 .text.__NVIC_EnableIRQ
                0x0000000008000654       0x3c Drivers/STM32F4xx_HAL_Driver/Src/stm32f4xx_hal_cortex.o
 .text.__NVIC_SetPriority
                0x0000000008000690       0x54 Drivers/STM32F4xx_HAL_Driver/Src/stm32f4xx_hal_cortex.o
 .text.NVIC_EncodePriority
                0x00000000080006e4       0x66 Drivers/STM32F4xx_HAL_Driver/Src/stm32f4xx_hal_cortex.o
 *fill*         0x000000000800074a        0x2 
 .text.SysTick_Config
                0x000000000800074c       0x44 Drivers/STM32F4xx_HAL_Driver/Src/stm32f4xx_hal_cortex.o
 .text.HAL_NVIC_SetPriorityGrouping
                0x0000000008000790       0x16 Drivers/STM32F4xx_HAL_Driver/Src/stm32f4xx_hal_cortex.o
                0x0000000008000790                HAL_NVIC_SetPriorityGrouping
 .text.HAL_NVIC_SetPriority
                0x00000000080007a6       0x38 Drivers/STM32F4xx_HAL_Driver/Src/stm32f4xx_hal_cortex.o
                0x00000000080007a6                HAL_NVIC_SetPriority
 .text.HAL_NVIC_EnableIRQ
                0x00000000080007de       0x1c Drivers/STM32F4xx_HAL_Driver/Src/stm32f4xx_hal_cortex.o
                0x00000000080007de                HAL_NVIC_EnableIRQ
 .text.HAL_SYSTICK_Config
                0x00000000080007fa       0x18 Drivers/STM32F4xx_HAL_Driver/Src/stm32f4xx_hal_cortex.o
                0x00000000080007fa                HAL_SYSTICK_Config
 .text.HAL_DMA_Abort_IT
                0x0000000008000812       0x44 Drivers/STM32F4xx_HAL_Driver/Src/stm32f4xx_hal_dma.o
                0x0000000008000812                HAL_DMA_Abort_IT
 *fill*         0x0000000008000856        0x2 
 .text.HAL_GPIO_Init
                0x0000000008000858      0x334 Drivers/STM32F4xx_HAL_Driver/Src/stm32f4xx_hal_gpio.o
                0x0000000008000858                HAL_GPIO_Init
 .text.HAL_GPIO_ReadPin
                0x0000000008000b8c       0x30 Drivers/STM32F4xx_HAL_Driver/Src/stm32f4xx_hal_gpio.o
                0x0000000008000b8c                HAL_GPIO_ReadPin
 .text.HAL_GPIO_WritePin
                0x0000000008000bbc       0x32 Drivers/STM32F4xx_HAL_Driver/Src/stm32f4xx_hal_gpio.o
                0x0000000008000bbc                HAL_GPIO_WritePin
 .text.HAL_GPIO_TogglePin
                0x0000000008000bee       0x36 Drivers/STM32F4xx_HAL_Driver/Src/stm32f4xx_hal_gpio.o
                0x0000000008000bee                HAL_GPIO_TogglePin
 .text.HAL_RCC_OscConfig
                0x0000000008000c24      0x484 Drivers/STM32F4xx_HAL_Driver/Src/stm32f4xx_hal_rcc.o
                0x0000000008000c24                HAL_RCC_OscConfig
 .text.HAL_RCC_ClockConfig
                0x00000000080010a8      0x1c4 Drivers/STM32F4xx_HAL_Driver/Src/stm32f4xx_hal_rcc.o
                0x00000000080010a8                HAL_RCC_ClockConfig
 .text.HAL_RCC_GetSysClockFreq
                0x000000000800126c      0x1b0 Drivers/STM32F4xx_HAL_Driver/Src/stm32f4xx_hal_rcc.o
                0x000000000800126c                HAL_RCC_GetSysClockFreq
 .text.HAL_RCC_GetHCLKFreq
                0x000000000800141c       0x18 Drivers/STM32F4xx_HAL_Driver/Src/stm32f4xx_hal_rcc.o
                0x000000000800141c                HAL_RCC_GetHCLKFreq
 .text.HAL_RCC_GetPCLK1Freq
                0x0000000008001434       0x28 Drivers/STM32F4xx_HAL_Driver/Src/stm32f4xx_hal_rcc.o
                0x0000000008001434                HAL_RCC_GetPCLK1Freq
 .text.HAL_RCC_GetPCLK2Freq
                0x000000000800145c       0x28 Drivers/STM32F4xx_HAL_Driver/Src/stm32f4xx_hal_rcc.o
                0x000000000800145c                HAL_RCC_GetPCLK2Freq
 .text.HAL_RCCEx_PeriphCLKConfig
                0x0000000008001484      0x1c4 Drivers/STM32F4xx_HAL_Driver/Src/stm32f4xx_hal_rcc_ex.o
                0x0000000008001484                HAL_RCCEx_PeriphCLKConfig
 .text.HAL_RTC_Init
                0x0000000008001648      0x122 Drivers/STM32F4xx_HAL_Driver/Src/stm32f4xx_hal_rtc.o
                0x0000000008001648                HAL_RTC_Init
 .text.HAL_RTC_SetTime
                0x000000000800176a      0x17a Drivers/STM32F4xx_HAL_Driver/Src/stm32f4xx_hal_rtc.o
                0x000000000800176a                HAL_RTC_SetTime
 .text.HAL_RTC_SetDate
                0x00000000080018e4      0x14e Drivers/STM32F4xx_HAL_Driver/Src/stm32f4xx_hal_rtc.o
                0x00000000080018e4                HAL_RTC_SetDate
 .text.HAL_RTC_WaitForSynchro
                0x0000000008001a32       0x50 Drivers/STM32F4xx_HAL_Driver/Src/stm32f4xx_hal_rtc.o
                0x0000000008001a32                HAL_RTC_WaitForSynchro
 .text.RTC_EnterInitMode
                0x0000000008001a82       0x58 Drivers/STM32F4xx_HAL_Driver/Src/stm32f4xx_hal_rtc.o
                0x0000000008001a82                RTC_EnterInitMode
 .text.RTC_ByteToBcd2
                0x0000000008001ada       0x3c Drivers/STM32F4xx_HAL_Driver/Src/stm32f4xx_hal_rtc.o
                0x0000000008001ada                RTC_ByteToBcd2
 .text.HAL_SD_Init
                0x0000000008001b16       0x56 Drivers/STM32F4xx_HAL_Driver/Src/stm32f4xx_hal_sd.o
                0x0000000008001b16                HAL_SD_Init
 .text.HAL_SD_InitCard
                0x0000000008001b6c       0xb8 Drivers/STM32F4xx_HAL_Driver/Src/stm32f4xx_hal_sd.o
                0x0000000008001b6c                HAL_SD_InitCard
 .text.HAL_SD_ReadBlocks
                0x0000000008001c24      0x32e Drivers/STM32F4xx_HAL_Driver/Src/stm32f4xx_hal_sd.o
                0x0000000008001c24                HAL_SD_ReadBlocks
 .text.HAL_SD_WriteBlocks
                0x0000000008001f52      0x2d0 Drivers/STM32F4xx_HAL_Driver/Src/stm32f4xx_hal_sd.o
                0x0000000008001f52                HAL_SD_WriteBlocks
 *fill*         0x0000000008002222        0x2 
 .text.HAL_SD_IRQHandler
                0x0000000008002224      0x2cc Drivers/STM32F4xx_HAL_Driver/Src/stm32f4xx_hal_sd.o
                0x0000000008002224                HAL_SD_IRQHandler
 .text.HAL_SD_ErrorCallback
                0x00000000080024f0       0x14 Drivers/STM32F4xx_HAL_Driver/Src/stm32f4xx_hal_sd.o
                0x00000000080024f0                HAL_SD_ErrorCallback
 .text.HAL_SD_GetCardCSD
                0x0000000008002504      0x452 Drivers/STM32F4xx_HAL_Driver/Src/stm32f4xx_hal_sd.o
                0x0000000008002504                HAL_SD_GetCardCSD
 .text.HAL_SD_GetCardInfo
                0x0000000008002956       0x58 Drivers/STM32F4xx_HAL_Driver/Src/stm32f4xx_hal_sd.o
                0x0000000008002956                HAL_SD_GetCardInfo
 .text.HAL_SD_ConfigWideBusOperation
                0x00000000080029ae       0xf8 Drivers/STM32F4xx_HAL_Driver/Src/stm32f4xx_hal_sd.o
                0x00000000080029ae                HAL_SD_ConfigWideBusOperation
 .text.HAL_SD_GetCardState
                0x0000000008002aa6       0x4a Drivers/STM32F4xx_HAL_Driver/Src/stm32f4xx_hal_sd.o
                0x0000000008002aa6                HAL_SD_GetCardState
 .text.SD_DMATxAbort
                0x0000000008002af0       0x7c Drivers/STM32F4xx_HAL_Driver/Src/stm32f4xx_hal_sd.o
 .text.SD_DMARxAbort
                0x0000000008002b6c       0x7c Drivers/STM32F4xx_HAL_Driver/Src/stm32f4xx_hal_sd.o
 .text.SD_InitCard
                0x0000000008002be8      0x192 Drivers/STM32F4xx_HAL_Driver/Src/stm32f4xx_hal_sd.o
 .text.SD_PowerON
                0x0000000008002d7a      0x150 Drivers/STM32F4xx_HAL_Driver/Src/stm32f4xx_hal_sd.o
 .text.SD_SendStatus
                0x0000000008002eca       0x54 Drivers/STM32F4xx_HAL_Driver/Src/stm32f4xx_hal_sd.o
 .text.SD_WideBus_Enable
                0x0000000008002f1e       0x9a Drivers/STM32F4xx_HAL_Driver/Src/stm32f4xx_hal_sd.o
 .text.SD_WideBus_Disable
                0x0000000008002fb8       0x9a Drivers/STM32F4xx_HAL_Driver/Src/stm32f4xx_hal_sd.o
 .text.SD_FindSCR
                0x0000000008003052      0x192 Drivers/STM32F4xx_HAL_Driver/Src/stm32f4xx_hal_sd.o
 .text.SD_Read_IT
                0x00000000080031e4       0x50 Drivers/STM32F4xx_HAL_Driver/Src/stm32f4xx_hal_sd.o
 .text.SD_Write_IT
                0x0000000008003234       0x4c Drivers/STM32F4xx_HAL_Driver/Src/stm32f4xx_hal_sd.o
 .text.HAL_SRAM_Init
                0x0000000008003280       0x88 Drivers/STM32F4xx_HAL_Driver/Src/stm32f4xx_hal_sram.o
                0x0000000008003280                HAL_SRAM_Init
 .text.HAL_TIM_Base_Init
                0x0000000008003308       0x56 Drivers/STM32F4xx_HAL_Driver/Src/stm32f4xx_hal_tim.o
                0x0000000008003308                HAL_TIM_Base_Init
 .text.HAL_TIM_IRQHandler
                0x000000000800335e      0x210 Drivers/STM32F4xx_HAL_Driver/Src/stm32f4xx_hal_tim.o
                0x000000000800335e                HAL_TIM_IRQHandler
 .text.HAL_TIM_ConfigClockSource
                0x000000000800356e      0x16e Drivers/STM32F4xx_HAL_Driver/Src/stm32f4xx_hal_tim.o
                0x000000000800356e                HAL_TIM_ConfigClockSource
 .text.HAL_TIM_PeriodElapsedCallback
                0x00000000080036dc       0x14 Drivers/STM32F4xx_HAL_Driver/Src/stm32f4xx_hal_tim.o
                0x00000000080036dc                HAL_TIM_PeriodElapsedCallback
 .text.HAL_TIM_OC_DelayElapsedCallback
                0x00000000080036f0       0x14 Drivers/STM32F4xx_HAL_Driver/Src/stm32f4xx_hal_tim.o
                0x00000000080036f0                HAL_TIM_OC_DelayElapsedCallback
 .text.HAL_TIM_IC_CaptureCallback
                0x0000000008003704       0x14 Drivers/STM32F4xx_HAL_Driver/Src/stm32f4xx_hal_tim.o
                0x0000000008003704                HAL_TIM_IC_CaptureCallback
 .text.HAL_TIM_PWM_PulseFinishedCallback
                0x0000000008003718       0x14 Drivers/STM32F4xx_HAL_Driver/Src/stm32f4xx_hal_tim.o
                0x0000000008003718                HAL_TIM_PWM_PulseFinishedCallback
 .text.HAL_TIM_TriggerCallback
                0x000000000800372c       0x14 Drivers/STM32F4xx_HAL_Driver/Src/stm32f4xx_hal_tim.o
                0x000000000800372c                HAL_TIM_TriggerCallback
 .text.TIM_Base_SetConfig
                0x0000000008003740      0x140 Drivers/STM32F4xx_HAL_Driver/Src/stm32f4xx_hal_tim.o
                0x0000000008003740                TIM_Base_SetConfig
 .text.TIM_TI1_ConfigInputStage
                0x0000000008003880       0x5e Drivers/STM32F4xx_HAL_Driver/Src/stm32f4xx_hal_tim.o
 .text.TIM_TI2_ConfigInputStage
                0x00000000080038de       0x60 Drivers/STM32F4xx_HAL_Driver/Src/stm32f4xx_hal_tim.o
 .text.TIM_ITRx_SetConfig
                0x000000000800393e       0x36 Drivers/STM32F4xx_HAL_Driver/Src/stm32f4xx_hal_tim.o
 .text.TIM_ETR_SetConfig
                0x0000000008003974       0x40 Drivers/STM32F4xx_HAL_Driver/Src/stm32f4xx_hal_tim.o
                0x0000000008003974                TIM_ETR_SetConfig
 .text.HAL_TIMEx_MasterConfigSynchronization
                0x00000000080039b4       0x8a Drivers/STM32F4xx_HAL_Driver/Src/stm32f4xx_hal_tim_ex.o
                0x00000000080039b4                HAL_TIMEx_MasterConfigSynchronization
 .text.HAL_TIMEx_CommutCallback
                0x0000000008003a3e       0x14 Drivers/STM32F4xx_HAL_Driver/Src/stm32f4xx_hal_tim_ex.o
                0x0000000008003a3e                HAL_TIMEx_CommutCallback
 .text.HAL_TIMEx_BreakCallback
                0x0000000008003a52       0x14 Drivers/STM32F4xx_HAL_Driver/Src/stm32f4xx_hal_tim_ex.o
                0x0000000008003a52                HAL_TIMEx_BreakCallback
 .text.HAL_UART_Init
                0x0000000008003a66       0x9a Drivers/STM32F4xx_HAL_Driver/Src/stm32f4xx_hal_uart.o
                0x0000000008003a66                HAL_UART_Init
 .text.HAL_UART_IRQHandler
                0x0000000008003b00      0x1f8 Drivers/STM32F4xx_HAL_Driver/Src/stm32f4xx_hal_uart.o
                0x0000000008003b00                HAL_UART_IRQHandler
 .text.HAL_UART_TxCpltCallback
                0x0000000008003cf8       0x14 Drivers/STM32F4xx_HAL_Driver/Src/stm32f4xx_hal_uart.o
                0x0000000008003cf8                HAL_UART_TxCpltCallback
 .text.HAL_UART_RxCpltCallback
                0x0000000008003d0c       0x14 Drivers/STM32F4xx_HAL_Driver/Src/stm32f4xx_hal_uart.o
                0x0000000008003d0c                HAL_UART_RxCpltCallback
 .text.HAL_UART_ErrorCallback
                0x0000000008003d20       0x14 Drivers/STM32F4xx_HAL_Driver/Src/stm32f4xx_hal_uart.o
                0x0000000008003d20                HAL_UART_ErrorCallback
 .text.UART_EndRxTransfer
                0x0000000008003d34       0x3c Drivers/STM32F4xx_HAL_Driver/Src/stm32f4xx_hal_uart.o
 .text.UART_DMAAbortOnError
                0x0000000008003d70       0x28 Drivers/STM32F4xx_HAL_Driver/Src/stm32f4xx_hal_uart.o
 .text.UART_Transmit_IT
                0x0000000008003d98       0xac Drivers/STM32F4xx_HAL_Driver/Src/stm32f4xx_hal_uart.o
 .text.UART_EndTransmit_IT
                0x0000000008003e44       0x30 Drivers/STM32F4xx_HAL_Driver/Src/stm32f4xx_hal_uart.o
 .text.UART_Receive_IT
                0x0000000008003e74      0x102 Drivers/STM32F4xx_HAL_Driver/Src/stm32f4xx_hal_uart.o
 *fill*         0x0000000008003f76        0x2 
 .text.UART_SetConfig
                0x0000000008003f78      0x414 Drivers/STM32F4xx_HAL_Driver/Src/stm32f4xx_hal_uart.o
 .text.FSMC_NORSRAM_Init
                0x000000000800438c       0xa4 Drivers/STM32F4xx_HAL_Driver/Src/stm32f4xx_ll_fsmc.o
                0x000000000800438c                FSMC_NORSRAM_Init
 .text.FSMC_NORSRAM_Timing_Init
                0x0000000008004430       0x7a Drivers/STM32F4xx_HAL_Driver/Src/stm32f4xx_ll_fsmc.o
                0x0000000008004430                FSMC_NORSRAM_Timing_Init
 *fill*         0x00000000080044aa        0x2 
 .text.FSMC_NORSRAM_Extended_Timing_Init
                0x00000000080044ac       0x80 Drivers/STM32F4xx_HAL_Driver/Src/stm32f4xx_ll_fsmc.o
                0x00000000080044ac                FSMC_NORSRAM_Extended_Timing_Init
 .text.SDIO_Init
                0x000000000800452c       0x56 Drivers/STM32F4xx_HAL_Driver/Src/stm32f4xx_ll_sdmmc.o
                0x000000000800452c                SDIO_Init
 .text.SDIO_ReadFIFO
                0x0000000008004582       0x1a Drivers/STM32F4xx_HAL_Driver/Src/stm32f4xx_ll_sdmmc.o
                0x0000000008004582                SDIO_ReadFIFO
 .text.SDIO_WriteFIFO
                0x000000000800459c       0x22 Drivers/STM32F4xx_HAL_Driver/Src/stm32f4xx_ll_sdmmc.o
                0x000000000800459c                SDIO_WriteFIFO
 .text.SDIO_PowerState_ON
                0x00000000080045be       0x1c Drivers/STM32F4xx_HAL_Driver/Src/stm32f4xx_ll_sdmmc.o
                0x00000000080045be                SDIO_PowerState_ON
 .text.SDIO_GetPowerState
                0x00000000080045da       0x1c Drivers/STM32F4xx_HAL_Driver/Src/stm32f4xx_ll_sdmmc.o
                0x00000000080045da                SDIO_GetPowerState
 .text.SDIO_SendCommand
                0x00000000080045f6       0x54 Drivers/STM32F4xx_HAL_Driver/Src/stm32f4xx_ll_sdmmc.o
                0x00000000080045f6                SDIO_SendCommand
 .text.SDIO_GetCommandResponse
                0x000000000800464a       0x1a Drivers/STM32F4xx_HAL_Driver/Src/stm32f4xx_ll_sdmmc.o
                0x000000000800464a                SDIO_GetCommandResponse
 .text.SDIO_GetResponse
                0x0000000008004664       0x2a Drivers/STM32F4xx_HAL_Driver/Src/stm32f4xx_ll_sdmmc.o
                0x0000000008004664                SDIO_GetResponse
 .text.SDIO_ConfigData
                0x000000000800468e       0x58 Drivers/STM32F4xx_HAL_Driver/Src/stm32f4xx_ll_sdmmc.o
                0x000000000800468e                SDIO_ConfigData
 .text.SDMMC_CmdBlockLength
                0x00000000080046e6       0x48 Drivers/STM32F4xx_HAL_Driver/Src/stm32f4xx_ll_sdmmc.o
                0x00000000080046e6                SDMMC_CmdBlockLength
 .text.SDMMC_CmdReadSingleBlock
                0x000000000800472e       0x48 Drivers/STM32F4xx_HAL_Driver/Src/stm32f4xx_ll_sdmmc.o
                0x000000000800472e                SDMMC_CmdReadSingleBlock
 .text.SDMMC_CmdReadMultiBlock
                0x0000000008004776       0x48 Drivers/STM32F4xx_HAL_Driver/Src/stm32f4xx_ll_sdmmc.o
                0x0000000008004776                SDMMC_CmdReadMultiBlock
 .text.SDMMC_CmdWriteSingleBlock
                0x00000000080047be       0x48 Drivers/STM32F4xx_HAL_Driver/Src/stm32f4xx_ll_sdmmc.o
                0x00000000080047be                SDMMC_CmdWriteSingleBlock
 .text.SDMMC_CmdWriteMultiBlock
                0x0000000008004806       0x48 Drivers/STM32F4xx_HAL_Driver/Src/stm32f4xx_ll_sdmmc.o
                0x0000000008004806                SDMMC_CmdWriteMultiBlock
 *fill*         0x000000000800484e        0x2 
 .text.SDMMC_CmdStopTransfer
                0x0000000008004850       0x48 Drivers/STM32F4xx_HAL_Driver/Src/stm32f4xx_ll_sdmmc.o
                0x0000000008004850                SDMMC_CmdStopTransfer
 .text.SDMMC_CmdSelDesel
                0x0000000008004898       0x4a Drivers/STM32F4xx_HAL_Driver/Src/stm32f4xx_ll_sdmmc.o
                0x0000000008004898                SDMMC_CmdSelDesel
 .text.SDMMC_CmdGoIdleState
                0x00000000080048e2       0x40 Drivers/STM32F4xx_HAL_Driver/Src/stm32f4xx_ll_sdmmc.o
                0x00000000080048e2                SDMMC_CmdGoIdleState
 .text.SDMMC_CmdOperCond
                0x0000000008004922       0x42 Drivers/STM32F4xx_HAL_Driver/Src/stm32f4xx_ll_sdmmc.o
                0x0000000008004922                SDMMC_CmdOperCond
 .text.SDMMC_CmdAppCommand
                0x0000000008004964       0x48 Drivers/STM32F4xx_HAL_Driver/Src/stm32f4xx_ll_sdmmc.o
                0x0000000008004964                SDMMC_CmdAppCommand
 .text.SDMMC_CmdAppOperCommand
                0x00000000080049ac       0x4a Drivers/STM32F4xx_HAL_Driver/Src/stm32f4xx_ll_sdmmc.o
                0x00000000080049ac                SDMMC_CmdAppOperCommand
 .text.SDMMC_CmdBusWidth
                0x00000000080049f6       0x48 Drivers/STM32F4xx_HAL_Driver/Src/stm32f4xx_ll_sdmmc.o
                0x00000000080049f6                SDMMC_CmdBusWidth
 .text.SDMMC_CmdSendSCR
                0x0000000008004a3e       0x46 Drivers/STM32F4xx_HAL_Driver/Src/stm32f4xx_ll_sdmmc.o
                0x0000000008004a3e                SDMMC_CmdSendSCR
 .text.SDMMC_CmdSendCID
                0x0000000008004a84       0x40 Drivers/STM32F4xx_HAL_Driver/Src/stm32f4xx_ll_sdmmc.o
                0x0000000008004a84                SDMMC_CmdSendCID
 .text.SDMMC_CmdSendCSD
                0x0000000008004ac4       0x42 Drivers/STM32F4xx_HAL_Driver/Src/stm32f4xx_ll_sdmmc.o
                0x0000000008004ac4                SDMMC_CmdSendCSD
 .text.SDMMC_CmdSetRelAdd
                0x0000000008004b06       0x46 Drivers/STM32F4xx_HAL_Driver/Src/stm32f4xx_ll_sdmmc.o
                0x0000000008004b06                SDMMC_CmdSetRelAdd
 .text.SDMMC_CmdSendStatus
                0x0000000008004b4c       0x48 Drivers/STM32F4xx_HAL_Driver/Src/stm32f4xx_ll_sdmmc.o
                0x0000000008004b4c                SDMMC_CmdSendStatus
 .text.SDMMC_GetCmdError
                0x0000000008004b94       0x54 Drivers/STM32F4xx_HAL_Driver/Src/stm32f4xx_ll_sdmmc.o
 .text.SDMMC_GetCmdResp1
                0x0000000008004be8      0x1cc Drivers/STM32F4xx_HAL_Driver/Src/stm32f4xx_ll_sdmmc.o
 .text.SDMMC_GetCmdResp2
                0x0000000008004db4       0x80 Drivers/STM32F4xx_HAL_Driver/Src/stm32f4xx_ll_sdmmc.o
 .text.SDMMC_GetCmdResp3
                0x0000000008004e34       0x68 Drivers/STM32F4xx_HAL_Driver/Src/stm32f4xx_ll_sdmmc.o
 .text.SDMMC_GetCmdResp6
                0x0000000008004e9c       0xdc Drivers/STM32F4xx_HAL_Driver/Src/stm32f4xx_ll_sdmmc.o
 .text.SDMMC_GetCmdResp7
                0x0000000008004f78       0x74 Drivers/STM32F4xx_HAL_Driver/Src/stm32f4xx_ll_sdmmc.o
 .text.FATFS_LinkDriverEx
                0x0000000008004fec       0x98 Middlewares/Third_Party/FatFs/src/ff_gen_drv.o
                0x0000000008004fec                FATFS_LinkDriverEx
 .text.FATFS_LinkDriver
                0x0000000008005084       0x1e Middlewares/Third_Party/FatFs/src/ff_gen_drv.o
                0x0000000008005084                FATFS_LinkDriver
 *fill*         0x00000000080050a2        0x2 
 .text.BSP_SD_Init
                0x00000000080050a4       0x4c Src/bsp_driver_sd.o
                0x00000000080050a4                BSP_SD_Init
 .text.BSP_SD_ReadBlocks
                0x00000000080050f0       0x3c Src/bsp_driver_sd.o
                0x00000000080050f0                BSP_SD_ReadBlocks
 .text.BSP_SD_WriteBlocks
                0x000000000800512c       0x3c Src/bsp_driver_sd.o
                0x000000000800512c                BSP_SD_WriteBlocks
 .text.BSP_SD_GetCardState
                0x0000000008005168       0x20 Src/bsp_driver_sd.o
                0x0000000008005168                BSP_SD_GetCardState
 .text.BSP_SD_GetCardInfo
                0x0000000008005188       0x1c Src/bsp_driver_sd.o
                0x0000000008005188                BSP_SD_GetCardInfo
 .text.HAL_SD_AbortCallback
                0x00000000080051a4       0x14 Src/bsp_driver_sd.o
                0x00000000080051a4                HAL_SD_AbortCallback
 .text.HAL_SD_TxCpltCallback
                0x00000000080051b8       0x14 Src/bsp_driver_sd.o
                0x00000000080051b8                HAL_SD_TxCpltCallback
 .text.HAL_SD_RxCpltCallback
                0x00000000080051cc       0x14 Src/bsp_driver_sd.o
                0x00000000080051cc                HAL_SD_RxCpltCallback
 .text.BSP_SD_AbortCallback
                0x00000000080051e0        0xe Src/bsp_driver_sd.o
                0x00000000080051e0                BSP_SD_AbortCallback
 .text.BSP_SD_WriteCpltCallback
                0x00000000080051ee        0xe Src/bsp_driver_sd.o
                0x00000000080051ee                BSP_SD_WriteCpltCallback
 .text.BSP_SD_ReadCpltCallback
                0x00000000080051fc        0xe Src/bsp_driver_sd.o
                0x00000000080051fc                BSP_SD_ReadCpltCallback
 .text.BSP_SD_IsDetected
                0x000000000800520a       0x24 Src/bsp_driver_sd.o
                0x000000000800520a                BSP_SD_IsDetected
 *fill*         0x000000000800522e        0x2 
 .text.MX_FATFS_Init
                0x0000000008005230       0x24 Src/fatfs.o
                0x0000000008005230                MX_FATFS_Init
 .text.BSP_PlatformIsDetected
                0x0000000008005254       0x2c Src/fatfs_platform.o
                0x0000000008005254                BSP_PlatformIsDetected
 .text.MX_FSMC_Init
                0x0000000008005280       0xc0 Src/fsmc.o
                0x0000000008005280                MX_FSMC_Init
 .text.HAL_FSMC_MspInit
                0x0000000008005340       0x98 Src/fsmc.o
 .text.HAL_SRAM_MspInit
                0x00000000080053d8       0x14 Src/fsmc.o
                0x00000000080053d8                HAL_SRAM_MspInit
 .text.MX_GPIO_Init
                0x00000000080053ec      0x1d8 Src/gpio.o
                0x00000000080053ec                MX_GPIO_Init
 .text.SystemStartup
                0x00000000080055c4       0x20 Src/hw_config.o
                0x00000000080055c4                SystemStartup
 .text.LCD_WR_REG
                0x00000000080055e4       0x20 Src/lcd.o
                0x00000000080055e4                LCD_WR_REG
 .text.LCD_WR_DATA
                0x0000000008005604       0x20 Src/lcd.o
                0x0000000008005604                LCD_WR_DATA
 .text.LCD_RD_DATA
                0x0000000008005624       0x20 Src/lcd.o
                0x0000000008005624                LCD_RD_DATA
 .text.LCD_WriteReg
                0x0000000008005644       0x2c Src/lcd.o
                0x0000000008005644                LCD_WriteReg
 .text.LCD_ReadReg
                0x0000000008005670       0x2e Src/lcd.o
                0x0000000008005670                LCD_ReadReg
 *fill*         0x000000000800569e        0x2 
 .text.LCD_WriteRAM_Prepare
                0x00000000080056a0       0x20 Src/lcd.o
                0x00000000080056a0                LCD_WriteRAM_Prepare
 .text.LCD_SetCursor
                0x00000000080056c0      0x184 Src/lcd.o
                0x00000000080056c0                LCD_SetCursor
 .text.LCD_Scan_Dir
                0x0000000008005844      0x3f0 Src/lcd.o
                0x0000000008005844                LCD_Scan_Dir
 .text.LCD_Fast_DrawPoint
                0x0000000008005c34      0x198 Src/lcd.o
                0x0000000008005c34                LCD_Fast_DrawPoint
 .text.LCD_Display_Dir
                0x0000000008005dcc      0x1b8 Src/lcd.o
                0x0000000008005dcc                LCD_Display_Dir
 .text.LCD_Init
                0x0000000008005f84     0x3750 Src/lcd.o
                0x0000000008005f84                LCD_Init
 .text.LCD_Clear
                0x00000000080096d4       0x9c Src/lcd.o
                0x00000000080096d4                LCD_Clear
 .text.LCD_DrawLine
                0x0000000008009770      0x108 Src/lcd.o
                0x0000000008009770                LCD_DrawLine
 .text.LCD_VLine
                0x0000000008009878       0x3e Src/lcd.o
                0x0000000008009878                LCD_VLine
 *fill*         0x00000000080098b6        0x2 
 .text.LCD_PutChar
                0x00000000080098b8       0xd0 Src/lcd.o
                0x00000000080098b8                LCD_PutChar
 .text.GUI_Line
                0x0000000008009988      0x2de Src/lcd_api.o
                0x0000000008009988                GUI_Line
 .text.GUI_Rectangle
                0x0000000008009c66       0x94 Src/lcd_api.o
                0x0000000008009c66                GUI_Rectangle
 *fill*         0x0000000008009cfa        0x2 
 .text.main     0x0000000008009cfc       0x58 Src/main.o
                0x0000000008009cfc                main
 .text.SystemClock_Config
                0x0000000008009d54      0x104 Src/main.o
                0x0000000008009d54                SystemClock_Config
 .text.Error_Handler
                0x0000000008009e58        0xe Src/main.o
                0x0000000008009e58                Error_Handler
 *fill*         0x0000000008009e66        0x2 
 .text.MX_RTC_Init
                0x0000000008009e68       0xb4 Src/rtc.o
                0x0000000008009e68                MX_RTC_Init
 .text.HAL_RTC_MspInit
                0x0000000008009f1c       0x2c Src/rtc.o
                0x0000000008009f1c                HAL_RTC_MspInit
 .text.scr_setTextWindow
                0x0000000008009f48       0x94 Src/scr_io.o
                0x0000000008009f48                scr_setTextWindow
 .text.scr_setScrollOn
                0x0000000008009fdc       0x20 Src/scr_io.o
                0x0000000008009fdc                scr_setScrollOn
 .text.scr_gotoxy
                0x0000000008009ffc       0x30 Src/scr_io.o
                0x0000000008009ffc                scr_gotoxy
 .text.scr_fontColor
                0x000000000800a02c       0x48 Src/scr_io.o
                0x000000000800a02c                scr_fontColor
 .text.scr_putc
                0x000000000800a074      0x14c Src/scr_io.o
                0x000000000800a074                scr_putc
 .text.scr_puts
                0x000000000800a1c0       0x28 Src/scr_io.o
                0x000000000800a1c0                scr_puts
 .text.win_showWindow
                0x000000000800a1e8      0x114 Src/scr_io.o
 .text.win_showMsgWin
                0x000000000800a2fc       0x38 Src/scr_io.o
                0x000000000800a2fc                win_showMsgWin
 .text.SD_CheckStatus
                0x000000000800a334       0x3c Src/sd_diskio.o
 .text.SD_initialize
                0x000000000800a370       0x3c Src/sd_diskio.o
                0x000000000800a370                SD_initialize
 .text.SD_status
                0x000000000800a3ac       0x1c Src/sd_diskio.o
                0x000000000800a3ac                SD_status
 .text.SD_read  0x000000000800a3c8       0x42 Src/sd_diskio.o
                0x000000000800a3c8                SD_read
 .text.SD_write
                0x000000000800a40a       0x42 Src/sd_diskio.o
                0x000000000800a40a                SD_write
 .text.SD_ioctl
                0x000000000800a44c       0xb0 Src/sd_diskio.o
                0x000000000800a44c                SD_ioctl
 .text.MX_SDIO_SD_Init
                0x000000000800a4fc       0x40 Src/sdio.o
                0x000000000800a4fc                MX_SDIO_SD_Init
 .text.HAL_SD_MspInit
                0x000000000800a53c       0xe0 Src/sdio.o
                0x000000000800a53c                HAL_SD_MspInit
 .text.HAL_MspInit
                0x000000000800a61c       0x5c Src/stm32f4xx_hal_msp.o
                0x000000000800a61c                HAL_MspInit
 .text.NMI_Handler
                0x000000000800a678        0xe Src/stm32f4xx_it.o
                0x000000000800a678                NMI_Handler
 .text.HardFault_Handler
                0x000000000800a686        0x6 Src/stm32f4xx_it.o
                0x000000000800a686                HardFault_Handler
 .text.MemManage_Handler
                0x000000000800a68c        0x6 Src/stm32f4xx_it.o
                0x000000000800a68c                MemManage_Handler
 .text.BusFault_Handler
                0x000000000800a692        0x6 Src/stm32f4xx_it.o
                0x000000000800a692                BusFault_Handler
 .text.UsageFault_Handler
                0x000000000800a698        0x6 Src/stm32f4xx_it.o
                0x000000000800a698                UsageFault_Handler
 .text.SVC_Handler
                0x000000000800a69e        0xe Src/stm32f4xx_it.o
                0x000000000800a69e                SVC_Handler
 .text.DebugMon_Handler
                0x000000000800a6ac        0xe Src/stm32f4xx_it.o
                0x000000000800a6ac                DebugMon_Handler
 .text.PendSV_Handler
                0x000000000800a6ba        0xe Src/stm32f4xx_it.o
                0x000000000800a6ba                PendSV_Handler
 .text.SysTick_Handler
                0x000000000800a6c8        0xc Src/stm32f4xx_it.o
                0x000000000800a6c8                SysTick_Handler
 .text.RCC_IRQHandler
                0x000000000800a6d4        0xe Src/stm32f4xx_it.o
                0x000000000800a6d4                RCC_IRQHandler
 *fill*         0x000000000800a6e2        0x2 
 .text.TIM2_IRQHandler
                0x000000000800a6e4       0x14 Src/stm32f4xx_it.o
                0x000000000800a6e4                TIM2_IRQHandler
 .text.TIM3_IRQHandler
                0x000000000800a6f8       0x14 Src/stm32f4xx_it.o
                0x000000000800a6f8                TIM3_IRQHandler
 .text.TIM4_IRQHandler
                0x000000000800a70c       0x14 Src/stm32f4xx_it.o
                0x000000000800a70c                TIM4_IRQHandler
 .text.USART1_IRQHandler
                0x000000000800a720       0x14 Src/stm32f4xx_it.o
                0x000000000800a720                USART1_IRQHandler
 .text.SDIO_IRQHandler
                0x000000000800a734       0x14 Src/stm32f4xx_it.o
                0x000000000800a734                SDIO_IRQHandler
 .text.TIM5_IRQHandler
                0x000000000800a748       0x14 Src/stm32f4xx_it.o
                0x000000000800a748                TIM5_IRQHandler
 .text.SystemInit
                0x000000000800a75c       0x6c Src/system_stm32f4xx.o
                0x000000000800a75c                SystemInit
 .text.MX_TIM2_Init
                0x000000000800a7c8       0x98 Src/tim.o
                0x000000000800a7c8                MX_TIM2_Init
 .text.MX_TIM3_Init
                0x000000000800a860       0x9c Src/tim.o
                0x000000000800a860                MX_TIM3_Init
 .text.MX_TIM4_Init
                0x000000000800a8fc       0x9c Src/tim.o
                0x000000000800a8fc                MX_TIM4_Init
 .text.MX_TIM5_Init
                0x000000000800a998       0x9c Src/tim.o
                0x000000000800a998                MX_TIM5_Init
 .text.HAL_TIM_Base_MspInit
                0x000000000800aa34      0x100 Src/tim.o
                0x000000000800aa34                HAL_TIM_Base_MspInit
 .text.MX_USART1_UART_Init
                0x000000000800ab34       0x54 Src/usart.o
                0x000000000800ab34                MX_USART1_UART_Init
 .text.HAL_UART_MspInit
                0x000000000800ab88       0xa0 Src/usart.o
                0x000000000800ab88                HAL_UART_MspInit
 .text.Reset_Handler
                0x000000000800ac28       0x50 Startup/startup_stm32f407vetx.o
                0x000000000800ac28                Reset_Handler
 .text.Default_Handler
                0x000000000800ac78        0x2 Startup/startup_stm32f407vetx.o
                0x000000000800ac78                RTC_Alarm_IRQHandler
                0x000000000800ac78                HASH_RNG_IRQHandler
                0x000000000800ac78                EXTI2_IRQHandler
                0x000000000800ac78                TIM8_CC_IRQHandler
                0x000000000800ac78                TIM1_CC_IRQHandler
                0x000000000800ac78                DMA2_Stream5_IRQHandler
                0x000000000800ac78                DMA1_Stream5_IRQHandler
                0x000000000800ac78                PVD_IRQHandler
                0x000000000800ac78                TAMP_STAMP_IRQHandler
                0x000000000800ac78                CAN2_RX1_IRQHandler
                0x000000000800ac78                EXTI3_IRQHandler
                0x000000000800ac78                TIM8_TRG_COM_TIM14_IRQHandler
                0x000000000800ac78                TIM1_UP_TIM10_IRQHandler
                0x000000000800ac78                TIM8_UP_TIM13_IRQHandler
                0x000000000800ac78                I2C3_ER_IRQHandler
                0x000000000800ac78                EXTI0_IRQHandler
                0x000000000800ac78                I2C2_EV_IRQHandler
                0x000000000800ac78                DMA1_Stream2_IRQHandler
                0x000000000800ac78                CAN1_RX0_IRQHandler
                0x000000000800ac78                FPU_IRQHandler
                0x000000000800ac78                OTG_HS_WKUP_IRQHandler
                0x000000000800ac78                CAN2_SCE_IRQHandler
                0x000000000800ac78                DMA2_Stream2_IRQHandler
                0x000000000800ac78                SPI1_IRQHandler
                0x000000000800ac78                TIM6_DAC_IRQHandler
                0x000000000800ac78                TIM1_BRK_TIM9_IRQHandler
                0x000000000800ac78                DCMI_IRQHandler
                0x000000000800ac78                CAN2_RX0_IRQHandler
                0x000000000800ac78                DMA2_Stream3_IRQHandler
                0x000000000800ac78                USART6_IRQHandler
                0x000000000800ac78                USART3_IRQHandler
                0x000000000800ac78                CAN1_RX1_IRQHandler
                0x000000000800ac78                UART5_IRQHandler
                0x000000000800ac78                DMA2_Stream0_IRQHandler
                0x000000000800ac78                I2C1_EV_IRQHandler
                0x000000000800ac78                DMA1_Stream6_IRQHandler
                0x000000000800ac78                DMA1_Stream1_IRQHandler
                0x000000000800ac78                UART4_IRQHandler
                0x000000000800ac78                TIM8_BRK_TIM12_IRQHandler
                0x000000000800ac78                Default_Handler
                0x000000000800ac78                EXTI15_10_IRQHandler
                0x000000000800ac78                ADC_IRQHandler
                0x000000000800ac78                DMA1_Stream7_IRQHandler
                0x000000000800ac78                TIM7_IRQHandler
                0x000000000800ac78                CAN2_TX_IRQHandler
                0x000000000800ac78                DMA2_Stream7_IRQHandler
                0x000000000800ac78                I2C3_EV_IRQHandler
                0x000000000800ac78                EXTI9_5_IRQHandler
                0x000000000800ac78                RTC_WKUP_IRQHandler
                0x000000000800ac78                ETH_WKUP_IRQHandler
                0x000000000800ac78                SPI2_IRQHandler
                0x000000000800ac78                OTG_HS_EP1_IN_IRQHandler
                0x000000000800ac78                DMA1_Stream0_IRQHandler
                0x000000000800ac78                CAN1_TX_IRQHandler
                0x000000000800ac78                EXTI4_IRQHandler
                0x000000000800ac78                FSMC_IRQHandler
                0x000000000800ac78                ETH_IRQHandler
                0x000000000800ac78                OTG_HS_EP1_OUT_IRQHandler
                0x000000000800ac78                WWDG_IRQHandler
                0x000000000800ac78                OTG_FS_WKUP_IRQHandler
                0x000000000800ac78                TIM1_TRG_COM_TIM11_IRQHandler
                0x000000000800ac78                OTG_HS_IRQHandler
                0x000000000800ac78                EXTI1_IRQHandler
                0x000000000800ac78                USART2_IRQHandler
                0x000000000800ac78                I2C2_ER_IRQHandler
                0x000000000800ac78                DMA2_Stream1_IRQHandler
                0x000000000800ac78                CAN1_SCE_IRQHandler
                0x000000000800ac78                FLASH_IRQHandler
                0x000000000800ac78                DMA2_Stream4_IRQHandler
                0x000000000800ac78                OTG_FS_IRQHandler
                0x000000000800ac78                SPI3_IRQHandler
                0x000000000800ac78                DMA1_Stream4_IRQHandler
                0x000000000800ac78                I2C1_ER_IRQHandler
                0x000000000800ac78                DMA2_Stream6_IRQHandler
                0x000000000800ac78                DMA1_Stream3_IRQHandler
 *fill*         0x000000000800ac7a        0x2 
 .text.__libc_init_array
                0x000000000800ac7c       0x48 c:/st/stm32cubeide_1.0.1/stm32cubeide/plugins/com.st.stm32cube.ide.mcu.externaltools.gnu-tools-for-stm32.7-2018-q2-update.win32_1.0.0.201904181610/tools/bin/../lib/gcc/arm-none-eabi/7.3.1/../../../../arm-none-eabi/lib/thumb/v7e-m/fpv4-sp/hard\libc_nano.a(lib_a-init.o)
                0x000000000800ac7c                __libc_init_array
 .text.memset   0x000000000800acc4       0x10 c:/st/stm32cubeide_1.0.1/stm32cubeide/plugins/com.st.stm32cube.ide.mcu.externaltools.gnu-tools-for-stm32.7-2018-q2-update.win32_1.0.0.201904181610/tools/bin/../lib/gcc/arm-none-eabi/7.3.1/../../../../arm-none-eabi/lib/thumb/v7e-m/fpv4-sp/hard\libc_nano.a(lib_a-memset.o)
                0x000000000800acc4                memset
 *(.glue_7)
 .glue_7        0x000000000800acd4        0x0 linker stubs
 *(.glue_7t)
 .glue_7t       0x000000000800acd4        0x0 linker stubs
 *(.eh_frame)
 .eh_frame      0x000000000800acd4        0x0 c:/st/stm32cubeide_1.0.1/stm32cubeide/plugins/com.st.stm32cube.ide.mcu.externaltools.gnu-tools-for-stm32.7-2018-q2-update.win32_1.0.0.201904181610/tools/bin/../lib/gcc/arm-none-eabi/7.3.1/thumb/v7e-m/fpv4-sp/hard/crtbegin.o
 *(.init)
 .init          0x000000000800acd4        0x4 c:/st/stm32cubeide_1.0.1/stm32cubeide/plugins/com.st.stm32cube.ide.mcu.externaltools.gnu-tools-for-stm32.7-2018-q2-update.win32_1.0.0.201904181610/tools/bin/../lib/gcc/arm-none-eabi/7.3.1/thumb/v7e-m/fpv4-sp/hard/crti.o
                0x000000000800acd4                _init
 .init          0x000000000800acd8        0x8 c:/st/stm32cubeide_1.0.1/stm32cubeide/plugins/com.st.stm32cube.ide.mcu.externaltools.gnu-tools-for-stm32.7-2018-q2-update.win32_1.0.0.201904181610/tools/bin/../lib/gcc/arm-none-eabi/7.3.1/thumb/v7e-m/fpv4-sp/hard/crtn.o
 *(.fini)
 .fini          0x000000000800ace0        0x4 c:/st/stm32cubeide_1.0.1/stm32cubeide/plugins/com.st.stm32cube.ide.mcu.externaltools.gnu-tools-for-stm32.7-2018-q2-update.win32_1.0.0.201904181610/tools/bin/../lib/gcc/arm-none-eabi/7.3.1/thumb/v7e-m/fpv4-sp/hard/crti.o
                0x000000000800ace0                _fini
 .fini          0x000000000800ace4        0x8 c:/st/stm32cubeide_1.0.1/stm32cubeide/plugins/com.st.stm32cube.ide.mcu.externaltools.gnu-tools-for-stm32.7-2018-q2-update.win32_1.0.0.201904181610/tools/bin/../lib/gcc/arm-none-eabi/7.3.1/thumb/v7e-m/fpv4-sp/hard/crtn.o
                0x000000000800acec                . = ALIGN (0x4)
                0x000000000800acec                _etext = .

.vfp11_veneer   0x000000000800acec        0x0
 .vfp11_veneer  0x000000000800acec        0x0 linker stubs

.v4_bx          0x000000000800acec        0x0
 .v4_bx         0x000000000800acec        0x0 linker stubs

.iplt           0x000000000800acec        0x0
 .iplt          0x000000000800acec        0x0 c:/st/stm32cubeide_1.0.1/stm32cubeide/plugins/com.st.stm32cube.ide.mcu.externaltools.gnu-tools-for-stm32.7-2018-q2-update.win32_1.0.0.201904181610/tools/bin/../lib/gcc/arm-none-eabi/7.3.1/thumb/v7e-m/fpv4-sp/hard/crtbegin.o

.rodata         0x000000000800acec      0x63c
                0x000000000800acec                . = ALIGN (0x4)
 *(.rodata)
 .rodata        0x000000000800acec       0x1f Src/hw_config.o
 *(.rodata*)
 *fill*         0x000000000800ad0b        0x1 
 .rodata.asc2_1608
                0x000000000800ad0c      0x5f0 Src/lcd.o
                0x000000000800ad0c                asc2_1608
 .rodata.SD_Driver
                0x000000000800b2fc       0x14 Src/sd_diskio.o
                0x000000000800b2fc                SD_Driver
 .rodata.AHBPrescTable
                0x000000000800b310       0x10 Src/system_stm32f4xx.o
                0x000000000800b310                AHBPrescTable
 .rodata.APBPrescTable
                0x000000000800b320        0x8 Src/system_stm32f4xx.o
                0x000000000800b320                APBPrescTable
                0x000000000800b328                . = ALIGN (0x4)

.ARM.extab      0x000000000800b328        0x0
                0x000000000800b328                . = ALIGN (0x4)
 *(.ARM.extab* .gnu.linkonce.armextab.*)
                0x000000000800b328                . = ALIGN (0x4)

.ARM            0x000000000800b328        0x8
                0x000000000800b328                . = ALIGN (0x4)
                0x000000000800b328                __exidx_start = .
 *(.ARM.exidx*)
 .ARM.exidx     0x000000000800b328        0x8 c:/st/stm32cubeide_1.0.1/stm32cubeide/plugins/com.st.stm32cube.ide.mcu.externaltools.gnu-tools-for-stm32.7-2018-q2-update.win32_1.0.0.201904181610/tools/bin/../lib/gcc/arm-none-eabi/7.3.1/thumb/v7e-m/fpv4-sp/hard\libgcc.a(_udivmoddi4.o)
                0x000000000800b330                __exidx_end = .
                0x000000000800b330                . = ALIGN (0x4)

.rel.dyn        0x000000000800b330        0x0
 .rel.iplt      0x000000000800b330        0x0 c:/st/stm32cubeide_1.0.1/stm32cubeide/plugins/com.st.stm32cube.ide.mcu.externaltools.gnu-tools-for-stm32.7-2018-q2-update.win32_1.0.0.201904181610/tools/bin/../lib/gcc/arm-none-eabi/7.3.1/thumb/v7e-m/fpv4-sp/hard/crtbegin.o

.preinit_array  0x000000000800b330        0x0
                0x000000000800b330                . = ALIGN (0x4)
                0x000000000800b330                PROVIDE (__preinit_array_start = .)
 *(.preinit_array*)
                0x000000000800b330                PROVIDE (__preinit_array_end = .)
                0x000000000800b330                . = ALIGN (0x4)

.init_array     0x000000000800b330        0x4
                0x000000000800b330                . = ALIGN (0x4)
                0x000000000800b330                PROVIDE (__init_array_start = .)
 *(SORT_BY_NAME(.init_array.*))
 *(.init_array*)
 .init_array    0x000000000800b330        0x4 c:/st/stm32cubeide_1.0.1/stm32cubeide/plugins/com.st.stm32cube.ide.mcu.externaltools.gnu-tools-for-stm32.7-2018-q2-update.win32_1.0.0.201904181610/tools/bin/../lib/gcc/arm-none-eabi/7.3.1/thumb/v7e-m/fpv4-sp/hard/crtbegin.o
                0x000000000800b334                PROVIDE (__init_array_end = .)
                0x000000000800b334                . = ALIGN (0x4)

.fini_array     0x000000000800b334        0x4
                0x000000000800b334                . = ALIGN (0x4)
                [!provide]                        PROVIDE (__fini_array_start = .)
 *(SORT_BY_NAME(.fini_array.*))
 *(.fini_array*)
 .fini_array    0x000000000800b334        0x4 c:/st/stm32cubeide_1.0.1/stm32cubeide/plugins/com.st.stm32cube.ide.mcu.externaltools.gnu-tools-for-stm32.7-2018-q2-update.win32_1.0.0.201904181610/tools/bin/../lib/gcc/arm-none-eabi/7.3.1/thumb/v7e-m/fpv4-sp/hard/crtbegin.o
                [!provide]                        PROVIDE (__fini_array_end = .)
                0x000000000800b338                . = ALIGN (0x4)
                0x000000000800b338                _sidata = LOADADDR (.data)

.data           0x0000000020000000       0x14 load address 0x000000000800b338
                0x0000000020000000                . = ALIGN (0x4)
                0x0000000020000000                _sdata = .
 *(.data)
 *(.data*)
 .data.uwTickPrio
                0x0000000020000000        0x4 Drivers/STM32F4xx_HAL_Driver/Src/stm32f4xx_hal.o
                0x0000000020000000                uwTickPrio
 .data.uwTickFreq
                0x0000000020000004        0x1 Drivers/STM32F4xx_HAL_Driver/Src/stm32f4xx_hal.o
                0x0000000020000004                uwTickFreq
 *fill*         0x0000000020000005        0x1 
 .data.fontColor
                0x0000000020000006        0x2 Src/scr_io.o
 .data.fix_fontColor
                0x0000000020000008        0x2 Src/scr_io.o
 .data.cur_width
                0x000000002000000a        0x1 Src/scr_io.o
 .data.cur_height
                0x000000002000000b        0x1 Src/scr_io.o
 .data.flagScroll
                0x000000002000000c        0x1 Src/scr_io.o
 .data.Stat     0x000000002000000d        0x1 Src/sd_diskio.o
 *fill*         0x000000002000000e        0x2 
 .data.SystemCoreClock
                0x0000000020000010        0x4 Src/system_stm32f4xx.o
                0x0000000020000010                SystemCoreClock
                0x0000000020000014                . = ALIGN (0x4)
                0x0000000020000014                _edata = .

.igot.plt       0x0000000020000014        0x0 load address 0x000000000800b34c
 .igot.plt      0x0000000020000014        0x0 c:/st/stm32cubeide_1.0.1/stm32cubeide/plugins/com.st.stm32cube.ide.mcu.externaltools.gnu-tools-for-stm32.7-2018-q2-update.win32_1.0.0.201904181610/tools/bin/../lib/gcc/arm-none-eabi/7.3.1/thumb/v7e-m/fpv4-sp/hard/crtbegin.o
                0x0000000020000014                . = ALIGN (0x4)

.bss            0x0000000020000014      0x6e8 load address 0x000000000800b34c
                0x0000000020000014                _sbss = .
                0x0000000020000014                __bss_start__ = _sbss
 *(.bss)
 .bss           0x0000000020000014       0x1c c:/st/stm32cubeide_1.0.1/stm32cubeide/plugins/com.st.stm32cube.ide.mcu.externaltools.gnu-tools-for-stm32.7-2018-q2-update.win32_1.0.0.201904181610/tools/bin/../lib/gcc/arm-none-eabi/7.3.1/thumb/v7e-m/fpv4-sp/hard/crtbegin.o
 *(.bss*)
 .bss.disk      0x0000000020000030        0xc Middlewares/Third_Party/FatFs/src/ff_gen_drv.o
                0x0000000020000030                disk
 .bss.FSMC_Initialized
                0x000000002000003c        0x4 Src/fsmc.o
 .bss.fontBkColor
                0x0000000020000040        0x2 Src/scr_io.o
 .bss.fix_fontBkColor
                0x0000000020000042        0x2 Src/scr_io.o
 .bss.cur_col   0x0000000020000044        0x1 Src/scr_io.o
 .bss.cur_row   0x0000000020000045        0x1 Src/scr_io.o
 .bss.cur_x_ofs
                0x0000000020000046        0x2 Src/scr_io.o
 .bss.cur_y_ofs
                0x0000000020000048        0x2 Src/scr_io.o
 *(COMMON)
 *fill*         0x000000002000004a        0x2 
 COMMON         0x000000002000004c        0x4 Drivers/STM32F4xx_HAL_Driver/Src/stm32f4xx_hal.o
                0x000000002000004c                uwTick
 COMMON         0x0000000020000050      0x468 Src/fatfs.o
                0x0000000020000050                retSD
                0x0000000020000054                SDPath
                0x0000000020000058                SDFile
                0x0000000020000288                SDFatFS
 COMMON         0x00000000200004b8       0x50 Src/fsmc.o
                0x00000000200004b8                hsram1
 COMMON         0x0000000020000508        0xe Src/lcd.o
                0x0000000020000508                lcddev
 *fill*         0x0000000020000516        0x2 
 COMMON         0x0000000020000518       0x20 Src/rtc.o
                0x0000000020000518                hrtc
 COMMON         0x0000000020000538       0x84 Src/sdio.o
                0x0000000020000538                hsd
 COMMON         0x00000000200005bc      0x100 Src/tim.o
                0x00000000200005bc                htim4
                0x00000000200005fc                htim5
                0x000000002000063c                htim3
                0x000000002000067c                htim2
 COMMON         0x00000000200006bc       0x40 Src/usart.o
                0x00000000200006bc                huart1
                0x00000000200006fc                . = ALIGN (0x4)
                0x00000000200006fc                _ebss = .
                0x00000000200006fc                __bss_end__ = _ebss

._user_heap_stack
                0x00000000200006fc      0x604 load address 0x000000000800b34c
                0x0000000020000700                . = ALIGN (0x8)
 *fill*         0x00000000200006fc        0x4 
                0x0000000020000700                PROVIDE (end = .)
                [!provide]                        PROVIDE (_end = .)
                0x0000000020000900                . = (. + _Min_Heap_Size)
 *fill*         0x0000000020000700      0x200 
                0x0000000020000d00                . = (. + _Min_Stack_Size)
 *fill*         0x0000000020000900      0x400 
                0x0000000020000d00                . = ALIGN (0x8)

/DISCARD/
 libc.a(*)
 libm.a(*)
 libgcc.a(*)

.ARM.attributes
                0x0000000000000000       0x30
 *(.ARM.attributes)
 .ARM.attributes
                0x0000000000000000       0x22 c:/st/stm32cubeide_1.0.1/stm32cubeide/plugins/com.st.stm32cube.ide.mcu.externaltools.gnu-tools-for-stm32.7-2018-q2-update.win32_1.0.0.201904181610/tools/bin/../lib/gcc/arm-none-eabi/7.3.1/thumb/v7e-m/fpv4-sp/hard/crti.o
 .ARM.attributes
                0x0000000000000022       0x34 c:/st/stm32cubeide_1.0.1/stm32cubeide/plugins/com.st.stm32cube.ide.mcu.externaltools.gnu-tools-for-stm32.7-2018-q2-update.win32_1.0.0.201904181610/tools/bin/../lib/gcc/arm-none-eabi/7.3.1/thumb/v7e-m/fpv4-sp/hard/crtbegin.o
 .ARM.attributes
                0x0000000000000056       0x39 Drivers/STM32F4xx_HAL_Driver/Src/stm32f4xx_hal.o
 .ARM.attributes
                0x000000000000008f       0x39 Drivers/STM32F4xx_HAL_Driver/Src/stm32f4xx_hal_cortex.o
 .ARM.attributes
                0x00000000000000c8       0x39 Drivers/STM32F4xx_HAL_Driver/Src/stm32f4xx_hal_dma.o
 .ARM.attributes
                0x0000000000000101       0x39 Drivers/STM32F4xx_HAL_Driver/Src/stm32f4xx_hal_gpio.o
 .ARM.attributes
                0x000000000000013a       0x39 Drivers/STM32F4xx_HAL_Driver/Src/stm32f4xx_hal_rcc.o
 .ARM.attributes
                0x0000000000000173       0x39 Drivers/STM32F4xx_HAL_Driver/Src/stm32f4xx_hal_rcc_ex.o
 .ARM.attributes
                0x00000000000001ac       0x39 Drivers/STM32F4xx_HAL_Driver/Src/stm32f4xx_hal_rtc.o
 .ARM.attributes
                0x00000000000001e5       0x39 Drivers/STM32F4xx_HAL_Driver/Src/stm32f4xx_hal_sd.o
 .ARM.attributes
                0x000000000000021e       0x39 Drivers/STM32F4xx_HAL_Driver/Src/stm32f4xx_hal_sram.o
 .ARM.attributes
                0x0000000000000257       0x39 Drivers/STM32F4xx_HAL_Driver/Src/stm32f4xx_hal_tim.o
 .ARM.attributes
                0x0000000000000290       0x39 Drivers/STM32F4xx_HAL_Driver/Src/stm32f4xx_hal_tim_ex.o
 .ARM.attributes
                0x00000000000002c9       0x39 Drivers/STM32F4xx_HAL_Driver/Src/stm32f4xx_hal_uart.o
 .ARM.attributes
                0x0000000000000302       0x39 Drivers/STM32F4xx_HAL_Driver/Src/stm32f4xx_ll_fsmc.o
 .ARM.attributes
                0x000000000000033b       0x39 Drivers/STM32F4xx_HAL_Driver/Src/stm32f4xx_ll_sdmmc.o
 .ARM.attributes
                0x0000000000000374       0x39 Middlewares/Third_Party/FatFs/src/ff_gen_drv.o
 .ARM.attributes
                0x00000000000003ad       0x39 Src/bsp_driver_sd.o
 .ARM.attributes
                0x00000000000003e6       0x39 Src/fatfs.o
 .ARM.attributes
                0x000000000000041f       0x39 Src/fatfs_platform.o
 .ARM.attributes
                0x0000000000000458       0x39 Src/fsmc.o
 .ARM.attributes
                0x0000000000000491       0x39 Src/gpio.o
 .ARM.attributes
                0x00000000000004ca       0x39 Src/hw_config.o
 .ARM.attributes
                0x0000000000000503       0x39 Src/lcd.o
 .ARM.attributes
                0x000000000000053c       0x39 Src/lcd_api.o
 .ARM.attributes
                0x0000000000000575       0x39 Src/main.o
 .ARM.attributes
                0x00000000000005ae       0x39 Src/rtc.o
 .ARM.attributes
                0x00000000000005e7       0x39 Src/scr_io.o
 .ARM.attributes
                0x0000000000000620       0x39 Src/sd_diskio.o
 .ARM.attributes
                0x0000000000000659       0x39 Src/sdio.o
 .ARM.attributes
                0x0000000000000692       0x39 Src/stm32f4xx_hal_msp.o
 .ARM.attributes
                0x00000000000006cb       0x39 Src/stm32f4xx_it.o
 .ARM.attributes
                0x0000000000000704       0x39 Src/system_stm32f4xx.o
 .ARM.attributes
                0x000000000000073d       0x39 Src/tim.o
 .ARM.attributes
                0x0000000000000776       0x39 Src/usart.o
 .ARM.attributes
                0x00000000000007af       0x21 Startup/startup_stm32f407vetx.o
 .ARM.attributes
                0x00000000000007d0       0x34 c:/st/stm32cubeide_1.0.1/stm32cubeide/plugins/com.st.stm32cube.ide.mcu.externaltools.gnu-tools-for-stm32.7-2018-q2-update.win32_1.0.0.201904181610/tools/bin/../lib/gcc/arm-none-eabi/7.3.1/../../../../arm-none-eabi/lib/thumb/v7e-m/fpv4-sp/hard\libc_nano.a(lib_a-init.o)
 .ARM.attributes
                0x0000000000000804       0x34 c:/st/stm32cubeide_1.0.1/stm32cubeide/plugins/com.st.stm32cube.ide.mcu.externaltools.gnu-tools-for-stm32.7-2018-q2-update.win32_1.0.0.201904181610/tools/bin/../lib/gcc/arm-none-eabi/7.3.1/../../../../arm-none-eabi/lib/thumb/v7e-m/fpv4-sp/hard\libc_nano.a(lib_a-memset.o)
 .ARM.attributes
                0x0000000000000838       0x22 c:/st/stm32cubeide_1.0.1/stm32cubeide/plugins/com.st.stm32cube.ide.mcu.externaltools.gnu-tools-for-stm32.7-2018-q2-update.win32_1.0.0.201904181610/tools/bin/../lib/gcc/arm-none-eabi/7.3.1/thumb/v7e-m/fpv4-sp/hard\libgcc.a(_aeabi_uldivmod.o)
 .ARM.attributes
                0x000000000000085a       0x34 c:/st/stm32cubeide_1.0.1/stm32cubeide/plugins/com.st.stm32cube.ide.mcu.externaltools.gnu-tools-for-stm32.7-2018-q2-update.win32_1.0.0.201904181610/tools/bin/../lib/gcc/arm-none-eabi/7.3.1/thumb/v7e-m/fpv4-sp/hard\libgcc.a(_udivmoddi4.o)
 .ARM.attributes
                0x000000000000088e       0x22 c:/st/stm32cubeide_1.0.1/stm32cubeide/plugins/com.st.stm32cube.ide.mcu.externaltools.gnu-tools-for-stm32.7-2018-q2-update.win32_1.0.0.201904181610/tools/bin/../lib/gcc/arm-none-eabi/7.3.1/thumb/v7e-m/fpv4-sp/hard\libgcc.a(_dvmd_tls.o)
 .ARM.attributes
                0x00000000000008b0       0x22 c:/st/stm32cubeide_1.0.1/stm32cubeide/plugins/com.st.stm32cube.ide.mcu.externaltools.gnu-tools-for-stm32.7-2018-q2-update.win32_1.0.0.201904181610/tools/bin/../lib/gcc/arm-none-eabi/7.3.1/thumb/v7e-m/fpv4-sp/hard/crtn.o
OUTPUT(mm_cnc.elf elf32-littlearm)

.debug_info     0x0000000000000000    0x1f4df
 .debug_info    0x0000000000000000      0x921 Drivers/STM32F4xx_HAL_Driver/Src/stm32f4xx_hal.o
 .debug_info    0x0000000000000921      0xdd6 Drivers/STM32F4xx_HAL_Driver/Src/stm32f4xx_hal_cortex.o
 .debug_info    0x00000000000016f7      0x916 Drivers/STM32F4xx_HAL_Driver/Src/stm32f4xx_hal_dma.o
 .debug_info    0x000000000000200d      0x763 Drivers/STM32F4xx_HAL_Driver/Src/stm32f4xx_hal_gpio.o
 .debug_info    0x0000000000002770      0x8a4 Drivers/STM32F4xx_HAL_Driver/Src/stm32f4xx_hal_rcc.o
 .debug_info    0x0000000000003014      0x55c Drivers/STM32F4xx_HAL_Driver/Src/stm32f4xx_hal_rcc_ex.o
 .debug_info    0x0000000000003570      0xb69 Drivers/STM32F4xx_HAL_Driver/Src/stm32f4xx_hal_rtc.o
 .debug_info    0x00000000000040d9     0x1790 Drivers/STM32F4xx_HAL_Driver/Src/stm32f4xx_hal_sd.o
 .debug_info    0x0000000000005869      0xab1 Drivers/STM32F4xx_HAL_Driver/Src/stm32f4xx_hal_sram.o
 .debug_info    0x000000000000631a     0x2456 Drivers/STM32F4xx_HAL_Driver/Src/stm32f4xx_hal_tim.o
 .debug_info    0x0000000000008770     0x1105 Drivers/STM32F4xx_HAL_Driver/Src/stm32f4xx_hal_tim_ex.o
 .debug_info    0x0000000000009875     0x11d5 Drivers/STM32F4xx_HAL_Driver/Src/stm32f4xx_hal_uart.o
 .debug_info    0x000000000000aa4a      0xa61 Drivers/STM32F4xx_HAL_Driver/Src/stm32f4xx_ll_fsmc.o
 .debug_info    0x000000000000b4ab     0x106b Drivers/STM32F4xx_HAL_Driver/Src/stm32f4xx_ll_sdmmc.o
 .debug_info    0x000000000000c516      0xcbb Middlewares/Third_Party/FatFs/src/ff_gen_drv.o
 .debug_info    0x000000000000d1d1      0xa7e Src/bsp_driver_sd.o
 .debug_info    0x000000000000dc4f      0xdcd Src/fatfs.o
 .debug_info    0x000000000000ea1c      0x213 Src/fatfs_platform.o
 .debug_info    0x000000000000ec2f     0x1231 Src/fsmc.o
 .debug_info    0x000000000000fe60      0xd53 Src/gpio.o
 .debug_info    0x0000000000010bb3      0x9e6 Src/hw_config.o
 .debug_info    0x0000000000011599     0x1b1a Src/lcd.o
 .debug_info    0x00000000000130b3      0xd56 Src/lcd_api.o
 .debug_info    0x0000000000013e09     0x246d Src/main.o
 .debug_info    0x0000000000016276      0xe9e Src/rtc.o
 .debug_info    0x0000000000017114     0x109d Src/scr_io.o
 .debug_info    0x00000000000181b1      0xd5b Src/sd_diskio.o
 .debug_info    0x0000000000018f0c     0x14f4 Src/sdio.o
 .debug_info    0x000000000001a400      0xdef Src/stm32f4xx_hal_msp.o
 .debug_info    0x000000000001b1ef     0x152d Src/stm32f4xx_it.o
 .debug_info    0x000000000001c71c      0x502 Src/system_stm32f4xx.o
 .debug_info    0x000000000001cc1e     0x14e0 Src/tim.o
 .debug_info    0x000000000001e0fe     0x13bf Src/usart.o
 .debug_info    0x000000000001f4bd       0x22 Startup/startup_stm32f407vetx.o

.debug_abbrev   0x0000000000000000     0x42ac
 .debug_abbrev  0x0000000000000000      0x1cb Drivers/STM32F4xx_HAL_Driver/Src/stm32f4xx_hal.o
 .debug_abbrev  0x00000000000001cb      0x2fa Drivers/STM32F4xx_HAL_Driver/Src/stm32f4xx_hal_cortex.o
 .debug_abbrev  0x00000000000004c5      0x229 Drivers/STM32F4xx_HAL_Driver/Src/stm32f4xx_hal_dma.o
 .debug_abbrev  0x00000000000006ee      0x1c9 Drivers/STM32F4xx_HAL_Driver/Src/stm32f4xx_hal_gpio.o
 .debug_abbrev  0x00000000000008b7      0x245 Drivers/STM32F4xx_HAL_Driver/Src/stm32f4xx_hal_rcc.o
 .debug_abbrev  0x0000000000000afc      0x173 Drivers/STM32F4xx_HAL_Driver/Src/stm32f4xx_hal_rcc_ex.o
 .debug_abbrev  0x0000000000000c6f      0x1be Drivers/STM32F4xx_HAL_Driver/Src/stm32f4xx_hal_rtc.o
 .debug_abbrev  0x0000000000000e2d      0x23d Drivers/STM32F4xx_HAL_Driver/Src/stm32f4xx_hal_sd.o
 .debug_abbrev  0x000000000000106a      0x1ce Drivers/STM32F4xx_HAL_Driver/Src/stm32f4xx_hal_sram.o
 .debug_abbrev  0x0000000000001238      0x230 Drivers/STM32F4xx_HAL_Driver/Src/stm32f4xx_hal_tim.o
 .debug_abbrev  0x0000000000001468      0x21e Drivers/STM32F4xx_HAL_Driver/Src/stm32f4xx_hal_tim_ex.o
 .debug_abbrev  0x0000000000001686      0x242 Drivers/STM32F4xx_HAL_Driver/Src/stm32f4xx_hal_uart.o
 .debug_abbrev  0x00000000000018c8      0x18c Drivers/STM32F4xx_HAL_Driver/Src/stm32f4xx_ll_fsmc.o
 .debug_abbrev  0x0000000000001a54      0x1cd Drivers/STM32F4xx_HAL_Driver/Src/stm32f4xx_ll_sdmmc.o
 .debug_abbrev  0x0000000000001c21      0x236 Middlewares/Third_Party/FatFs/src/ff_gen_drv.o
 .debug_abbrev  0x0000000000001e57      0x277 Src/bsp_driver_sd.o
 .debug_abbrev  0x00000000000020ce      0x1df Src/fatfs.o
 .debug_abbrev  0x00000000000022ad       0xf7 Src/fatfs_platform.o
 .debug_abbrev  0x00000000000023a4      0x21e Src/fsmc.o
 .debug_abbrev  0x00000000000025c2      0x1c5 Src/gpio.o
 .debug_abbrev  0x0000000000002787      0x17b Src/hw_config.o
 .debug_abbrev  0x0000000000002902      0x32e Src/lcd.o
 .debug_abbrev  0x0000000000002c30      0x21f Src/lcd_api.o
 .debug_abbrev  0x0000000000002e4f      0x2d4 Src/main.o
 .debug_abbrev  0x0000000000003123      0x1e7 Src/rtc.o
 .debug_abbrev  0x000000000000330a      0x295 Src/scr_io.o
 .debug_abbrev  0x000000000000359f      0x1fa Src/sd_diskio.o
 .debug_abbrev  0x0000000000003799      0x215 Src/sdio.o
 .debug_abbrev  0x00000000000039ae      0x1ce Src/stm32f4xx_hal_msp.o
 .debug_abbrev  0x0000000000003b7c      0x1f4 Src/stm32f4xx_it.o
 .debug_abbrev  0x0000000000003d70      0x111 Src/system_stm32f4xx.o
 .debug_abbrev  0x0000000000003e81      0x215 Src/tim.o
 .debug_abbrev  0x0000000000004096      0x204 Src/usart.o
 .debug_abbrev  0x000000000000429a       0x12 Startup/startup_stm32f407vetx.o

.debug_aranges  0x0000000000000000     0x15d0
 .debug_aranges
                0x0000000000000000       0xf0 Drivers/STM32F4xx_HAL_Driver/Src/stm32f4xx_hal.o
 .debug_aranges
                0x00000000000000f0      0x118 Drivers/STM32F4xx_HAL_Driver/Src/stm32f4xx_hal_cortex.o
 .debug_aranges
                0x0000000000000208       0x90 Drivers/STM32F4xx_HAL_Driver/Src/stm32f4xx_hal_dma.o
 .debug_aranges
                0x0000000000000298       0x58 Drivers/STM32F4xx_HAL_Driver/Src/stm32f4xx_hal_gpio.o
 .debug_aranges
                0x00000000000002f0       0x88 Drivers/STM32F4xx_HAL_Driver/Src/stm32f4xx_hal_rcc.o
 .debug_aranges
                0x0000000000000378       0x48 Drivers/STM32F4xx_HAL_Driver/Src/stm32f4xx_hal_rcc_ex.o
 .debug_aranges
                0x00000000000003c0       0xb8 Drivers/STM32F4xx_HAL_Driver/Src/stm32f4xx_hal_rtc.o
 .debug_aranges
                0x0000000000000478      0x168 Drivers/STM32F4xx_HAL_Driver/Src/stm32f4xx_hal_sd.o
 .debug_aranges
                0x00000000000005e0       0xa0 Drivers/STM32F4xx_HAL_Driver/Src/stm32f4xx_hal_sram.o
 .debug_aranges
                0x0000000000000680      0x3a8 Drivers/STM32F4xx_HAL_Driver/Src/stm32f4xx_hal_tim.o
 .debug_aranges
                0x0000000000000a28      0x150 Drivers/STM32F4xx_HAL_Driver/Src/stm32f4xx_hal_tim_ex.o
 .debug_aranges
                0x0000000000000b78      0x1d0 Drivers/STM32F4xx_HAL_Driver/Src/stm32f4xx_hal_uart.o
 .debug_aranges
                0x0000000000000d48       0xa8 Drivers/STM32F4xx_HAL_Driver/Src/stm32f4xx_ll_fsmc.o
 .debug_aranges
                0x0000000000000df0      0x178 Drivers/STM32F4xx_HAL_Driver/Src/stm32f4xx_ll_sdmmc.o
 .debug_aranges
                0x0000000000000f68       0x40 Middlewares/Third_Party/FatFs/src/ff_gen_drv.o
 .debug_aranges
                0x0000000000000fa8       0xc0 Src/bsp_driver_sd.o
 .debug_aranges
                0x0000000000001068       0x28 Src/fatfs.o
 .debug_aranges
                0x0000000000001090       0x20 Src/fatfs_platform.o
 .debug_aranges
                0x00000000000010b0       0x40 Src/fsmc.o
 .debug_aranges
                0x00000000000010f0       0x20 Src/gpio.o
 .debug_aranges
                0x0000000000001110       0x20 Src/hw_config.o
 .debug_aranges
                0x0000000000001130      0x118 Src/lcd.o
 .debug_aranges
                0x0000000000001248       0x48 Src/lcd_api.o
 .debug_aranges
                0x0000000000001290       0x48 Src/main.o
 .debug_aranges
                0x00000000000012d8       0x30 Src/rtc.o
 .debug_aranges
                0x0000000000001308       0xd0 Src/scr_io.o
 .debug_aranges
                0x00000000000013d8       0x48 Src/sd_diskio.o
 .debug_aranges
                0x0000000000001420       0x30 Src/sdio.o
 .debug_aranges
                0x0000000000001450       0x20 Src/stm32f4xx_hal_msp.o
 .debug_aranges
                0x0000000000001470       0x98 Src/stm32f4xx_it.o
 .debug_aranges
                0x0000000000001508       0x28 Src/system_stm32f4xx.o
 .debug_aranges
                0x0000000000001530       0x48 Src/tim.o
 .debug_aranges
                0x0000000000001578       0x30 Src/usart.o
 .debug_aranges
                0x00000000000015a8       0x28 Startup/startup_stm32f407vetx.o

.debug_ranges   0x0000000000000000     0x13b8
 .debug_ranges  0x0000000000000000       0xe0 Drivers/STM32F4xx_HAL_Driver/Src/stm32f4xx_hal.o
 .debug_ranges  0x00000000000000e0      0x108 Drivers/STM32F4xx_HAL_Driver/Src/stm32f4xx_hal_cortex.o
 .debug_ranges  0x00000000000001e8       0x80 Drivers/STM32F4xx_HAL_Driver/Src/stm32f4xx_hal_dma.o
 .debug_ranges  0x0000000000000268       0x48 Drivers/STM32F4xx_HAL_Driver/Src/stm32f4xx_hal_gpio.o
 .debug_ranges  0x00000000000002b0       0x78 Drivers/STM32F4xx_HAL_Driver/Src/stm32f4xx_hal_rcc.o
 .debug_ranges  0x0000000000000328       0x38 Drivers/STM32F4xx_HAL_Driver/Src/stm32f4xx_hal_rcc_ex.o
 .debug_ranges  0x0000000000000360       0xa8 Drivers/STM32F4xx_HAL_Driver/Src/stm32f4xx_hal_rtc.o
 .debug_ranges  0x0000000000000408      0x158 Drivers/STM32F4xx_HAL_Driver/Src/stm32f4xx_hal_sd.o
 .debug_ranges  0x0000000000000560       0x90 Drivers/STM32F4xx_HAL_Driver/Src/stm32f4xx_hal_sram.o
 .debug_ranges  0x00000000000005f0      0x398 Drivers/STM32F4xx_HAL_Driver/Src/stm32f4xx_hal_tim.o
 .debug_ranges  0x0000000000000988      0x140 Drivers/STM32F4xx_HAL_Driver/Src/stm32f4xx_hal_tim_ex.o
 .debug_ranges  0x0000000000000ac8      0x1c0 Drivers/STM32F4xx_HAL_Driver/Src/stm32f4xx_hal_uart.o
 .debug_ranges  0x0000000000000c88       0x98 Drivers/STM32F4xx_HAL_Driver/Src/stm32f4xx_ll_fsmc.o
 .debug_ranges  0x0000000000000d20      0x168 Drivers/STM32F4xx_HAL_Driver/Src/stm32f4xx_ll_sdmmc.o
 .debug_ranges  0x0000000000000e88       0x30 Middlewares/Third_Party/FatFs/src/ff_gen_drv.o
 .debug_ranges  0x0000000000000eb8       0xb0 Src/bsp_driver_sd.o
 .debug_ranges  0x0000000000000f68       0x18 Src/fatfs.o
 .debug_ranges  0x0000000000000f80       0x10 Src/fatfs_platform.o
 .debug_ranges  0x0000000000000f90       0x30 Src/fsmc.o
 .debug_ranges  0x0000000000000fc0       0x10 Src/gpio.o
 .debug_ranges  0x0000000000000fd0       0x10 Src/hw_config.o
 .debug_ranges  0x0000000000000fe0      0x108 Src/lcd.o
 .debug_ranges  0x00000000000010e8       0x38 Src/lcd_api.o
 .debug_ranges  0x0000000000001120       0x38 Src/main.o
 .debug_ranges  0x0000000000001158       0x20 Src/rtc.o
 .debug_ranges  0x0000000000001178       0xc0 Src/scr_io.o
 .debug_ranges  0x0000000000001238       0x38 Src/sd_diskio.o
 .debug_ranges  0x0000000000001270       0x20 Src/sdio.o
 .debug_ranges  0x0000000000001290       0x10 Src/stm32f4xx_hal_msp.o
 .debug_ranges  0x00000000000012a0       0x88 Src/stm32f4xx_it.o
 .debug_ranges  0x0000000000001328       0x18 Src/system_stm32f4xx.o
 .debug_ranges  0x0000000000001340       0x38 Src/tim.o
 .debug_ranges  0x0000000000001378       0x20 Src/usart.o
 .debug_ranges  0x0000000000001398       0x20 Startup/startup_stm32f407vetx.o

.debug_macro    0x0000000000000000    0x268b6
 .debug_macro   0x0000000000000000      0x27b Drivers/STM32F4xx_HAL_Driver/Src/stm32f4xx_hal.o
 .debug_macro   0x000000000000027b      0xa5a Drivers/STM32F4xx_HAL_Driver/Src/stm32f4xx_hal.o
 .debug_macro   0x0000000000000cd5      0x19c Drivers/STM32F4xx_HAL_Driver/Src/stm32f4xx_hal.o
 .debug_macro   0x0000000000000e71       0x32 Drivers/STM32F4xx_HAL_Driver/Src/stm32f4xx_hal.o
 .debug_macro   0x0000000000000ea3       0x2f Drivers/STM32F4xx_HAL_Driver/Src/stm32f4xx_hal.o
 .debug_macro   0x0000000000000ed2       0x22 Drivers/STM32F4xx_HAL_Driver/Src/stm32f4xx_hal.o
 .debug_macro   0x0000000000000ef4       0x8e Drivers/STM32F4xx_HAL_Driver/Src/stm32f4xx_hal.o
 .debug_macro   0x0000000000000f82       0x51 Drivers/STM32F4xx_HAL_Driver/Src/stm32f4xx_hal.o
 .debug_macro   0x0000000000000fd3       0xef Drivers/STM32F4xx_HAL_Driver/Src/stm32f4xx_hal.o
 .debug_macro   0x00000000000010c2       0x6a Drivers/STM32F4xx_HAL_Driver/Src/stm32f4xx_hal.o
 .debug_macro   0x000000000000112c      0x1df Drivers/STM32F4xx_HAL_Driver/Src/stm32f4xx_hal.o
 .debug_macro   0x000000000000130b       0x1c Drivers/STM32F4xx_HAL_Driver/Src/stm32f4xx_hal.o
 .debug_macro   0x0000000000001327       0x22 Drivers/STM32F4xx_HAL_Driver/Src/stm32f4xx_hal.o
 .debug_macro   0x0000000000001349       0xdf Drivers/STM32F4xx_HAL_Driver/Src/stm32f4xx_hal.o
 .debug_macro   0x0000000000001428     0x102d Drivers/STM32F4xx_HAL_Driver/Src/stm32f4xx_hal.o
 .debug_macro   0x0000000000002455      0x11f Drivers/STM32F4xx_HAL_Driver/Src/stm32f4xx_hal.o
 .debug_macro   0x0000000000002574    0x15e43 Drivers/STM32F4xx_HAL_Driver/Src/stm32f4xx_hal.o
 .debug_macro   0x00000000000183b7       0x43 Drivers/STM32F4xx_HAL_Driver/Src/stm32f4xx_hal.o
 .debug_macro   0x00000000000183fa     0x35d4 Drivers/STM32F4xx_HAL_Driver/Src/stm32f4xx_hal.o
 .debug_macro   0x000000000001b9ce      0x174 Drivers/STM32F4xx_HAL_Driver/Src/stm32f4xx_hal.o
 .debug_macro   0x000000000001bb42       0x5a Drivers/STM32F4xx_HAL_Driver/Src/stm32f4xx_hal.o
 .debug_macro   0x000000000001bb9c      0x96b Drivers/STM32F4xx_HAL_Driver/Src/stm32f4xx_hal.o
 .debug_macro   0x000000000001c507      0x9fe Drivers/STM32F4xx_HAL_Driver/Src/stm32f4xx_hal.o
 .debug_macro   0x000000000001cf05       0xed Drivers/STM32F4xx_HAL_Driver/Src/stm32f4xx_hal.o
 .debug_macro   0x000000000001cff2      0x117 Drivers/STM32F4xx_HAL_Driver/Src/stm32f4xx_hal.o
 .debug_macro   0x000000000001d109      0x13e Drivers/STM32F4xx_HAL_Driver/Src/stm32f4xx_hal.o
 .debug_macro   0x000000000001d247       0x27 Drivers/STM32F4xx_HAL_Driver/Src/stm32f4xx_hal.o
 .debug_macro   0x000000000001d26e      0x287 Drivers/STM32F4xx_HAL_Driver/Src/stm32f4xx_hal.o
 .debug_macro   0x000000000001d4f5       0x5f Drivers/STM32F4xx_HAL_Driver/Src/stm32f4xx_hal.o
 .debug_macro   0x000000000001d554      0x236 Drivers/STM32F4xx_HAL_Driver/Src/stm32f4xx_hal.o
 .debug_macro   0x000000000001d78a      0x12c Drivers/STM32F4xx_HAL_Driver/Src/stm32f4xx_hal.o
 .debug_macro   0x000000000001d8b6      0x21e Drivers/STM32F4xx_HAL_Driver/Src/stm32f4xx_hal.o
 .debug_macro   0x000000000001dad4       0x2e Drivers/STM32F4xx_HAL_Driver/Src/stm32f4xx_hal.o
 .debug_macro   0x000000000001db02      0x543 Drivers/STM32F4xx_HAL_Driver/Src/stm32f4xx_hal.o
 .debug_macro   0x000000000001e045      0x11a Drivers/STM32F4xx_HAL_Driver/Src/stm32f4xx_hal.o
 .debug_macro   0x000000000001e15f       0x7e Drivers/STM32F4xx_HAL_Driver/Src/stm32f4xx_hal.o
 .debug_macro   0x000000000001e1dd       0x89 Drivers/STM32F4xx_HAL_Driver/Src/stm32f4xx_hal.o
 .debug_macro   0x000000000001e266      0x31a Drivers/STM32F4xx_HAL_Driver/Src/stm32f4xx_hal.o
 .debug_macro   0x000000000001e580      0x405 Drivers/STM32F4xx_HAL_Driver/Src/stm32f4xx_hal.o
 .debug_macro   0x000000000001e985       0xe4 Drivers/STM32F4xx_HAL_Driver/Src/stm32f4xx_hal.o
 .debug_macro   0x000000000001ea69      0x845 Drivers/STM32F4xx_HAL_Driver/Src/stm32f4xx_hal.o
 .debug_macro   0x000000000001f2ae      0x19f Drivers/STM32F4xx_HAL_Driver/Src/stm32f4xx_hal.o
 .debug_macro   0x000000000001f44d      0x87d Drivers/STM32F4xx_HAL_Driver/Src/stm32f4xx_hal.o
 .debug_macro   0x000000000001fcca       0x47 Drivers/STM32F4xx_HAL_Driver/Src/stm32f4xx_hal.o
 .debug_macro   0x000000000001fd11      0x287 Drivers/STM32F4xx_HAL_Driver/Src/stm32f4xx_hal.o
 .debug_macro   0x000000000001ff98      0x12d Drivers/STM32F4xx_HAL_Driver/Src/stm32f4xx_hal.o
 .debug_macro   0x00000000000200c5      0x21b Drivers/STM32F4xx_HAL_Driver/Src/stm32f4xx_hal_cortex.o
 .debug_macro   0x00000000000202e0      0x221 Drivers/STM32F4xx_HAL_Driver/Src/stm32f4xx_hal_dma.o
 .debug_macro   0x0000000000020501      0x251 Drivers/STM32F4xx_HAL_Driver/Src/stm32f4xx_hal_gpio.o
 .debug_macro   0x0000000000020752      0x23f Drivers/STM32F4xx_HAL_Driver/Src/stm32f4xx_hal_rcc.o
 .debug_macro   0x0000000000020991      0x21b Drivers/STM32F4xx_HAL_Driver/Src/stm32f4xx_hal_rcc_ex.o
 .debug_macro   0x0000000000020bac      0x21c Drivers/STM32F4xx_HAL_Driver/Src/stm32f4xx_hal_rtc.o
 .debug_macro   0x0000000000020dc8      0x21c Drivers/STM32F4xx_HAL_Driver/Src/stm32f4xx_hal_sd.o
 .debug_macro   0x0000000000020fe4      0x21b Drivers/STM32F4xx_HAL_Driver/Src/stm32f4xx_hal_sram.o
 .debug_macro   0x00000000000211ff      0x21c Drivers/STM32F4xx_HAL_Driver/Src/stm32f4xx_hal_tim.o
 .debug_macro   0x000000000002141b      0x21b Drivers/STM32F4xx_HAL_Driver/Src/stm32f4xx_hal_tim_ex.o
 .debug_macro   0x0000000000021636      0x21c Drivers/STM32F4xx_HAL_Driver/Src/stm32f4xx_hal_uart.o
 .debug_macro   0x0000000000021852      0x21b Drivers/STM32F4xx_HAL_Driver/Src/stm32f4xx_ll_fsmc.o
 .debug_macro   0x0000000000021a6d      0x21c Drivers/STM32F4xx_HAL_Driver/Src/stm32f4xx_ll_sdmmc.o
 .debug_macro   0x0000000000021c89      0x393 Middlewares/Third_Party/FatFs/src/ff_gen_drv.o
 .debug_macro   0x000000000002201c      0x233 Src/bsp_driver_sd.o
 .debug_macro   0x000000000002224f      0x3a6 Src/fatfs.o
 .debug_macro   0x00000000000225f5      0x224 Src/fatfs_platform.o
 .debug_macro   0x0000000000022819      0x345 Src/fsmc.o
 .debug_macro   0x0000000000022b5e      0x345 Src/gpio.o
 .debug_macro   0x0000000000022ea3      0x33b Src/hw_config.o
 .debug_macro   0x00000000000231de      0x2f6 Src/lcd.o
 .debug_macro   0x00000000000234d4      0x401 Src/lcd.o
 .debug_macro   0x00000000000238d5      0x2ef Src/lcd_api.o
 .debug_macro   0x0000000000023bc4      0x4d6 Src/main.o
 .debug_macro   0x000000000002409a       0x2e Src/main.o
 .debug_macro   0x00000000000240c8       0x1c Src/main.o
 .debug_macro   0x00000000000240e4       0x10 Src/main.o
 .debug_macro   0x00000000000240f4       0x10 Src/main.o
 .debug_macro   0x0000000000024104       0x1c Src/main.o
 .debug_macro   0x0000000000024120       0x52 Src/main.o
 .debug_macro   0x0000000000024172       0x40 Src/main.o
 .debug_macro   0x00000000000241b2       0x10 Src/main.o
 .debug_macro   0x00000000000241c2       0x40 Src/main.o
 .debug_macro   0x0000000000024202       0xd7 Src/main.o
 .debug_macro   0x00000000000242d9       0x1c Src/main.o
 .debug_macro   0x00000000000242f5       0x3d Src/main.o
 .debug_macro   0x0000000000024332       0x16 Src/main.o
 .debug_macro   0x0000000000024348      0x145 Src/main.o
 .debug_macro   0x000000000002448d      0x34a Src/rtc.o
 .debug_macro   0x00000000000247d7       0x28 Src/rtc.o
 .debug_macro   0x00000000000247ff      0x345 Src/scr_io.o
 .debug_macro   0x0000000000024b44       0x40 Src/scr_io.o
 .debug_macro   0x0000000000024b84       0x94 Src/scr_io.o
 .debug_macro   0x0000000000024c18      0x10e Src/scr_io.o
 .debug_macro   0x0000000000024d26       0x8d Src/scr_io.o
 .debug_macro   0x0000000000024db3       0x57 Src/scr_io.o
 .debug_macro   0x0000000000024e0a      0x330 Src/scr_io.o
 .debug_macro   0x000000000002513a       0x16 Src/scr_io.o
 .debug_macro   0x0000000000025150       0x20 Src/scr_io.o
 .debug_macro   0x0000000000025170       0xd9 Src/scr_io.o
 .debug_macro   0x0000000000025249       0x54 Src/scr_io.o
 .debug_macro   0x000000000002529d      0x3a9 Src/sd_diskio.o
 .debug_macro   0x0000000000025646      0x345 Src/sdio.o
 .debug_macro   0x000000000002598b      0x33b Src/stm32f4xx_hal_msp.o
 .debug_macro   0x0000000000025cc6      0x345 Src/stm32f4xx_it.o
 .debug_macro   0x000000000002600b      0x221 Src/system_stm32f4xx.o
 .debug_macro   0x000000000002622c      0x345 Src/tim.o
 .debug_macro   0x0000000000026571      0x345 Src/usart.o

.debug_line     0x0000000000000000    0x16be6
 .debug_line    0x0000000000000000      0x94c Drivers/STM32F4xx_HAL_Driver/Src/stm32f4xx_hal.o
 .debug_line    0x000000000000094c      0xa73 Drivers/STM32F4xx_HAL_Driver/Src/stm32f4xx_hal_cortex.o
 .debug_line    0x00000000000013bf      0xa1e Drivers/STM32F4xx_HAL_Driver/Src/stm32f4xx_hal_dma.o
 .debug_line    0x0000000000001ddd      0x92e Drivers/STM32F4xx_HAL_Driver/Src/stm32f4xx_hal_gpio.o
 .debug_line    0x000000000000270b      0x993 Drivers/STM32F4xx_HAL_Driver/Src/stm32f4xx_hal_rcc.o
 .debug_line    0x000000000000309e      0x870 Drivers/STM32F4xx_HAL_Driver/Src/stm32f4xx_hal_rcc_ex.o
 .debug_line    0x000000000000390e      0xadf Drivers/STM32F4xx_HAL_Driver/Src/stm32f4xx_hal_rtc.o
 .debug_line    0x00000000000043ed      0xf6c Drivers/STM32F4xx_HAL_Driver/Src/stm32f4xx_hal_sd.o
 .debug_line    0x0000000000005359      0xa6c Drivers/STM32F4xx_HAL_Driver/Src/stm32f4xx_hal_sram.o
 .debug_line    0x0000000000005dc5     0x19b0 Drivers/STM32F4xx_HAL_Driver/Src/stm32f4xx_hal_tim.o
 .debug_line    0x0000000000007775      0xd53 Drivers/STM32F4xx_HAL_Driver/Src/stm32f4xx_hal_tim_ex.o
 .debug_line    0x00000000000084c8     0x1046 Drivers/STM32F4xx_HAL_Driver/Src/stm32f4xx_hal_uart.o
 .debug_line    0x000000000000950e      0x994 Drivers/STM32F4xx_HAL_Driver/Src/stm32f4xx_ll_fsmc.o
 .debug_line    0x0000000000009ea2      0xbc3 Drivers/STM32F4xx_HAL_Driver/Src/stm32f4xx_ll_sdmmc.o
 .debug_line    0x000000000000aa65      0x9b7 Middlewares/Third_Party/FatFs/src/ff_gen_drv.o
 .debug_line    0x000000000000b41c      0x8d8 Src/bsp_driver_sd.o
 .debug_line    0x000000000000bcf4      0x987 Src/fatfs.o
 .debug_line    0x000000000000c67b      0x74d Src/fatfs_platform.o
 .debug_line    0x000000000000cdc8      0x95e Src/fsmc.o
 .debug_line    0x000000000000d726      0x908 Src/gpio.o
 .debug_line    0x000000000000e02e      0x8d8 Src/hw_config.o
 .debug_line    0x000000000000e906     0x17bd Src/lcd.o
 .debug_line    0x00000000000100c3      0x988 Src/lcd_api.o
 .debug_line    0x0000000000010a4b      0xbc2 Src/main.o
 .debug_line    0x000000000001160d      0x919 Src/rtc.o
 .debug_line    0x0000000000011f26      0xc0f Src/scr_io.o
 .debug_line    0x0000000000012b35      0xa03 Src/sd_diskio.o
 .debug_line    0x0000000000013538      0x91f Src/sdio.o
 .debug_line    0x0000000000013e57      0x8e3 Src/stm32f4xx_hal_msp.o
 .debug_line    0x000000000001473a      0xa02 Src/stm32f4xx_it.o
 .debug_line    0x000000000001513c      0x766 Src/system_stm32f4xx.o
 .debug_line    0x00000000000158a2      0x9ab Src/tim.o
 .debug_line    0x000000000001624d      0x918 Src/usart.o
 .debug_line    0x0000000000016b65       0x81 Startup/startup_stm32f407vetx.o

.debug_str      0x0000000000000000    0xd9086
 .debug_str     0x0000000000000000    0xce62e Drivers/STM32F4xx_HAL_Driver/Src/stm32f4xx_hal.o
                                      0xce9ba (size before relaxing)
 .debug_str     0x00000000000ce62e      0x3ed Drivers/STM32F4xx_HAL_Driver/Src/stm32f4xx_hal_cortex.o
                                      0xce735 (size before relaxing)
 .debug_str     0x00000000000cea1b      0x513 Drivers/STM32F4xx_HAL_Driver/Src/stm32f4xx_hal_dma.o
                                      0xce28e (size before relaxing)
 .debug_str     0x00000000000cef2e      0x28b Drivers/STM32F4xx_HAL_Driver/Src/stm32f4xx_hal_gpio.o
                                      0xce0b8 (size before relaxing)
 .debug_str     0x00000000000cf1b9      0x384 Drivers/STM32F4xx_HAL_Driver/Src/stm32f4xx_hal_rcc.o
                                      0xce25b (size before relaxing)
 .debug_str     0x00000000000cf53d      0x179 Drivers/STM32F4xx_HAL_Driver/Src/stm32f4xx_hal_rcc_ex.o
                                      0xcdfae (size before relaxing)
 .debug_str     0x00000000000cf6b6      0x471 Drivers/STM32F4xx_HAL_Driver/Src/stm32f4xx_hal_rtc.o
                                      0xce226 (size before relaxing)
 .debug_str     0x00000000000cfb27      0x972 Drivers/STM32F4xx_HAL_Driver/Src/stm32f4xx_hal_sd.o
                                      0xcea04 (size before relaxing)
 .debug_str     0x00000000000d0499      0x3b2 Drivers/STM32F4xx_HAL_Driver/Src/stm32f4xx_hal_sram.o
                                      0xce37e (size before relaxing)
 .debug_str     0x00000000000d084b      0xf0d Drivers/STM32F4xx_HAL_Driver/Src/stm32f4xx_hal_tim.o
                                      0xcef85 (size before relaxing)
 .debug_str     0x00000000000d1758      0x4ec Drivers/STM32F4xx_HAL_Driver/Src/stm32f4xx_hal_tim_ex.o
                                      0xce785 (size before relaxing)
 .debug_str     0x00000000000d1c44      0x699 Drivers/STM32F4xx_HAL_Driver/Src/stm32f4xx_hal_uart.o
                                      0xce6ac (size before relaxing)
 .debug_str     0x00000000000d22dd      0x105 Drivers/STM32F4xx_HAL_Driver/Src/stm32f4xx_ll_fsmc.o
                                      0xce245 (size before relaxing)
 .debug_str     0x00000000000d23e2      0x435 Drivers/STM32F4xx_HAL_Driver/Src/stm32f4xx_ll_sdmmc.o
                                      0xce2e2 (size before relaxing)
 .debug_str     0x00000000000d2817     0x45bf Middlewares/Third_Party/FatFs/src/ff_gen_drv.o
                                      0xd2317 (size before relaxing)
 .debug_str     0x00000000000d6dd6      0x1b5 Src/bsp_driver_sd.o
                                      0xce59f (size before relaxing)
 .debug_str     0x00000000000d6f8b      0x12d Src/fatfs.o
                                      0xd2394 (size before relaxing)
 .debug_str     0x00000000000d70b8       0x2f Src/fatfs_platform.o
                                      0xcddbe (size before relaxing)
 .debug_str     0x00000000000d70e7       0x7f Src/fsmc.o
                                      0xd2137 (size before relaxing)
 .debug_str     0x00000000000d7166       0x25 Src/gpio.o
                                      0xd1c1d (size before relaxing)
 .debug_str     0x00000000000d718b       0x21 Src/hw_config.o
                                      0xd1a8d (size before relaxing)
 .debug_str     0x00000000000d71ac      0x2d8 Src/lcd.o
                                      0xd1971 (size before relaxing)
 .debug_str     0x00000000000d7484       0xd1 Src/lcd_api.o
                                      0xd1635 (size before relaxing)
 .debug_str     0x00000000000d7555     0x1455 Src/main.o
                                      0xd46da (size before relaxing)
 .debug_str     0x00000000000d89aa       0x23 Src/rtc.o
                                      0xd1e82 (size before relaxing)
 .debug_str     0x00000000000d89cd      0x3be Src/scr_io.o
                                      0xd1a10 (size before relaxing)
 .debug_str     0x00000000000d8d8b       0x97 Src/sd_diskio.o
                                      0xd237e (size before relaxing)
 .debug_str     0x00000000000d8e22       0x27 Src/sdio.o
                                      0xd25b1 (size before relaxing)
 .debug_str     0x00000000000d8e49       0x1b Src/stm32f4xx_hal_msp.o
                                      0xd2084 (size before relaxing)
 .debug_str     0x00000000000d8e64      0x119 Src/stm32f4xx_it.o
                                      0xd23ac (size before relaxing)
 .debug_str     0x00000000000d8f7d       0x5a Src/system_stm32f4xx.o
                                      0xcde74 (size before relaxing)
 .debug_str     0x00000000000d8fd7       0x50 Src/tim.o
                                      0xd25e8 (size before relaxing)
 .debug_str     0x00000000000d9027       0x2e Src/usart.o
                                      0xd254b (size before relaxing)
 .debug_str     0x00000000000d9055       0x31 Startup/startup_stm32f407vetx.o
                                         0x6a (size before relaxing)

.comment        0x0000000000000000       0x7b
 .comment       0x0000000000000000       0x7b Drivers/STM32F4xx_HAL_Driver/Src/stm32f4xx_hal.o
                                         0x7c (size before relaxing)
 .comment       0x000000000000007b       0x7c Drivers/STM32F4xx_HAL_Driver/Src/stm32f4xx_hal_cortex.o
 .comment       0x000000000000007b       0x7c Drivers/STM32F4xx_HAL_Driver/Src/stm32f4xx_hal_dma.o
 .comment       0x000000000000007b       0x7c Drivers/STM32F4xx_HAL_Driver/Src/stm32f4xx_hal_gpio.o
 .comment       0x000000000000007b       0x7c Drivers/STM32F4xx_HAL_Driver/Src/stm32f4xx_hal_rcc.o
 .comment       0x000000000000007b       0x7c Drivers/STM32F4xx_HAL_Driver/Src/stm32f4xx_hal_rcc_ex.o
 .comment       0x000000000000007b       0x7c Drivers/STM32F4xx_HAL_Driver/Src/stm32f4xx_hal_rtc.o
 .comment       0x000000000000007b       0x7c Drivers/STM32F4xx_HAL_Driver/Src/stm32f4xx_hal_sd.o