Archive member included to satisfy reference by file (symbol)

c:/st/stm32cubeide_1.0.1/stm32cubeide/plugins/com.st.stm32cube.ide.mcu.externaltools.gnu-tools-for-stm32.7-2018-q2-update.win32_1.0.0.201904181610/tools/bin/../lib/gcc/arm-none-eabi/7.3.1/../../../../arm-none-eabi/lib/thumb/v7e-m/fpv4-sp/hard\libc_nano.a(lib_a-errno.o)
                              Src/syscalls.o (__errno)
c:/st/stm32cubeide_1.0.1/stm32cubeide/plugins/com.st.stm32cube.ide.mcu.externaltools.gnu-tools-for-stm32.7-2018-q2-update.win32_1.0.0.201904181610/tools/bin/../lib/gcc/arm-none-eabi/7.3.1/../../../../arm-none-eabi/lib/thumb/v7e-m/fpv4-sp/hard\libc_nano.a(lib_a-exit.o)
                              c:/st/stm32cubeide_1.0.1/stm32cubeide/plugins/com.st.stm32cube.ide.mcu.externaltools.gnu-tools-for-stm32.7-2018-q2-update.win32_1.0.0.201904181610/tools/bin/../lib/gcc/arm-none-eabi/7.3.1/../../../../arm-none-eabi/lib/thumb/v7e-m/fpv4-sp/hard/crt0.o (exit)
c:/st/stm32cubeide_1.0.1/stm32cubeide/plugins/com.st.stm32cube.ide.mcu.externaltools.gnu-tools-for-stm32.7-2018-q2-update.win32_1.0.0.201904181610/tools/bin/../lib/gcc/arm-none-eabi/7.3.1/../../../../arm-none-eabi/lib/thumb/v7e-m/fpv4-sp/hard\libc_nano.a(lib_a-impure.o)
                              c:/st/stm32cubeide_1.0.1/stm32cubeide/plugins/com.st.stm32cube.ide.mcu.externaltools.gnu-tools-for-stm32.7-2018-q2-update.win32_1.0.0.201904181610/tools/bin/../lib/gcc/arm-none-eabi/7.3.1/../../../../arm-none-eabi/lib/thumb/v7e-m/fpv4-sp/hard\libc_nano.a(lib_a-exit.o) (_global_impure_ptr)
c:/st/stm32cubeide_1.0.1/stm32cubeide/plugins/com.st.stm32cube.ide.mcu.externaltools.gnu-tools-for-stm32.7-2018-q2-update.win32_1.0.0.201904181610/tools/bin/../lib/gcc/arm-none-eabi/7.3.1/../../../../arm-none-eabi/lib/thumb/v7e-m/fpv4-sp/hard\libc_nano.a(lib_a-init.o)
                              c:/st/stm32cubeide_1.0.1/stm32cubeide/plugins/com.st.stm32cube.ide.mcu.externaltools.gnu-tools-for-stm32.7-2018-q2-update.win32_1.0.0.201904181610/tools/bin/../lib/gcc/arm-none-eabi/7.3.1/../../../../arm-none-eabi/lib/thumb/v7e-m/fpv4-sp/hard/crt0.o (__libc_init_array)
c:/st/stm32cubeide_1.0.1/stm32cubeide/plugins/com.st.stm32cube.ide.mcu.externaltools.gnu-tools-for-stm32.7-2018-q2-update.win32_1.0.0.201904181610/tools/bin/../lib/gcc/arm-none-eabi/7.3.1/../../../../arm-none-eabi/lib/thumb/v7e-m/fpv4-sp/hard\libc_nano.a(lib_a-memcpy-stub.o)
                              Src/stepmotor.o (memcpy)
c:/st/stm32cubeide_1.0.1/stm32cubeide/plugins/com.st.stm32cube.ide.mcu.externaltools.gnu-tools-for-stm32.7-2018-q2-update.win32_1.0.0.201904181610/tools/bin/../lib/gcc/arm-none-eabi/7.3.1/../../../../arm-none-eabi/lib/thumb/v7e-m/fpv4-sp/hard\libc_nano.a(lib_a-memset.o)
                              c:/st/stm32cubeide_1.0.1/stm32cubeide/plugins/com.st.stm32cube.ide.mcu.externaltools.gnu-tools-for-stm32.7-2018-q2-update.win32_1.0.0.201904181610/tools/bin/../lib/gcc/arm-none-eabi/7.3.1/../../../../arm-none-eabi/lib/thumb/v7e-m/fpv4-sp/hard/crt0.o (memset)
c:/st/stm32cubeide_1.0.1/stm32cubeide/plugins/com.st.stm32cube.ide.mcu.externaltools.gnu-tools-for-stm32.7-2018-q2-update.win32_1.0.0.201904181610/tools/bin/../lib/gcc/arm-none-eabi/7.3.1/../../../../arm-none-eabi/lib/thumb/v7e-m/fpv4-sp/hard\libc_nano.a(lib_a-strcmp.o)
                              Src/main.o (strcmp)
c:/st/stm32cubeide_1.0.1/stm32cubeide/plugins/com.st.stm32cube.ide.mcu.externaltools.gnu-tools-for-stm32.7-2018-q2-update.win32_1.0.0.201904181610/tools/bin/../lib/gcc/arm-none-eabi/7.3.1/../../../../arm-none-eabi/lib/thumb/v7e-m/fpv4-sp/hard\libc_nano.a(lib_a-strcpy.o)
                              Src/gcode_exec.o (strcpy)
c:/st/stm32cubeide_1.0.1/stm32cubeide/plugins/com.st.stm32cube.ide.mcu.externaltools.gnu-tools-for-stm32.7-2018-q2-update.win32_1.0.0.201904181610/tools/bin/../lib/gcc/arm-none-eabi/7.3.1/../../../../arm-none-eabi/lib/thumb/v7e-m/fpv4-sp/hard\libc_nano.a(lib_a-strlen.o)
                              Src/gcode_exec.o (strlen)
c:/st/stm32cubeide_1.0.1/stm32cubeide/plugins/com.st.stm32cube.ide.mcu.externaltools.gnu-tools-for-stm32.7-2018-q2-update.win32_1.0.0.201904181610/tools/bin/../lib/gcc/arm-none-eabi/7.3.1/../../../../arm-none-eabi/lib/thumb/v7e-m/fpv4-sp/hard\libc_nano.a(lib_a-strncpy.o)
                              Src/main.o (strncpy)
c:/st/stm32cubeide_1.0.1/stm32cubeide/plugins/com.st.stm32cube.ide.mcu.externaltools.gnu-tools-for-stm32.7-2018-q2-update.win32_1.0.0.201904181610/tools/bin/../lib/gcc/arm-none-eabi/7.3.1/../../../../arm-none-eabi/lib/thumb/v7e-m/fpv4-sp/hard\libm.a(lib_a-s_cos.o)
                              Src/gcode.o (cos)
c:/st/stm32cubeide_1.0.1/stm32cubeide/plugins/com.st.stm32cube.ide.mcu.externaltools.gnu-tools-for-stm32.7-2018-q2-update.win32_1.0.0.201904181610/tools/bin/../lib/gcc/arm-none-eabi/7.3.1/../../../../arm-none-eabi/lib/thumb/v7e-m/fpv4-sp/hard\libm.a(lib_a-s_floor.o)
                              Src/gcode.o (floor)
[...]
Memory Configuration

Name             Origin             Length             Attributes
CCMRAM           0x0000000010000000 0x0000000000010000 xrw
RAM              0x0000000020000000 0x0000000000020000 xrw
FLASH            0x0000000008000000 0x0000000000080000 xr
*default*        0x0000000000000000 0xffffffffffffffff

Linker script and memory map

LOAD c:/st/stm32cubeide_1.0.1/stm32cubeide/plugins/com.st.stm32cube.ide.mcu.externaltools.gnu-tools-for-stm32.7-2018-q2-update.win32_1.0.0.201904181610/tools/bin/../lib/gcc/arm-none-eabi/7.3.1/thumb/v7e-m/fpv4-sp/hard/crti.o
LOAD c:/st/stm32cubeide_1.0.1/stm32cubeide/plugins/com.st.stm32cube.ide.mcu.externaltools.gnu-tools-for-stm32.7-2018-q2-update.win32_1.0.0.201904181610/tools/bin/../lib/gcc/arm-none-eabi/7.3.1/thumb/v7e-m/fpv4-sp/hard/crtbegin.o
LOAD c:/st/stm32cubeide_1.0.1/stm32cubeide/plugins/com.st.stm32cube.ide.mcu.externaltools.gnu-tools-for-stm32.7-2018-q2-update.win32_1.0.0.201904181610/tools/bin/../lib/gcc/arm-none-eabi/7.3.1/../../../../arm-none-eabi/lib/thumb/v7e-m/fpv4-sp/hard/crt0.o
LOAD Drivers/STM32F4xx_HAL_Driver/Src/stm32f4xx_hal.o
LOAD Drivers/STM32F4xx_HAL_Driver/Src/stm32f4xx_hal_cortex.o
LOAD Drivers/STM32F4xx_HAL_Driver/Src/stm32f4xx_hal_dma.o
LOAD Drivers/STM32F4xx_HAL_Driver/Src/stm32f4xx_hal_dma_ex.o
LOAD Drivers/STM32F4xx_HAL_Driver/Src/stm32f4xx_hal_exti.o
LOAD Drivers/STM32F4xx_HAL_Driver/Src/stm32f4xx_hal_flash.o
LOAD Drivers/STM32F4xx_HAL_Driver/Src/stm32f4xx_hal_flash_ex.o
LOAD Drivers/STM32F4xx_HAL_Driver/Src/stm32f4xx_hal_flash_ramfunc.o
LOAD Drivers/STM32F4xx_HAL_Driver/Src/stm32f4xx_hal_gpio.o
LOAD Drivers/STM32F4xx_HAL_Driver/Src/stm32f4xx_hal_pwr.o
LOAD Drivers/STM32F4xx_HAL_Driver/Src/stm32f4xx_hal_pwr_ex.o
LOAD Drivers/STM32F4xx_HAL_Driver/Src/stm32f4xx_hal_rcc.o
LOAD Drivers/STM32F4xx_HAL_Driver/Src/stm32f4xx_hal_rcc_ex.o
LOAD Drivers/STM32F4xx_HAL_Driver/Src/stm32f4xx_hal_rtc.o
LOAD Drivers/STM32F4xx_HAL_Driver/Src/stm32f4xx_hal_rtc_ex.o
LOAD Drivers/STM32F4xx_HAL_Driver/Src/stm32f4xx_hal_sd.o
LOAD Drivers/STM32F4xx_HAL_Driver/Src/stm32f4xx_hal_sram.o
LOAD Drivers/STM32F4xx_HAL_Driver/Src/stm32f4xx_hal_tim.o
LOAD Drivers/STM32F4xx_HAL_Driver/Src/stm32f4xx_hal_tim_ex.o
LOAD Drivers/STM32F4xx_HAL_Driver/Src/stm32f4xx_hal_uart.o
LOAD Drivers/STM32F4xx_HAL_Driver/Src/stm32f4xx_ll_fsmc.o
LOAD Drivers/STM32F4xx_HAL_Driver/Src/stm32f4xx_ll_sdmmc.o
LOAD Middlewares/Third_Party/FatFs/src/diskio.o
LOAD Middlewares/Third_Party/FatFs/src/ff.o
LOAD Middlewares/Third_Party/FatFs/src/ff_gen_drv.o
LOAD Middlewares/Third_Party/FatFs/src/option/syscall.o
LOAD Src/bsp_driver_sd.o
LOAD Src/encoder.o
LOAD Src/fatfs.o
LOAD Src/fatfs_platform.o
LOAD Src/fsmc.o
LOAD Src/gcode.o
LOAD Src/gcode_exec.o
LOAD Src/gpio.o
LOAD Src/hw_config.o
LOAD Src/keyboard.o
LOAD Src/lcd.o
LOAD Src/lcd_api.o
LOAD Src/main.o
LOAD Src/rtc.o
LOAD Src/scr_io.o
LOAD Src/sd_diskio.o
LOAD Src/sdio.o
LOAD Src/stepmotor.o
LOAD Src/stm32f4xx_hal_msp.o
LOAD Src/stm32f4xx_it.o
LOAD Src/syscalls.o
LOAD Src/sysmem.o
LOAD Src/system_stm32f4xx.o
LOAD Src/tim.o
LOAD Src/usart.o
LOAD Startup/startup_stm32f407vetx.o
START GROUP
LOAD c:/st/stm32cubeide_1.0.1/stm32cubeide/plugins/com.st.stm32cube.ide.mcu.externaltools.gnu-tools-for-stm32.7-2018-q2-update.win32_1.0.0.201904181610/tools/bin/../lib/gcc/arm-none-eabi/7.3.1/../../../../arm-none-eabi/lib/thumb/v7e-m/fpv4-sp/hard\libc_nano.a
LOAD c:/st/stm32cubeide_1.0.1/stm32cubeide/plugins/com.st.stm32cube.ide.mcu.externaltools.gnu-tools-for-stm32.7-2018-q2-update.win32_1.0.0.201904181610/tools/bin/../lib/gcc/arm-none-eabi/7.3.1/../../../../arm-none-eabi/lib/thumb/v7e-m/fpv4-sp/hard\libm.a
END GROUP
START GROUP
LOAD c:/st/stm32cubeide_1.0.1/stm32cubeide/plugins/com.st.stm32cube.ide.mcu.externaltools.gnu-tools-for-stm32.7-2018-q2-update.win32_1.0.0.201904181610/tools/bin/../lib/gcc/arm-none-eabi/7.3.1/thumb/v7e-m/fpv4-sp/hard\libgcc.a
LOAD c:/st/stm32cubeide_1.0.1/stm32cubeide/plugins/com.st.stm32cube.ide.mcu.externaltools.gnu-tools-for-stm32.7-2018-q2-update.win32_1.0.0.201904181610/tools/bin/../lib/gcc/arm-none-eabi/7.3.1/../../../../arm-none-eabi/lib/thumb/v7e-m/fpv4-sp/hard\libc_nano.a
END GROUP
START GROUP
LOAD c:/st/stm32cubeide_1.0.1/stm32cubeide/plugins/com.st.stm32cube.ide.mcu.externaltools.gnu-tools-for-stm32.7-2018-q2-update.win32_1.0.0.201904181610/tools/bin/../lib/gcc/arm-none-eabi/7.3.1/thumb/v7e-m/fpv4-sp/hard\libgcc.a
LOAD c:/st/stm32cubeide_1.0.1/stm32cubeide/plugins/com.st.stm32cube.ide.mcu.externaltools.gnu-tools-for-stm32.7-2018-q2-update.win32_1.0.0.201904181610/tools/bin/../lib/gcc/arm-none-eabi/7.3.1/../../../../arm-none-eabi/lib/thumb/v7e-m/fpv4-sp/hard\libc_nano.a
LOAD c:/st/stm32cubeide_1.0.1/stm32cubeide/plugins/com.st.stm32cube.ide.mcu.externaltools.gnu-tools-for-stm32.7-2018-q2-update.win32_1.0.0.201904181610/tools/bin/../lib/gcc/arm-none-eabi/7.3.1/../../../../arm-none-eabi/lib/thumb/v7e-m/fpv4-sp/hard\libnosys.a
END GROUP
START GROUP
LOAD c:/st/stm32cubeide_1.0.1/stm32cubeide/plugins/com.st.stm32cube.ide.mcu.externaltools.gnu-tools-for-stm32.7-2018-q2-update.win32_1.0.0.201904181610/tools/bin/../lib/gcc/arm-none-eabi/7.3.1/thumb/v7e-m/fpv4-sp/hard\libgcc.a
LOAD c:/st/stm32cubeide_1.0.1/stm32cubeide/plugins/com.st.stm32cube.ide.mcu.externaltools.gnu-tools-for-stm32.7-2018-q2-update.win32_1.0.0.201904181610/tools/bin/../lib/gcc/arm-none-eabi/7.3.1/../../../../arm-none-eabi/lib/thumb/v7e-m/fpv4-sp/hard\libc_nano.a
LOAD c:/st/stm32cubeide_1.0.1/stm32cubeide/plugins/com.st.stm32cube.ide.mcu.externaltools.gnu-tools-for-stm32.7-2018-q2-update.win32_1.0.0.201904181610/tools/bin/../lib/gcc/arm-none-eabi/7.3.1/../../../../arm-none-eabi/lib/thumb/v7e-m/fpv4-sp/hard\libnosys.a
END GROUP
LOAD c:/st/stm32cubeide_1.0.1/stm32cubeide/plugins/com.st.stm32cube.ide.mcu.externaltools.gnu-tools-for-stm32.7-2018-q2-update.win32_1.0.0.201904181610/tools/bin/../lib/gcc/arm-none-eabi/7.3.1/thumb/v7e-m/fpv4-sp/hard/crtend.o
LOAD c:/st/stm32cubeide_1.0.1/stm32cubeide/plugins/com.st.stm32cube.ide.mcu.externaltools.gnu-tools-for-stm32.7-2018-q2-update.win32_1.0.0.201904181610/tools/bin/../lib/gcc/arm-none-eabi/7.3.1/thumb/v7e-m/fpv4-sp/hard/crtn.o
                0x0000000020020000                _estack = 0x20020000
                0x0000000000000200                _Min_Heap_Size = 0x200
                0x0000000000000400                _Min_Stack_Size = 0x400

.isr_vector     0x0000000008000000      0x188
                0x0000000008000000                . = ALIGN (0x4)
 *(.isr_vector)
 .isr_vector    0x0000000008000000      0x188 Startup/startup_stm32f407vetx.o
                0x0000000008000000                g_pfnVectors
                0x0000000008000188                . = ALIGN (0x4)

.text           0x0000000008000188    0x17484
                0x0000000008000188                . = ALIGN (0x4)
 *(.text)
 .text          0x0000000008000188       0x40 c:/st/stm32cubeide_1.0.1/stm32cubeide/plugins/com.st.stm32cube.ide.mcu.externaltools.gnu-tools-for-stm32.7-2018-q2-update.win32_1.0.0.201904181610/tools/bin/../lib/gcc/arm-none-eabi/7.3.1/thumb/v7e-m/fpv4-sp/hard/crtbegin.o
 .text          0x00000000080001c8       0x14 c:/st/stm32cubeide_1.0.1/stm32cubeide/plugins/com.st.stm32cube.ide.mcu.externaltools.gnu-tools-for-stm32.7-2018-q2-update.win32_1.0.0.201904181610/tools/bin/../lib/gcc/arm-none-eabi/7.3.1/../../../../arm-none-eabi/lib/thumb/v7e-m/fpv4-sp/hard\libc_nano.a(lib_a-strcmp.o)
                0x00000000080001c8                strcmp
 .text          0x00000000080001dc       0x10 c:/st/stm32cubeide_1.0.1/stm32cubeide/plugins/com.st.stm32cube.ide.mcu.externaltools.gnu-tools-for-stm32.7-2018-q2-update.win32_1.0.0.201904181610/tools/bin/../lib/gcc/arm-none-eabi/7.3.1/../../../../arm-none-eabi/lib/thumb/v7e-m/fpv4-sp/hard\libc_nano.a(lib_a-strlen.o)
                0x00000000080001dc                strlen
 .text          0x00000000080001ec      0x378 c:/st/stm32cubeide_1.0.1/stm32cubeide/plugins/com.st.stm32cube.ide.mcu.externaltools.gnu-tools-for-stm32.7-2018-q2-update.win32_1.0.0.201904181610/tools/bin/../lib/gcc/arm-none-eabi/7.3.1/thumb/v7e-m/fpv4-sp/hard\libgcc.a(_arm_addsubdf3.o)
                0x00000000080001ec                __aeabi_drsub
                0x00000000080001f4                __aeabi_dsub
                0x00000000080001f4                __subdf3
                0x00000000080001f8                __aeabi_dadd
                0x00000000080001f8                __adddf3
                0x0000000008000470                __floatunsidf
                0x0000000008000470                __aeabi_ui2d
                0x0000000008000490                __floatsidf
                0x0000000008000490                __aeabi_i2d
                0x00000000080004b4                __aeabi_f2d
                0x00000000080004b4                __extendsfdf2
                0x00000000080004f8                __floatundidf
                0x00000000080004f8                __aeabi_ul2d
                0x0000000008000508                __floatdidf
                0x0000000008000508                __aeabi_l2d
 .text          0x0000000008000564      0x424 c:/st/stm32cubeide_1.0.1/stm32cubeide/plugins/com.st.stm32cube.ide.mcu.externaltools.gnu-tools-for-stm32.7-2018-q2-update.win32_1.0.0.201904181610/tools/bin/../lib/gcc/arm-none-eabi/7.3.1/thumb/v7e-m/fpv4-sp/hard\libgcc.a(_arm_muldivdf3.o)
                0x0000000008000564                __aeabi_dmul
                0x0000000008000564                __muldf3
                0x00000000080007b8                __divdf3
                0x00000000080007b8                __aeabi_ddiv
 .text          0x0000000008000988      0x110 c:/st/stm32cubeide_1.0.1/stm32cubeide/plugins/com.st.stm32cube.ide.mcu.externaltools.gnu-tools-for-stm32.7-2018-q2-update.win32_1.0.0.201904181610/tools/bin/../lib/gcc/arm-none-eabi/7.3.1/thumb/v7e-m/fpv4-sp/hard\libgcc.a(_arm_cmpdf2.o)
                0x0000000008000988                __gtdf2
                0x0000000008000988                __gedf2
                0x0000000008000990                __ltdf2
                0x0000000008000990                __ledf2
                0x0000000008000998                __nedf2
                0x0000000008000998                __eqdf2
                0x0000000008000998                __cmpdf2
                0x0000000008000a14                __aeabi_cdrcmple
                0x0000000008000a24                __aeabi_cdcmpeq
                0x0000000008000a24                __aeabi_cdcmple
                0x0000000008000a34                __aeabi_dcmpeq
                0x0000000008000a48                __aeabi_dcmplt
                0x0000000008000a5c                __aeabi_dcmple
                0x0000000008000a70                __aeabi_dcmpge
                0x0000000008000a84                __aeabi_dcmpgt
 .text          0x0000000008000a98       0x2c c:/st/stm32cubeide_1.0.1/stm32cubeide/plugins/com.st.stm32cube.ide.mcu.externaltools.gnu-tools-for-stm32.7-2018-q2-update.win32_1.0.0.201904181610/tools/bin/../lib/gcc/arm-none-eabi/7.3.1/thumb/v7e-m/fpv4-sp/hard\libgcc.a(_arm_unorddf2.o)
                0x0000000008000a98                __unorddf2
                0x0000000008000a98                __aeabi_dcmpun
 .text          0x0000000008000ac4       0x50 c:/st/stm32cubeide_1.0.1/stm32cubeide/plugins/com.st.stm32cube.ide.mcu.externaltools.gnu-tools-for-stm32.7-2018-q2-update.win32_1.0.0.201904181610/tools/bin/../lib/gcc/arm-none-eabi/7.3.1/thumb/v7e-m/fpv4-sp/hard\libgcc.a(_arm_fixdfsi.o)
                0x0000000008000ac4                __aeabi_d2iz
                0x0000000008000ac4                __fixdfsi
 .text          0x0000000008000b14       0x40 c:/st/stm32cubeide_1.0.1/stm32cubeide/plugins/com.st.stm32cube.ide.mcu.externaltools.gnu-tools-for-stm32.7-2018-q2-update.win32_1.0.0.201904181610/tools/bin/../lib/gcc/arm-none-eabi/7.3.1/thumb/v7e-m/fpv4-sp/hard\libgcc.a(_arm_fixunsdfsi.o)
                0x0000000008000b14                __aeabi_d2uiz
                0x0000000008000b14                __fixunsdfsi
 .text          0x0000000008000b54       0xa0 c:/st/stm32cubeide_1.0.1/stm32cubeide/plugins/com.st.stm32cube.ide.mcu.externaltools.gnu-tools-for-stm32.7-2018-q2-update.win32_1.0.0.201904181610/tools/bin/../lib/gcc/arm-none-eabi/7.3.1/thumb/v7e-m/fpv4-sp/hard\libgcc.a(_aeabi_ldivmod.o)
                0x0000000008000b54                __aeabi_ldivmod
 .text          0x0000000008000bf4       0x30 c:/st/stm32cubeide_1.0.1/stm32cubeide/plugins/com.st.stm32cube.ide.mcu.externaltools.gnu-tools-for-stm32.7-2018-q2-update.win32_1.0.0.201904181610/tools/bin/../lib/gcc/arm-none-eabi/7.3.1/thumb/v7e-m/fpv4-sp/hard\libgcc.a(_aeabi_uldivmod.o)
                0x0000000008000bf4                __aeabi_uldivmod
 .text          0x0000000008000c24      0x2cc c:/st/stm32cubeide_1.0.1/stm32cubeide/plugins/com.st.stm32cube.ide.mcu.externaltools.gnu-tools-for-stm32.7-2018-q2-update.win32_1.0.0.201904181610/tools/bin/../lib/gcc/arm-none-eabi/7.3.1/thumb/v7e-m/fpv4-sp/hard\libgcc.a(_udivmoddi4.o)
                0x0000000008000c24                __udivmoddi4
 .text          0x0000000008000ef0        0x4 c:/st/stm32cubeide_1.0.1/stm32cubeide/plugins/com.st.stm32cube.ide.mcu.externaltools.gnu-tools-for-stm32.7-2018-q2-update.win32_1.0.0.201904181610/tools/bin/../lib/gcc/arm-none-eabi/7.3.1/thumb/v7e-m/fpv4-sp/hard\libgcc.a(_dvmd_tls.o)
                0x0000000008000ef0                __aeabi_idiv0
                0x0000000008000ef0                __aeabi_ldiv0
 *(.text*)
 .text.HAL_Init
                0x0000000008000ef4       0x44 Drivers/STM32F4xx_HAL_Driver/Src/stm32f4xx_hal.o
                0x0000000008000ef4                HAL_Init
 .text.HAL_InitTick
                0x0000000008000f38       0x60 Drivers/STM32F4xx_HAL_Driver/Src/stm32f4xx_hal.o
                0x0000000008000f38                HAL_InitTick
 .text.HAL_IncTick
                0x0000000008000f98       0x28 Drivers/STM32F4xx_HAL_Driver/Src/stm32f4xx_hal.o
                0x0000000008000f98                HAL_IncTick
 .text.HAL_GetTick
                0x0000000008000fc0       0x18 Drivers/STM32F4xx_HAL_Driver/Src/stm32f4xx_hal.o
                0x0000000008000fc0                HAL_GetTick
 .text.HAL_Delay
                0x0000000008000fd8       0x44 Drivers/STM32F4xx_HAL_Driver/Src/stm32f4xx_hal.o
                0x0000000008000fd8                HAL_Delay
 .text.__NVIC_SetPriorityGrouping
                0x000000000800101c       0x48 Drivers/STM32F4xx_HAL_Driver/Src/stm32f4xx_hal_cortex.o
 .text.__NVIC_GetPriorityGrouping
                0x0000000008001064       0x1c Drivers/STM32F4xx_HAL_Driver/Src/stm32f4xx_hal_cortex.o
 .text.__NVIC_EnableIRQ
                0x0000000008001080       0x3c Drivers/STM32F4xx_HAL_Driver/Src/stm32f4xx_hal_cortex.o
 .text.__NVIC_SetPriority
                0x00000000080010bc       0x54 Drivers/STM32F4xx_HAL_Driver/Src/stm32f4xx_hal_cortex.o
 .text.NVIC_EncodePriority
                0x0000000008001110       0x66 Drivers/STM32F4xx_HAL_Driver/Src/stm32f4xx_hal_cortex.o
 *fill*         0x0000000008001176        0x2 
 .text.SysTick_Config
                0x0000000008001178       0x44 Drivers/STM32F4xx_HAL_Driver/Src/stm32f4xx_hal_cortex.o
 .text.HAL_NVIC_SetPriorityGrouping
                0x00000000080011bc       0x16 Drivers/STM32F4xx_HAL_Driver/Src/stm32f4xx_hal_cortex.o
                0x00000000080011bc                HAL_NVIC_SetPriorityGrouping
 .text.HAL_NVIC_SetPriority
                0x00000000080011d2       0x38 Drivers/STM32F4xx_HAL_Driver/Src/stm32f4xx_hal_cortex.o
                0x00000000080011d2                HAL_NVIC_SetPriority
 .text.HAL_NVIC_EnableIRQ
                0x000000000800120a       0x1c Drivers/STM32F4xx_HAL_Driver/Src/stm32f4xx_hal_cortex.o
                0x000000000800120a                HAL_NVIC_EnableIRQ
 .text.HAL_SYSTICK_Config
                0x0000000008001226       0x18 Drivers/STM32F4xx_HAL_Driver/Src/stm32f4xx_hal_cortex.o
                0x0000000008001226                HAL_SYSTICK_Config
 .text.HAL_DMA_Abort_IT
                0x000000000800123e       0x44 Drivers/STM32F4xx_HAL_Driver/Src/stm32f4xx_hal_dma.o
                0x000000000800123e                HAL_DMA_Abort_IT
 *fill*         0x0000000008001282        0x2 
 .text.HAL_GPIO_Init
                0x0000000008001284      0x334 Drivers/STM32F4xx_HAL_Driver/Src/stm32f4xx_hal_gpio.o
                0x0000000008001284                HAL_GPIO_Init
 .text.HAL_GPIO_ReadPin
                0x00000000080015b8       0x30 Drivers/STM32F4xx_HAL_Driver/Src/stm32f4xx_hal_gpio.o
                0x00000000080015b8                HAL_GPIO_ReadPin
 .text.HAL_GPIO_WritePin
                0x00000000080015e8       0x32 Drivers/STM32F4xx_HAL_Driver/Src/stm32f4xx_hal_gpio.o
                0x00000000080015e8                HAL_GPIO_WritePin
 *fill*         0x000000000800161a        0x2 
 .text.HAL_RCC_OscConfig
                0x000000000800161c      0x484 Drivers/STM32F4xx_HAL_Driver/Src/stm32f4xx_hal_rcc.o
                0x000000000800161c                HAL_RCC_OscConfig
 .text.HAL_RCC_ClockConfig
                0x0000000008001aa0      0x1c4 Drivers/STM32F4xx_HAL_Driver/Src/stm32f4xx_hal_rcc.o
                0x0000000008001aa0                HAL_RCC_ClockConfig
 .text.HAL_RCC_GetSysClockFreq
                0x0000000008001c64      0x1b0 Drivers/STM32F4xx_HAL_Driver/Src/stm32f4xx_hal_rcc.o
                0x0000000008001c64                HAL_RCC_GetSysClockFreq
 .text.HAL_RCC_GetHCLKFreq
                0x0000000008001e14       0x18 Drivers/STM32F4xx_HAL_Driver/Src/stm32f4xx_hal_rcc.o
                0x0000000008001e14                HAL_RCC_GetHCLKFreq
 .text.HAL_RCC_GetPCLK1Freq
                0x0000000008001e2c       0x28 Drivers/STM32F4xx_HAL_Driver/Src/stm32f4xx_hal_rcc.o
                0x0000000008001e2c                HAL_RCC_GetPCLK1Freq
 .text.HAL_RCC_GetPCLK2Freq
                0x0000000008001e54       0x28 Drivers/STM32F4xx_HAL_Driver/Src/stm32f4xx_hal_rcc.o
                0x0000000008001e54                HAL_RCC_GetPCLK2Freq
 .text.HAL_RCCEx_PeriphCLKConfig
                0x0000000008001e7c      0x1c4 Drivers/STM32F4xx_HAL_Driver/Src/stm32f4xx_hal_rcc_ex.o
                0x0000000008001e7c                HAL_RCCEx_PeriphCLKConfig
 .text.HAL_RTC_Init
                0x0000000008002040      0x122 Drivers/STM32F4xx_HAL_Driver/Src/stm32f4xx_hal_rtc.o
                0x0000000008002040                HAL_RTC_Init
 .text.HAL_RTC_SetTime
                0x0000000008002162      0x17a Drivers/STM32F4xx_HAL_Driver/Src/stm32f4xx_hal_rtc.o
                0x0000000008002162                HAL_RTC_SetTime
 .text.HAL_RTC_GetTime
                0x00000000080022dc       0xbc Drivers/STM32F4xx_HAL_Driver/Src/stm32f4xx_hal_rtc.o
                0x00000000080022dc                HAL_RTC_GetTime
 .text.HAL_RTC_SetDate
                0x0000000008002398      0x14e Drivers/STM32F4xx_HAL_Driver/Src/stm32f4xx_hal_rtc.o
                0x0000000008002398                HAL_RTC_SetDate
 .text.HAL_RTC_GetDate
                0x00000000080024e6       0x9e Drivers/STM32F4xx_HAL_Driver/Src/stm32f4xx_hal_rtc.o
                0x00000000080024e6                HAL_RTC_GetDate
 .text.HAL_RTC_WaitForSynchro
                0x0000000008002584       0x50 Drivers/STM32F4xx_HAL_Driver/Src/stm32f4xx_hal_rtc.o
                0x0000000008002584                HAL_RTC_WaitForSynchro
 .text.RTC_EnterInitMode
                0x00000000080025d4       0x58 Drivers/STM32F4xx_HAL_Driver/Src/stm32f4xx_hal_rtc.o
                0x00000000080025d4                RTC_EnterInitMode
 .text.RTC_ByteToBcd2
                0x000000000800262c       0x3c Drivers/STM32F4xx_HAL_Driver/Src/stm32f4xx_hal_rtc.o
                0x000000000800262c                RTC_ByteToBcd2
 .text.RTC_Bcd2ToByte
                0x0000000008002668       0x3c Drivers/STM32F4xx_HAL_Driver/Src/stm32f4xx_hal_rtc.o
                0x0000000008002668                RTC_Bcd2ToByte
 .text.HAL_SD_Init
                0x00000000080026a4       0x56 Drivers/STM32F4xx_HAL_Driver/Src/stm32f4xx_hal_sd.o
                0x00000000080026a4                HAL_SD_Init
 *fill*         0x00000000080026fa        0x2 
 .text.HAL_SD_InitCard
                0x00000000080026fc       0xb8 Drivers/STM32F4xx_HAL_Driver/Src/stm32f4xx_hal_sd.o
                0x00000000080026fc                HAL_SD_InitCard
 .text.HAL_SD_ReadBlocks
                0x00000000080027b4      0x32e Drivers/STM32F4xx_HAL_Driver/Src/stm32f4xx_hal_sd.o
                0x00000000080027b4                HAL_SD_ReadBlocks
 .text.HAL_SD_WriteBlocks
                0x0000000008002ae2      0x2d0 Drivers/STM32F4xx_HAL_Driver/Src/stm32f4xx_hal_sd.o
                0x0000000008002ae2                HAL_SD_WriteBlocks
 *fill*         0x0000000008002db2        0x2 
 .text.HAL_SD_IRQHandler
                0x0000000008002db4      0x2cc Drivers/STM32F4xx_HAL_Driver/Src/stm32f4xx_hal_sd.o
                0x0000000008002db4                HAL_SD_IRQHandler
 .text.HAL_SD_ErrorCallback
                0x0000000008003080       0x14 Drivers/STM32F4xx_HAL_Driver/Src/stm32f4xx_hal_sd.o
                0x0000000008003080                HAL_SD_ErrorCallback
 .text.HAL_SD_GetCardCSD
                0x0000000008003094      0x452 Drivers/STM32F4xx_HAL_Driver/Src/stm32f4xx_hal_sd.o
                0x0000000008003094                HAL_SD_GetCardCSD
 .text.HAL_SD_GetCardInfo
                0x00000000080034e6       0x58 Drivers/STM32F4xx_HAL_Driver/Src/stm32f4xx_hal_sd.o
                0x00000000080034e6                HAL_SD_GetCardInfo
 .text.HAL_SD_ConfigWideBusOperation
                0x000000000800353e       0xf8 Drivers/STM32F4xx_HAL_Driver/Src/stm32f4xx_hal_sd.o
                0x000000000800353e                HAL_SD_ConfigWideBusOperation
 .text.HAL_SD_GetCardState
                0x0000000008003636       0x4a Drivers/STM32F4xx_HAL_Driver/Src/stm32f4xx_hal_sd.o
                0x0000000008003636                HAL_SD_GetCardState
 .text.SD_DMATxAbort
                0x0000000008003680       0x7c Drivers/STM32F4xx_HAL_Driver/Src/stm32f4xx_hal_sd.o
 .text.SD_DMARxAbort
                0x00000000080036fc       0x7c Drivers/STM32F4xx_HAL_Driver/Src/stm32f4xx_hal_sd.o
 .text.SD_InitCard
                0x0000000008003778      0x192 Drivers/STM32F4xx_HAL_Driver/Src/stm32f4xx_hal_sd.o
 .text.SD_PowerON
                0x000000000800390a      0x150 Drivers/STM32F4xx_HAL_Driver/Src/stm32f4xx_hal_sd.o
 .text.SD_SendStatus
                0x0000000008003a5a       0x54 Drivers/STM32F4xx_HAL_Driver/Src/stm32f4xx_hal_sd.o
 .text.SD_WideBus_Enable
                0x0000000008003aae       0x9a Drivers/STM32F4xx_HAL_Driver/Src/stm32f4xx_hal_sd.o
 .text.SD_WideBus_Disable
                0x0000000008003b48       0x9a Drivers/STM32F4xx_HAL_Driver/Src/stm32f4xx_hal_sd.o
 .text.SD_FindSCR
                0x0000000008003be2      0x192 Drivers/STM32F4xx_HAL_Driver/Src/stm32f4xx_hal_sd.o
 .text.SD_Read_IT
                0x0000000008003d74       0x50 Drivers/STM32F4xx_HAL_Driver/Src/stm32f4xx_hal_sd.o
 .text.SD_Write_IT
                0x0000000008003dc4       0x4c Drivers/STM32F4xx_HAL_Driver/Src/stm32f4xx_hal_sd.o
 .text.HAL_SRAM_Init
                0x0000000008003e10       0x88 Drivers/STM32F4xx_HAL_Driver/Src/stm32f4xx_hal_sram.o
                0x0000000008003e10                HAL_SRAM_Init
 .text.HAL_TIM_Base_Init
                0x0000000008003e98       0x56 Drivers/STM32F4xx_HAL_Driver/Src/stm32f4xx_hal_tim.o
                0x0000000008003e98                HAL_TIM_Base_Init
 .text.HAL_TIM_IRQHandler
                0x0000000008003eee      0x210 Drivers/STM32F4xx_HAL_Driver/Src/stm32f4xx_hal_tim.o
                0x0000000008003eee                HAL_TIM_IRQHandler
 .text.HAL_TIM_ConfigClockSource
                0x00000000080040fe      0x16e Drivers/STM32F4xx_HAL_Driver/Src/stm32f4xx_hal_tim.o
                0x00000000080040fe                HAL_TIM_ConfigClockSource
 .text.HAL_TIM_PeriodElapsedCallback
                0x000000000800426c       0x14 Drivers/STM32F4xx_HAL_Driver/Src/stm32f4xx_hal_tim.o
                0x000000000800426c                HAL_TIM_PeriodElapsedCallback
 .text.HAL_TIM_OC_DelayElapsedCallback
                0x0000000008004280       0x14 Drivers/STM32F4xx_HAL_Driver/Src/stm32f4xx_hal_tim.o
                0x0000000008004280                HAL_TIM_OC_DelayElapsedCallback
 .text.HAL_TIM_IC_CaptureCallback
                0x0000000008004294       0x14 Drivers/STM32F4xx_HAL_Driver/Src/stm32f4xx_hal_tim.o
                0x0000000008004294                HAL_TIM_IC_CaptureCallback
 .text.HAL_TIM_PWM_PulseFinishedCallback
                0x00000000080042a8       0x14 Drivers/STM32F4xx_HAL_Driver/Src/stm32f4xx_hal_tim.o
                0x00000000080042a8                HAL_TIM_PWM_PulseFinishedCallback
 .text.HAL_TIM_TriggerCallback
                0x00000000080042bc       0x14 Drivers/STM32F4xx_HAL_Driver/Src/stm32f4xx_hal_tim.o
                0x00000000080042bc                HAL_TIM_TriggerCallback
 .text.TIM_Base_SetConfig
                0x00000000080042d0      0x140 Drivers/STM32F4xx_HAL_Driver/Src/stm32f4xx_hal_tim.o
                0x00000000080042d0                TIM_Base_SetConfig
 .text.TIM_TI1_ConfigInputStage
                0x0000000008004410       0x5e Drivers/STM32F4xx_HAL_Driver/Src/stm32f4xx_hal_tim.o
 .text.TIM_TI2_ConfigInputStage
                0x000000000800446e       0x60 Drivers/STM32F4xx_HAL_Driver/Src/stm32f4xx_hal_tim.o
 .text.TIM_ITRx_SetConfig
                0x00000000080044ce       0x36 Drivers/STM32F4xx_HAL_Driver/Src/stm32f4xx_hal_tim.o
 .text.TIM_ETR_SetConfig
                0x0000000008004504       0x40 Drivers/STM32F4xx_HAL_Driver/Src/stm32f4xx_hal_tim.o
                0x0000000008004504                TIM_ETR_SetConfig
 .text.HAL_TIMEx_MasterConfigSynchronization
                0x0000000008004544       0x8a Drivers/STM32F4xx_HAL_Driver/Src/stm32f4xx_hal_tim_ex.o
                0x0000000008004544                HAL_TIMEx_MasterConfigSynchronization
 .text.HAL_TIMEx_CommutCallback
                0x00000000080045ce       0x14 Drivers/STM32F4xx_HAL_Driver/Src/stm32f4xx_hal_tim_ex.o
                0x00000000080045ce                HAL_TIMEx_CommutCallback
 .text.HAL_TIMEx_BreakCallback
                0x00000000080045e2       0x14 Drivers/STM32F4xx_HAL_Driver/Src/stm32f4xx_hal_tim_ex.o
                0x00000000080045e2                HAL_TIMEx_BreakCallback
 .text.HAL_UART_Init
                0x00000000080045f6       0x9a Drivers/STM32F4xx_HAL_Driver/Src/stm32f4xx_hal_uart.o
                0x00000000080045f6                HAL_UART_Init
 .text.HAL_UART_IRQHandler
                0x0000000008004690      0x1f8 Drivers/STM32F4xx_HAL_Driver/Src/stm32f4xx_hal_uart.o
                0x0000000008004690                HAL_UART_IRQHandler
 .text.HAL_UART_TxCpltCallback
                0x0000000008004888       0x14 Drivers/STM32F4xx_HAL_Driver/Src/stm32f4xx_hal_uart.o
                0x0000000008004888                HAL_UART_TxCpltCallback
 .text.HAL_UART_RxCpltCallback
                0x000000000800489c       0x14 Drivers/STM32F4xx_HAL_Driver/Src/stm32f4xx_hal_uart.o
                0x000000000800489c                HAL_UART_RxCpltCallback
 .text.HAL_UART_ErrorCallback
                0x00000000080048b0       0x14 Drivers/STM32F4xx_HAL_Driver/Src/stm32f4xx_hal_uart.o
                0x00000000080048b0                HAL_UART_ErrorCallback
 .text.UART_EndRxTransfer
                0x00000000080048c4       0x3c Drivers/STM32F4xx_HAL_Driver/Src/stm32f4xx_hal_uart.o
 .text.UART_DMAAbortOnError
                0x0000000008004900       0x28 Drivers/STM32F4xx_HAL_Driver/Src/stm32f4xx_hal_uart.o
 .text.UART_Transmit_IT
                0x0000000008004928       0xac Drivers/STM32F4xx_HAL_Driver/Src/stm32f4xx_hal_uart.o
 .text.UART_EndTransmit_IT
                0x00000000080049d4       0x30 Drivers/STM32F4xx_HAL_Driver/Src/stm32f4xx_hal_uart.o
 .text.UART_Receive_IT
                0x0000000008004a04      0x102 Drivers/STM32F4xx_HAL_Driver/Src/stm32f4xx_hal_uart.o
 *fill*         0x0000000008004b06        0x2 
 .text.UART_SetConfig
                0x0000000008004b08      0x414 Drivers/STM32F4xx_HAL_Driver/Src/stm32f4xx_hal_uart.o
 .text.FSMC_NORSRAM_Init
                0x0000000008004f1c       0xa4 Drivers/STM32F4xx_HAL_Driver/Src/stm32f4xx_ll_fsmc.o
                0x0000000008004f1c                FSMC_NORSRAM_Init
 .text.FSMC_NORSRAM_Timing_Init
                0x0000000008004fc0       0x7a Drivers/STM32F4xx_HAL_Driver/Src/stm32f4xx_ll_fsmc.o
                0x0000000008004fc0                FSMC_NORSRAM_Timing_Init
 *fill*         0x000000000800503a        0x2 
 .text.FSMC_NORSRAM_Extended_Timing_Init
                0x000000000800503c       0x80 Drivers/STM32F4xx_HAL_Driver/Src/stm32f4xx_ll_fsmc.o
                0x000000000800503c                FSMC_NORSRAM_Extended_Timing_Init
 .text.SDIO_Init
                0x00000000080050bc       0x56 Drivers/STM32F4xx_HAL_Driver/Src/stm32f4xx_ll_sdmmc.o
                0x00000000080050bc                SDIO_Init
 .text.SDIO_ReadFIFO
                0x0000000008005112       0x1a Drivers/STM32F4xx_HAL_Driver/Src/stm32f4xx_ll_sdmmc.o
                0x0000000008005112                SDIO_ReadFIFO
 .text.SDIO_WriteFIFO
                0x000000000800512c       0x22 Drivers/STM32F4xx_HAL_Driver/Src/stm32f4xx_ll_sdmmc.o
                0x000000000800512c                SDIO_WriteFIFO
 .text.SDIO_PowerState_ON
                0x000000000800514e       0x1c Drivers/STM32F4xx_HAL_Driver/Src/stm32f4xx_ll_sdmmc.o
                0x000000000800514e                SDIO_PowerState_ON
 .text.SDIO_GetPowerState
                0x000000000800516a       0x1c Drivers/STM32F4xx_HAL_Driver/Src/stm32f4xx_ll_sdmmc.o
                0x000000000800516a                SDIO_GetPowerState
 .text.SDIO_SendCommand
                0x0000000008005186       0x54 Drivers/STM32F4xx_HAL_Driver/Src/stm32f4xx_ll_sdmmc.o
                0x0000000008005186                SDIO_SendCommand
 .text.SDIO_GetCommandResponse
                0x00000000080051da       0x1a Drivers/STM32F4xx_HAL_Driver/Src/stm32f4xx_ll_sdmmc.o
                0x00000000080051da                SDIO_GetCommandResponse
 .text.SDIO_GetResponse
                0x00000000080051f4       0x2a Drivers/STM32F4xx_HAL_Driver/Src/stm32f4xx_ll_sdmmc.o
                0x00000000080051f4                SDIO_GetResponse
 .text.SDIO_ConfigData
                0x000000000800521e       0x58 Drivers/STM32F4xx_HAL_Driver/Src/stm32f4xx_ll_sdmmc.o
                0x000000000800521e                SDIO_ConfigData
 .text.SDMMC_CmdBlockLength
                0x0000000008005276       0x48 Drivers/STM32F4xx_HAL_Driver/Src/stm32f4xx_ll_sdmmc.o
                0x0000000008005276                SDMMC_CmdBlockLength
 .text.SDMMC_CmdReadSingleBlock
                0x00000000080052be       0x48 Drivers/STM32F4xx_HAL_Driver/Src/stm32f4xx_ll_sdmmc.o
                0x00000000080052be                SDMMC_CmdReadSingleBlock
 .text.SDMMC_CmdReadMultiBlock
                0x0000000008005306       0x48 Drivers/STM32F4xx_HAL_Driver/Src/stm32f4xx_ll_sdmmc.o
                0x0000000008005306                SDMMC_CmdReadMultiBlock
 .text.SDMMC_CmdWriteSingleBlock
                0x000000000800534e       0x48 Drivers/STM32F4xx_HAL_Driver/Src/stm32f4xx_ll_sdmmc.o
                0x000000000800534e                SDMMC_CmdWriteSingleBlock
 .text.SDMMC_CmdWriteMultiBlock
                0x0000000008005396       0x48 Drivers/STM32F4xx_HAL_Driver/Src/stm32f4xx_ll_sdmmc.o
                0x0000000008005396                SDMMC_CmdWriteMultiBlock
 *fill*         0x00000000080053de        0x2 
 .text.SDMMC_CmdStopTransfer
                0x00000000080053e0       0x48 Drivers/STM32F4xx_HAL_Driver/Src/stm32f4xx_ll_sdmmc.o
                0x00000000080053e0                SDMMC_CmdStopTransfer
 .text.SDMMC_CmdSelDesel
                0x0000000008005428       0x4a Drivers/STM32F4xx_HAL_Driver/Src/stm32f4xx_ll_sdmmc.o
                0x0000000008005428                SDMMC_CmdSelDesel
 .text.SDMMC_CmdGoIdleState
                0x0000000008005472       0x40 Drivers/STM32F4xx_HAL_Driver/Src/stm32f4xx_ll_sdmmc.o
                0x0000000008005472                SDMMC_CmdGoIdleState
 .text.SDMMC_CmdOperCond
                0x00000000080054b2       0x42 Drivers/STM32F4xx_HAL_Driver/Src/stm32f4xx_ll_sdmmc.o
                0x00000000080054b2                SDMMC_CmdOperCond
 .text.SDMMC_CmdAppCommand
                0x00000000080054f4       0x48 Drivers/STM32F4xx_HAL_Driver/Src/stm32f4xx_ll_sdmmc.o
                0x00000000080054f4                SDMMC_CmdAppCommand
 .text.SDMMC_CmdAppOperCommand
                0x000000000800553c       0x4a Drivers/STM32F4xx_HAL_Driver/Src/stm32f4xx_ll_sdmmc.o
                0x000000000800553c                SDMMC_CmdAppOperCommand
 .text.SDMMC_CmdBusWidth
                0x0000000008005586       0x48 Drivers/STM32F4xx_HAL_Driver/Src/stm32f4xx_ll_sdmmc.o
                0x0000000008005586                SDMMC_CmdBusWidth
 .text.SDMMC_CmdSendSCR
                0x00000000080055ce       0x46 Drivers/STM32F4xx_HAL_Driver/Src/stm32f4xx_ll_sdmmc.o
                0x00000000080055ce                SDMMC_CmdSendSCR
 .text.SDMMC_CmdSendCID
                0x0000000008005614       0x40 Drivers/STM32F4xx_HAL_Driver/Src/stm32f4xx_ll_sdmmc.o
                0x0000000008005614                SDMMC_CmdSendCID
 .text.SDMMC_CmdSendCSD
                0x0000000008005654       0x42 Drivers/STM32F4xx_HAL_Driver/Src/stm32f4xx_ll_sdmmc.o
                0x0000000008005654                SDMMC_CmdSendCSD
 .text.SDMMC_CmdSetRelAdd
                0x0000000008005696       0x46 Drivers/STM32F4xx_HAL_Driver/Src/stm32f4xx_ll_sdmmc.o
                0x0000000008005696                SDMMC_CmdSetRelAdd
 .text.SDMMC_CmdSendStatus
                0x00000000080056dc       0x48 Drivers/STM32F4xx_HAL_Driver/Src/stm32f4xx_ll_sdmmc.o
                0x00000000080056dc                SDMMC_CmdSendStatus
 .text.SDMMC_GetCmdError
                0x0000000008005724       0x54 Drivers/STM32F4xx_HAL_Driver/Src/stm32f4xx_ll_sdmmc.o
 .text.SDMMC_GetCmdResp1
                0x0000000008005778      0x1cc Drivers/STM32F4xx_HAL_Driver/Src/stm32f4xx_ll_sdmmc.o
 .text.SDMMC_GetCmdResp2
                0x0000000008005944       0x80 Drivers/STM32F4xx_HAL_Driver/Src/stm32f4xx_ll_sdmmc.o
 .text.SDMMC_GetCmdResp3
                0x00000000080059c4       0x68 Drivers/STM32F4xx_HAL_Driver/Src/stm32f4xx_ll_sdmmc.o
 .text.SDMMC_GetCmdResp6
                0x0000000008005a2c       0xdc Drivers/STM32F4xx_HAL_Driver/Src/stm32f4xx_ll_sdmmc.o
 .text.SDMMC_GetCmdResp7
                0x0000000008005b08       0x74 Drivers/STM32F4xx_HAL_Driver/Src/stm32f4xx_ll_sdmmc.o
 .text.disk_status
                0x0000000008005b7c       0x34 Middlewares/Third_Party/FatFs/src/diskio.o
                0x0000000008005b7c                disk_status
 .text.disk_initialize
                0x0000000008005bb0       0x4c Middlewares/Third_Party/FatFs/src/diskio.o
                0x0000000008005bb0                disk_initialize
 .text.disk_read
                0x0000000008005bfc       0x40 Middlewares/Third_Party/FatFs/src/diskio.o
                0x0000000008005bfc                disk_read
 .text.disk_write
                0x0000000008005c3c       0x40 Middlewares/Third_Party/FatFs/src/diskio.o
                0x0000000008005c3c                disk_write
 .text.disk_ioctl
                0x0000000008005c7c       0x3c Middlewares/Third_Party/FatFs/src/diskio.o
                0x0000000008005c7c                disk_ioctl
 .text.ld_word  0x0000000008005cb8       0x30 Middlewares/Third_Party/FatFs/src/ff.o
 .text.ld_dword
                0x0000000008005ce8       0x46 Middlewares/Third_Party/FatFs/src/ff.o
 .text.st_word  0x0000000008005d2e       0x36 Middlewares/Third_Party/FatFs/src/ff.o
 .text.st_dword
                0x0000000008005d64       0x58 Middlewares/Third_Party/FatFs/src/ff.o
 .text.mem_cpy  0x0000000008005dbc       0x42 Middlewares/Third_Party/FatFs/src/ff.o
 .text.mem_set  0x0000000008005dfe       0x34 Middlewares/Third_Party/FatFs/src/ff.o
 .text.mem_cmp  0x0000000008005e32       0x4e Middlewares/Third_Party/FatFs/src/ff.o
 .text.chk_chr  0x0000000008005e80       0x36 Middlewares/Third_Party/FatFs/src/ff.o
 *fill*         0x0000000008005eb6        0x2 
 .text.chk_lock
                0x0000000008005eb8       0xb8 Middlewares/Third_Party/FatFs/src/ff.o
 .text.enq_lock
                0x0000000008005f70       0x44 Middlewares/Third_Party/FatFs/src/ff.o
 .text.inc_lock
                0x0000000008005fb4      0x11c Middlewares/Third_Party/FatFs/src/ff.o
 .text.dec_lock
                0x00000000080060d0       0x78 Middlewares/Third_Party/FatFs/src/ff.o
 .text.clear_lock
                0x0000000008006148       0x48 Middlewares/Third_Party/FatFs/src/ff.o
 .text.sync_window
                0x0000000008006190       0x88 Middlewares/Third_Party/FatFs/src/ff.o
 .text.move_window
                0x0000000008006218       0x5a Middlewares/Third_Party/FatFs/src/ff.o
 *fill*         0x0000000008006272        0x2 
 .text.sync_fs  0x0000000008006274       0xdc Middlewares/Third_Party/FatFs/src/ff.o
 .text.clust2sect
                0x0000000008006350       0x3e Middlewares/Third_Party/FatFs/src/ff.o
 .text.get_fat  0x000000000800638e      0x14a Middlewares/Third_Party/FatFs/src/ff.o
 .text.put_fat  0x00000000080064d8      0x1ce Middlewares/Third_Party/FatFs/src/ff.o
 .text.remove_chain
                0x00000000080066a6       0xca Middlewares/Third_Party/FatFs/src/ff.o
 .text.create_chain
                0x0000000008006770      0x130 Middlewares/Third_Party/FatFs/src/ff.o
 .text.clmt_clust
                0x00000000080068a0       0x68 Middlewares/Third_Party/FatFs/src/ff.o
 .text.dir_sdi  0x0000000008006908       0xf6 Middlewares/Third_Party/FatFs/src/ff.o
 .text.dir_next
                0x00000000080069fe      0x18a Middlewares/Third_Party/FatFs/src/ff.o
 .text.dir_alloc
                0x0000000008006b88       0x8e Middlewares/Third_Party/FatFs/src/ff.o
 .text.ld_clust
                0x0000000008006c16       0x3e Middlewares/Third_Party/FatFs/src/ff.o
 .text.st_clust
                0x0000000008006c54       0x40 Middlewares/Third_Party/FatFs/src/ff.o
 .text.dir_read
                0x0000000008006c94       0xba Middlewares/Third_Party/FatFs/src/ff.o
 .text.dir_find
                0x0000000008006d4e       0xaa Middlewares/Third_Party/FatFs/src/ff.o
 .text.dir_register
                0x0000000008006df8       0x64 Middlewares/Third_Party/FatFs/src/ff.o
 .text.dir_remove
                0x0000000008006e5c       0x3c Middlewares/Third_Party/FatFs/src/ff.o
 .text.get_fileinfo
                0x0000000008006e98       0xbe Middlewares/Third_Party/FatFs/src/ff.o
 *fill*         0x0000000008006f56        0x2 
 .text.create_name
                0x0000000008006f58      0x128 Middlewares/Third_Party/FatFs/src/ff.o
 .text.follow_path
                0x0000000008007080       0xe2 Middlewares/Third_Party/FatFs/src/ff.o
 .text.get_ldnumber
                0x0000000008007162       0x88 Middlewares/Third_Party/FatFs/src/ff.o
 *fill*         0x00000000080071ea        0x2 
 .text.check_fs
                0x00000000080071ec       0xac Middlewares/Third_Party/FatFs/src/ff.o
 .text.find_volume
                0x0000000008007298      0x498 Middlewares/Third_Party/FatFs/src/ff.o
 .text.validate
                0x0000000008007730       0x6a Middlewares/Third_Party/FatFs/src/ff.o
 *fill*         0x000000000800779a        0x2 
 .text.f_mount  0x000000000800779c       0x8c Middlewares/Third_Party/FatFs/src/ff.o
                0x000000000800779c                f_mount
 .text.f_open   0x0000000008007828      0x37c Middlewares/Third_Party/FatFs/src/ff.o
                0x0000000008007828                f_open
 .text.f_read   0x0000000008007ba4      0x27e Middlewares/Third_Party/FatFs/src/ff.o
                0x0000000008007ba4                f_read
 .text.f_write  0x0000000008007e22      0x2ea Middlewares/Third_Party/FatFs/src/ff.o
                0x0000000008007e22                f_write
 .text.f_sync   0x000000000800810c       0xfc Middlewares/Third_Party/FatFs/src/ff.o
                0x000000000800810c                f_sync
 .text.f_close  0x0000000008008208       0x54 Middlewares/Third_Party/FatFs/src/ff.o
                0x0000000008008208                f_close
 .text.f_opendir
                0x000000000800825c       0xe6 Middlewares/Third_Party/FatFs/src/ff.o
                0x000000000800825c                f_opendir
 .text.f_readdir
                0x0000000008008342       0x7a Middlewares/Third_Party/FatFs/src/ff.o
                0x0000000008008342                f_readdir
 .text.f_stat   0x00000000080083bc       0x72 Middlewares/Third_Party/FatFs/src/ff.o
                0x00000000080083bc                f_stat
 .text.f_unlink
                0x000000000800842e      0x156 Middlewares/Third_Party/FatFs/src/ff.o
                0x000000000800842e                f_unlink
 .text.f_gets   0x0000000008008584       0x7a Middlewares/Third_Party/FatFs/src/ff.o
                0x0000000008008584                f_gets
 .text.putc_bfd
                0x00000000080085fe       0x7a Middlewares/Third_Party/FatFs/src/ff.o
 .text.putc_flush
                0x0000000008008678       0x4c Middlewares/Third_Party/FatFs/src/ff.o
 .text.putc_init
                0x00000000080086c4       0x2a Middlewares/Third_Party/FatFs/src/ff.o
 *fill*         0x00000000080086ee        0x2 
 .text.f_printf
                0x00000000080086f0      0x440 Middlewares/Third_Party/FatFs/src/ff.o
                0x00000000080086f0                f_printf
 .text.FATFS_LinkDriverEx
                0x0000000008008b30       0x98 Middlewares/Third_Party/FatFs/src/ff_gen_drv.o
                0x0000000008008b30                FATFS_LinkDriverEx
 .text.FATFS_LinkDriver
                0x0000000008008bc8       0x1e Middlewares/Third_Party/FatFs/src/ff_gen_drv.o
                0x0000000008008bc8                FATFS_LinkDriver
 *fill*         0x0000000008008be6        0x2 
 .text.BSP_SD_Init
                0x0000000008008be8       0x4c Src/bsp_driver_sd.o
                0x0000000008008be8                BSP_SD_Init
 .text.BSP_SD_ReadBlocks
                0x0000000008008c34       0x3c Src/bsp_driver_sd.o
                0x0000000008008c34                BSP_SD_ReadBlocks
 .text.BSP_SD_WriteBlocks
                0x0000000008008c70       0x3c Src/bsp_driver_sd.o
                0x0000000008008c70                BSP_SD_WriteBlocks
 .text.BSP_SD_GetCardState
                0x0000000008008cac       0x20 Src/bsp_driver_sd.o
                0x0000000008008cac                BSP_SD_GetCardState
 .text.BSP_SD_GetCardInfo
                0x0000000008008ccc       0x1c Src/bsp_driver_sd.o
                0x0000000008008ccc                BSP_SD_GetCardInfo
 .text.HAL_SD_AbortCallback
                0x0000000008008ce8       0x14 Src/bsp_driver_sd.o
                0x0000000008008ce8                HAL_SD_AbortCallback
 .text.HAL_SD_TxCpltCallback
                0x0000000008008cfc       0x14 Src/bsp_driver_sd.o
                0x0000000008008cfc                HAL_SD_TxCpltCallback
 .text.HAL_SD_RxCpltCallback
                0x0000000008008d10       0x14 Src/bsp_driver_sd.o
                0x0000000008008d10                HAL_SD_RxCpltCallback
 .text.BSP_SD_AbortCallback
                0x0000000008008d24        0xe Src/bsp_driver_sd.o
                0x0000000008008d24                BSP_SD_AbortCallback
 .text.BSP_SD_WriteCpltCallback
                0x0000000008008d32        0xe Src/bsp_driver_sd.o
                0x0000000008008d32                BSP_SD_WriteCpltCallback
 .text.BSP_SD_ReadCpltCallback
                0x0000000008008d40        0xe Src/bsp_driver_sd.o
                0x0000000008008d40                BSP_SD_ReadCpltCallback
 .text.BSP_SD_IsDetected
                0x0000000008008d4e       0x24 Src/bsp_driver_sd.o
                0x0000000008008d4e                BSP_SD_IsDetected
 *fill*         0x0000000008008d72        0x2 
 .text.MX_FATFS_Init
                0x0000000008008d74       0x24 Src/fatfs.o
                0x0000000008008d74                MX_FATFS_Init
 .text.get_fattime
                0x0000000008008d98       0x10 Src/fatfs.o
                0x0000000008008d98                get_fattime
 .text.BSP_PlatformIsDetected
                0x0000000008008da8       0x2c Src/fatfs_platform.o
                0x0000000008008da8                BSP_PlatformIsDetected
 .text.MX_FSMC_Init
                0x0000000008008dd4       0xc0 Src/fsmc.o
                0x0000000008008dd4                MX_FSMC_Init
 .text.HAL_FSMC_MspInit
                0x0000000008008e94       0x98 Src/fsmc.o
 .text.HAL_SRAM_MspInit
                0x0000000008008f2c       0x14 Src/fsmc.o
                0x0000000008008f2c                HAL_SRAM_MspInit
 .text.strtod_M
                0x0000000008008f40      0x170 Src/gcode.o
                0x0000000008008f40                strtod_M
 .text.read_double
                0x00000000080090b0       0x60 Src/gcode.o
 .text.next_statement
                0x0000000008009110       0xcc Src/gcode.o
 *fill*         0x00000000080091dc        0x4 
 .text.gc_init  0x00000000080091e0       0x5c Src/gcode.o
                0x00000000080091e0                gc_init
 *fill*         0x000000000800923c        0x4 
 .text.to_millimeters
                0x0000000008009240       0x4c Src/gcode.o
 *fill*         0x000000000800928c        0x4 
 .text.mc_arc   0x0000000008009290      0x784 Src/gcode.o
 *fill*         0x0000000008009a14        0x4 
 .text.gc_execute_line
                0x0000000008009a18      0xe58 Src/gcode.o
                0x0000000008009a18                gc_execute_line
 .text.crdXtoScr
                0x000000000800a870       0x54 Src/gcode_exec.o
 .text.crdYtoScr
                0x000000000800a8c4       0x60 Src/gcode_exec.o
 *fill*         0x000000000800a924        0x4 
 .text.initGcodeProc
                0x000000000800a928      0x1a8 Src/gcode_exec.o
 .text.cnc_gfile
                0x000000000800aad0      0x7d4 Src/gcode_exec.o
                0x000000000800aad0                cnc_gfile
 .text.calcColor
                0x000000000800b2a4       0xba Src/gcode_exec.o
                0x000000000800b2a4                calcColor
 *fill*         0x000000000800b35e        0x2 
 .text.cnc_dwell
                0x000000000800b360       0x34 Src/gcode_exec.o
                0x000000000800b360                cnc_dwell
 .text.cnc_waitSMotorReady
                0x000000000800b394      0x2f8 Src/gcode_exec.o
 *fill*         0x000000000800b68c        0x4 
 .text.sendLine
                0x000000000800b690      0x3d0 Src/gcode_exec.o
 .text.smothLine
                0x000000000800ba60     0x1de8 Src/gcode_exec.o
                0x000000000800ba60                smothLine
 .text.cnc_line
                0x000000000800d848      0x2cc Src/gcode_exec.o
                0x000000000800d848                cnc_line
 .text.cnc_end  0x000000000800db14       0x18 Src/gcode_exec.o
                0x000000000800db14                cnc_end
 .text.MX_GPIO_Init
                0x000000000800db2c      0x234 Src/gpio.o
                0x000000000800db2c                MX_GPIO_Init
 .text.SystemStartup
                0x000000000800dd60       0x24 Src/hw_config.o
                0x000000000800dd60                SystemStartup
 .text.kbd_putKey
                0x000000000800dd84       0x40 Src/keyboard.o
 .text.kbd_proc
                0x000000000800ddc4      0x134 Src/keyboard.o
                0x000000000800ddc4                kbd_proc
 .text.kbd_getKey
                0x000000000800def8       0x3c Src/keyboard.o
                0x000000000800def8                kbd_getKey
 .text.LCD_WR_REG
                0x000000000800df34       0x20 Src/lcd.o
                0x000000000800df34                LCD_WR_REG
 .text.LCD_WR_DATA
                0x000000000800df54       0x20 Src/lcd.o
                0x000000000800df54                LCD_WR_DATA
 .text.LCD_RD_DATA
                0x000000000800df74       0x20 Src/lcd.o
                0x000000000800df74                LCD_RD_DATA
 .text.LCD_WriteReg
                0x000000000800df94       0x2c Src/lcd.o
                0x000000000800df94                LCD_WriteReg
 .text.LCD_ReadReg
                0x000000000800dfc0       0x2e Src/lcd.o
                0x000000000800dfc0                LCD_ReadReg
 *fill*         0x000000000800dfee        0x2 
 .text.LCD_WriteRAM_Prepare
                0x000000000800dff0       0x20 Src/lcd.o
                0x000000000800dff0                LCD_WriteRAM_Prepare
 .text.LCD_SetCursor
                0x000000000800e010      0x184 Src/lcd.o
                0x000000000800e010                LCD_SetCursor
 .text.LCD_Scan_Dir
                0x000000000800e194      0x3f0 Src/lcd.o
                0x000000000800e194                LCD_Scan_Dir
 .text.LCD_Fast_DrawPoint
                0x000000000800e584      0x198 Src/lcd.o
                0x000000000800e584                LCD_Fast_DrawPoint
 .text.LCD_Display_Dir
                0x000000000800e71c      0x1b8 Src/lcd.o
                0x000000000800e71c                LCD_Display_Dir
 .text.LCD_Init
                0x000000000800e8d4     0x3750 Src/lcd.o
                0x000000000800e8d4                LCD_Init
 .text.LCD_Clear
                0x0000000008012024       0x9c Src/lcd.o
                0x0000000008012024                LCD_Clear
 .text.LCD_DrawLine
                0x00000000080120c0      0x108 Src/lcd.o
                0x00000000080120c0                LCD_DrawLine
 .text.LCD_VLine
                0x00000000080121c8       0x3e Src/lcd.o
                0x00000000080121c8                LCD_VLine
 *fill*         0x0000000008012206        0x2 
 .text.LCD_PutChar
                0x0000000008012208       0xd0 Src/lcd.o
                0x0000000008012208                LCD_PutChar
 .text.GUI_Line
                0x00000000080122d8      0x2de Src/lcd_api.o
                0x00000000080122d8                GUI_Line
 .text.GUI_Rectangle
                0x00000000080125b6       0x94 Src/lcd_api.o
                0x00000000080125b6                GUI_Rectangle
 .text.str_trim
                0x000000000801264a       0x52 Src/main.o
                0x000000000801264a                str_trim
 .text.initSmParam
                0x000000000801269c      0x374 Src/main.o
 .text.showStatusString
                0x0000000008012a10      0x244 Src/main.o
 .text.showCriticalStatus
                0x0000000008012c54       0x20 Src/main.o
                0x0000000008012c54                showCriticalStatus
 .text.readFileList
                0x0000000008012c74      0x1d4 Src/main.o
 .text.drawFileList
                0x0000000008012e48       0xe4 Src/main.o
 .text.questionYesNo
                0x0000000008012f2c       0x48 Src/main.o
                0x0000000008012f2c                questionYesNo
 .text.setTime  0x0000000008012f74      0x290 Src/main.o
 .text.main     0x0000000008013204      0x664 Src/main.o
                0x0000000008013204                main
 .text.SystemClock_Config
                0x0000000008013868      0x104 Src/main.o
                0x0000000008013868                SystemClock_Config
 .text.Error_Handler
                0x000000000801396c        0xe Src/main.o
                0x000000000801396c                Error_Handler
 *fill*         0x000000000801397a        0x2 
 .text.MX_RTC_Init
                0x000000000801397c       0xb4 Src/rtc.o
                0x000000000801397c                MX_RTC_Init
 .text.HAL_RTC_MspInit
                0x0000000008013a30       0x2c Src/rtc.o
                0x0000000008013a30                HAL_RTC_MspInit
 .text.RTC_GetCounter
                0x0000000008013a5c      0x15c Src/rtc.o
                0x0000000008013a5c                RTC_GetCounter
 .text.scr_setfullTextWindow
                0x0000000008013bb8       0x38 Src/scr_io.o
                0x0000000008013bb8                scr_setfullTextWindow
 .text.scr_setTextWindow
                0x0000000008013bf0       0x94 Src/scr_io.o
                0x0000000008013bf0                scr_setTextWindow
 .text.scr_setScrollOn
                0x0000000008013c84       0x20 Src/scr_io.o
                0x0000000008013c84                scr_setScrollOn
 .text.scr_gotoxy
                0x0000000008013ca4       0x30 Src/scr_io.o
                0x0000000008013ca4                scr_gotoxy
 .text.scr_getCurRow
                0x0000000008013cd4       0x18 Src/scr_io.o
                0x0000000008013cd4                scr_getCurRow
 .text.scr_getCurCol
                0x0000000008013cec       0x18 Src/scr_io.o
                0x0000000008013cec                scr_getCurCol
 .text.scr_fontColor
                0x0000000008013d04       0x48 Src/scr_io.o
                0x0000000008013d04                scr_fontColor
 .text.scr_fontColorInvers
                0x0000000008013d4c       0x30 Src/scr_io.o
                0x0000000008013d4c                scr_fontColorInvers
 .text.scr_fontColorNormal
                0x0000000008013d7c       0x30 Src/scr_io.o
                0x0000000008013d7c                scr_fontColorNormal
 .text.scr_putc
                0x0000000008013dac      0x14c Src/scr_io.o
                0x0000000008013dac                scr_putc
 .text.scr_puts
                0x0000000008013ef8       0x28 Src/scr_io.o
                0x0000000008013ef8                scr_puts
 .text.scr_clrEndl
                0x0000000008013f20       0x28 Src/scr_io.o
                0x0000000008013f20                scr_clrEndl
 .text.scr_itoa
                0x0000000008013f48      0x12c Src/scr_io.o
                0x0000000008013f48                scr_itoa
 .text.scr_ftoa
                0x0000000008014074       0xa0 Src/scr_io.o
                0x0000000008014074                scr_ftoa
 .text.scr_printf
                0x0000000008014114      0x1a0 Src/scr_io.o
                0x0000000008014114                scr_printf
 .text.win_showWindow
                0x00000000080142b4      0x114 Src/scr_io.o
 .text.win_showErrorWin
                0x00000000080143c8       0x36 Src/scr_io.o
                0x00000000080143c8                win_showErrorWin
 .text.win_showMsgWin
                0x00000000080143fe       0x38 Src/scr_io.o
                0x00000000080143fe                win_showMsgWin
 .text.win_showMenu
                0x0000000008014436       0x52 Src/scr_io.o
                0x0000000008014436                win_showMenu
 .text.win_showMenuScroll
                0x0000000008014488      0x13a Src/scr_io.o
                0x0000000008014488                win_showMenuScroll
 *fill*         0x00000000080145c2        0x2 
 .text.scr_waitKey
                0x00000000080145c4       0x94 Src/scr_io.o
                0x00000000080145c4                scr_waitKey
 .text.SD_CheckStatus
                0x0000000008014658       0x3c Src/sd_diskio.o
 .text.SD_initialize
                0x0000000008014694       0x3c Src/sd_diskio.o
                0x0000000008014694                SD_initialize
 .text.SD_status
                0x00000000080146d0       0x1c Src/sd_diskio.o
                0x00000000080146d0                SD_status
 .text.SD_read  0x00000000080146ec       0x42 Src/sd_diskio.o
                0x00000000080146ec                SD_read
 .text.SD_write
                0x000000000801472e       0x42 Src/sd_diskio.o
                0x000000000801472e                SD_write
 .text.SD_ioctl
                0x0000000008014770       0xb0 Src/sd_diskio.o
                0x0000000008014770                SD_ioctl
 .text.MX_SDIO_SD_Init
                0x0000000008014820       0x40 Src/sdio.o
                0x0000000008014820                MX_SDIO_SD_Init
 .text.HAL_SD_MspInit
                0x0000000008014860       0xe0 Src/sdio.o
                0x0000000008014860                HAL_SD_MspInit
 .text.stepm_powerOff
                0x0000000008014940       0x84 Src/stepmotor.o
 .text.stepm_init
                0x00000000080149c4       0xac Src/stepmotor.o
                0x00000000080149c4                stepm_init
 .text.stepm_proc
                0x0000000008014a70      0x4ac Src/stepmotor.o
                0x0000000008014a70                stepm_proc
 .text.stepm_EmergeStop
                0x0000000008014f1c       0x78 Src/stepmotor.o
                0x0000000008014f1c                stepm_EmergeStop
 .text.stepm_addMove
                0x0000000008014f94      0x140 Src/stepmotor.o
                0x0000000008014f94                stepm_addMove
 .text.stepm_getRemainLines
                0x00000000080150d4       0x18 Src/stepmotor.o
                0x00000000080150d4                stepm_getRemainLines
 .text.stepm_inProc
                0x00000000080150ec       0x58 Src/stepmotor.o
                0x00000000080150ec                stepm_inProc
 .text.stepm_LinesBufferIsFull
                0x0000000008015144       0x20 Src/stepmotor.o
                0x0000000008015144                stepm_LinesBufferIsFull
 .text.stepm_getCurGlobalStepsNum
                0x0000000008015164       0x2c Src/stepmotor.o
                0x0000000008015164                stepm_getCurGlobalStepsNum
 .text.step_dump
                0x0000000008015190       0x80 Src/stepmotor.o
                0x0000000008015190                step_dump
 .text.HAL_MspInit
                0x0000000008015210       0x5c Src/stm32f4xx_hal_msp.o
                0x0000000008015210                HAL_MspInit
 .text.__NVIC_ClearPendingIRQ
                0x000000000801526c       0x3c Src/stm32f4xx_it.o
 .text.NMI_Handler
                0x00000000080152a8        0xe Src/stm32f4xx_it.o
                0x00000000080152a8                NMI_Handler
 .text.HardFault_Handler
                0x00000000080152b6        0x6 Src/stm32f4xx_it.o
                0x00000000080152b6                HardFault_Handler
 .text.MemManage_Handler
                0x00000000080152bc        0x6 Src/stm32f4xx_it.o
                0x00000000080152bc                MemManage_Handler
 .text.BusFault_Handler
                0x00000000080152c2        0x6 Src/stm32f4xx_it.o
                0x00000000080152c2                BusFault_Handler
 .text.UsageFault_Handler
                0x00000000080152c8        0x6 Src/stm32f4xx_it.o
                0x00000000080152c8                UsageFault_Handler
 .text.SVC_Handler
                0x00000000080152ce        0xe Src/stm32f4xx_it.o
                0x00000000080152ce                SVC_Handler
 .text.DebugMon_Handler
                0x00000000080152dc        0xe Src/stm32f4xx_it.o
                0x00000000080152dc                DebugMon_Handler
 .text.PendSV_Handler
                0x00000000080152ea        0xe Src/stm32f4xx_it.o
                0x00000000080152ea                PendSV_Handler
 .text.SysTick_Handler
                0x00000000080152f8       0x68 Src/stm32f4xx_it.o
                0x00000000080152f8                SysTick_Handler
 .text.RCC_IRQHandler
                0x0000000008015360        0xe Src/stm32f4xx_it.o
                0x0000000008015360                RCC_IRQHandler
 *fill*         0x000000000801536e        0x2 
 .text.TIM2_IRQHandler
                0x0000000008015370       0x20 Src/stm32f4xx_it.o
                0x0000000008015370                TIM2_IRQHandler
 .text.TIM3_IRQHandler
                0x0000000008015390       0x20 Src/stm32f4xx_it.o
                0x0000000008015390                TIM3_IRQHandler
 .text.TIM4_IRQHandler
                0x00000000080153b0       0x20 Src/stm32f4xx_it.o
                0x00000000080153b0                TIM4_IRQHandler
 .text.USART1_IRQHandler
                0x00000000080153d0       0x14 Src/stm32f4xx_it.o
                0x00000000080153d0                USART1_IRQHandler
 .text.SDIO_IRQHandler
                0x00000000080153e4       0x14 Src/stm32f4xx_it.o
                0x00000000080153e4                SDIO_IRQHandler
 .text.TIM5_IRQHandler
                0x00000000080153f8       0x20 Src/stm32f4xx_it.o
                0x00000000080153f8                TIM5_IRQHandler
 .text.SystemInit
                0x0000000008015418       0x6c Src/system_stm32f4xx.o
                0x0000000008015418                SystemInit
 .text.MX_TIM2_Init
                0x0000000008015484       0x98 Src/tim.o
                0x0000000008015484                MX_TIM2_Init
 .text.MX_TIM3_Init
                0x000000000801551c       0x9c Src/tim.o
                0x000000000801551c                MX_TIM3_Init
 .text.MX_TIM4_Init
                0x00000000080155b8       0x9c Src/tim.o
                0x00000000080155b8                MX_TIM4_Init
 .text.MX_TIM5_Init
                0x0000000008015654       0x9c Src/tim.o
                0x0000000008015654                MX_TIM5_Init
 .text.HAL_TIM_Base_MspInit
                0x00000000080156f0      0x190 Src/tim.o
                0x00000000080156f0                HAL_TIM_Base_MspInit
 .text.MX_USART1_UART_Init
                0x0000000008015880       0x54 Src/usart.o
                0x0000000008015880                MX_USART1_UART_Init
 .text.HAL_UART_MspInit
                0x00000000080158d4       0xa0 Src/usart.o
                0x00000000080158d4                HAL_UART_MspInit
 .text.Reset_Handler
                0x0000000008015974       0x50 Startup/startup_stm32f407vetx.o
                0x0000000008015974                Reset_Handler
 .text.Default_Handler
                0x00000000080159c4        0x2 Startup/startup_stm32f407vetx.o
                0x00000000080159c4                RTC_Alarm_IRQHandler
                0x00000000080159c4                HASH_RNG_IRQHandler
                0x00000000080159c4                EXTI2_IRQHandler
                0x00000000080159c4                TIM8_CC_IRQHandler
                0x00000000080159c4                TIM1_CC_IRQHandler
                0x00000000080159c4                DMA2_Stream5_IRQHandler
                0x00000000080159c4                DMA1_Stream5_IRQHandler
                0x00000000080159c4                PVD_IRQHandler
                0x00000000080159c4                TAMP_STAMP_IRQHandler
                0x00000000080159c4                CAN2_RX1_IRQHandler
                0x00000000080159c4                EXTI3_IRQHandler
                0x00000000080159c4                TIM8_TRG_COM_TIM14_IRQHandler
                0x00000000080159c4                TIM1_UP_TIM10_IRQHandler
                0x00000000080159c4                TIM8_UP_TIM13_IRQHandler
                0x00000000080159c4                I2C3_ER_IRQHandler
                0x00000000080159c4                EXTI0_IRQHandler
                0x00000000080159c4                I2C2_EV_IRQHandler
                0x00000000080159c4                DMA1_Stream2_IRQHandler
                0x00000000080159c4                CAN1_RX0_IRQHandler
                0x00000000080159c4                FPU_IRQHandler
                0x00000000080159c4                OTG_HS_WKUP_IRQHandler
                0x00000000080159c4                CAN2_SCE_IRQHandler
                0x00000000080159c4                DMA2_Stream2_IRQHandler
                0x00000000080159c4                SPI1_IRQHandler
                0x00000000080159c4                TIM6_DAC_IRQHandler
                0x00000000080159c4                TIM1_BRK_TIM9_IRQHandler
                0x00000000080159c4                DCMI_IRQHandler
                0x00000000080159c4                CAN2_RX0_IRQHandler
                0x00000000080159c4                DMA2_Stream3_IRQHandler
                0x00000000080159c4                USART6_IRQHandler
                0x00000000080159c4                USART3_IRQHandler
                0x00000000080159c4                CAN1_RX1_IRQHandler
                0x00000000080159c4                UART5_IRQHandler
                0x00000000080159c4                DMA2_Stream0_IRQHandler
                0x00000000080159c4                I2C1_EV_IRQHandler
                0x00000000080159c4                DMA1_Stream6_IRQHandler
                0x00000000080159c4                DMA1_Stream1_IRQHandler
                0x00000000080159c4                UART4_IRQHandler
                0x00000000080159c4                TIM8_BRK_TIM12_IRQHandler
                0x00000000080159c4                Default_Handler
                0x00000000080159c4                EXTI15_10_IRQHandler
                0x00000000080159c4                ADC_IRQHandler
                0x00000000080159c4                DMA1_Stream7_IRQHandler
                0x00000000080159c4                TIM7_IRQHandler
                0x00000000080159c4                CAN2_TX_IRQHandler
                0x00000000080159c4                DMA2_Stream7_IRQHandler
                0x00000000080159c4                I2C3_EV_IRQHandler
                0x00000000080159c4                EXTI9_5_IRQHandler
                0x00000000080159c4                RTC_WKUP_IRQHandler
                0x00000000080159c4                ETH_WKUP_IRQHandler
                0x00000000080159c4                SPI2_IRQHandler
                0x00000000080159c4                OTG_HS_EP1_IN_IRQHandler
                0x00000000080159c4                DMA1_Stream0_IRQHandler
                0x00000000080159c4                CAN1_TX_IRQHandler
                0x00000000080159c4                EXTI4_IRQHandler
                0x00000000080159c4                FSMC_IRQHandler
                0x00000000080159c4                ETH_IRQHandler
                0x00000000080159c4                OTG_HS_EP1_OUT_IRQHandler
                0x00000000080159c4                WWDG_IRQHandler
                0x00000000080159c4                OTG_FS_WKUP_IRQHandler
                0x00000000080159c4                TIM1_TRG_COM_TIM11_IRQHandler
                0x00000000080159c4                OTG_HS_IRQHandler
                0x00000000080159c4                EXTI1_IRQHandler
                0x00000000080159c4                USART2_IRQHandler
                0x00000000080159c4                I2C2_ER_IRQHandler
                0x00000000080159c4                DMA2_Stream1_IRQHandler
                0x00000000080159c4                CAN1_SCE_IRQHandler
                0x00000000080159c4                FLASH_IRQHandler
                0x00000000080159c4                DMA2_Stream4_IRQHandler
                0x00000000080159c4                OTG_FS_IRQHandler
                0x00000000080159c4                SPI3_IRQHandler
                0x00000000080159c4                DMA1_Stream4_IRQHandler
                0x00000000080159c4                I2C1_ER_IRQHandler
                0x00000000080159c4                DMA2_Stream6_IRQHandler
                0x00000000080159c4                DMA1_Stream3_IRQHandler
 *fill*         0x00000000080159c6        0x2 
 .text.__errno  0x00000000080159c8        0xc c:/st/stm32cubeide_1.0.1/stm32cubeide/plugins/com.st.stm32cube.ide.mcu.externaltools.gnu-tools-for-stm32.7-2018-q2-update.win32_1.0.0.201904181610/tools/bin/../lib/gcc/arm-none-eabi/7.3.1/../../../../arm-none-eabi/lib/thumb/v7e-m/fpv4-sp/hard\libc_nano.a(lib_a-errno.o)
                0x00000000080159c8                __errno
 .text.__libc_init_array
                0x00000000080159d4       0x48 c:/st/stm32cubeide_1.0.1/stm32cubeide/plugins/com.st.stm32cube.ide.mcu.externaltools.gnu-tools-for-stm32.7-2018-q2-update.win32_1.0.0.201904181610/tools/bin/../lib/gcc/arm-none-eabi/7.3.1/../../../../arm-none-eabi/lib/thumb/v7e-m/fpv4-sp/hard\libc_nano.a(lib_a-init.o)
                0x00000000080159d4                __libc_init_array
 .text.memcpy   0x0000000008015a1c       0x16 c:/st/stm32cubeide_1.0.1/stm32cubeide/plugins/com.st.stm32cube.ide.mcu.externaltools.gnu-tools-for-stm32.7-2018-q2-update.win32_1.0.0.201904181610/tools/bin/../lib/gcc/arm-none-eabi/7.3.1/../../../../arm-none-eabi/lib/thumb/v7e-m/fpv4-sp/hard\libc_nano.a(lib_a-memcpy-stub.o)
                0x0000000008015a1c                memcpy
 .text.memset   0x0000000008015a32       0x10 c:/st/stm32cubeide_1.0.1/stm32cubeide/plugins/com.st.stm32cube.ide.mcu.externaltools.gnu-tools-for-stm32.7-2018-q2-update.win32_1.0.0.201904181610/tools/bin/../lib/gcc/arm-none-eabi/7.3.1/../../../../arm-none-eabi/lib/thumb/v7e-m/fpv4-sp/hard\libc_nano.a(lib_a-memset.o)
                0x0000000008015a32                memset
 .text.strcpy   0x0000000008015a42       0x10 c:/st/stm32cubeide_1.0.1/stm32cubeide/plugins/com.st.stm32cube.ide.mcu.externaltools.gnu-tools-for-stm32.7-2018-q2-update.win32_1.0.0.201904181610/tools/bin/../lib/gcc/arm-none-eabi/7.3.1/../../../../arm-none-eabi/lib/thumb/v7e-m/fpv4-sp/hard\libc_nano.a(lib_a-strcpy.o)
                0x0000000008015a42                strcpy
 .text.strncpy  0x0000000008015a52       0x2a c:/st/stm32cubeide_1.0.1/stm32cubeide/plugins/com.st.stm32cube.ide.mcu.externaltools.gnu-tools-for-stm32.7-2018-q2-update.win32_1.0.0.201904181610/tools/bin/../lib/gcc/arm-none-eabi/7.3.1/../../../../arm-none-eabi/lib/thumb/v7e-m/fpv4-sp/hard\libc_nano.a(lib_a-strncpy.o)
                0x0000000008015a52                strncpy
 *fill*         0x0000000008015a7c        0x4 
 .text.cos      0x0000000008015a80       0x88 c:/st/stm32cubeide_1.0.1/stm32cubeide/plugins/com.st.stm32cube.ide.mcu.externaltools.gnu-tools-for-stm32.7-2018-q2-update.win32_1.0.0.201904181610/tools/bin/../lib/gcc/arm-none-eabi/7.3.1/../../../../arm-none-eabi/lib/thumb/v7e-m/fpv4-sp/hard\libm.a(lib_a-s_cos.o)
                0x0000000008015a80                cos
 .text.floor    0x0000000008015b08      0x108 c:/st/stm32cubeide_1.0.1/stm32cubeide/plugins/com.st.stm32cube.ide.mcu.externaltools.gnu-tools-for-stm32.7-2018-q2-update.win32_1.0.0.201904181610/tools/bin/../lib/gcc/arm-none-eabi/7.3.1/../../../../arm-none-eabi/lib/thumb/v7e-m/fpv4-sp/hard\libm.a(lib_a-s_floor.o)
                0x0000000008015b08                floor
 .text.lround   0x0000000008015c10       0x8a c:/st/stm32cubeide_1.0.1/stm32cubeide/plugins/com.st.stm32cube.ide.mcu.externaltools.gnu-tools-for-stm32.7-2018-q2-update.win32_1.0.0.201904181610/tools/bin/../lib/gcc/arm-none-eabi/7.3.1/../../../../arm-none-eabi/lib/thumb/v7e-m/fpv4-sp/hard\libm.a(lib_a-s_lround.o)
                0x0000000008015c10                lround
 *fill*         0x0000000008015c9a        0x6 
 .text.sin      0x0000000008015ca0       0x90 c:/st/stm32cubeide_1.0.1/stm32cubeide/plugins/com.st.stm32cube.ide.mcu.externaltools.gnu-tools-for-stm32.7-2018-q2-update.win32_1.0.0.201904181610/tools/bin/../lib/gcc/arm-none-eabi/7.3.1/../../../../arm-none-eabi/lib/thumb/v7e-m/fpv4-sp/hard\libm.a(lib_a-s_sin.o)
                0x0000000008015ca0                sin
 .text.atan2    0x0000000008015d30        0x4 c:/st/stm32cubeide_1.0.1/stm32cubeide/plugins/com.st.stm32cube.ide.mcu.externaltools.gnu-tools-for-stm32.7-2018-q2-update.win32_1.0.0.201904181610/tools/bin/../lib/gcc/arm-none-eabi/7.3.1/../../../../arm-none-eabi/lib/thumb/v7e-m/fpv4-sp/hard\libm.a(lib_a-w_atan2.o)
                0x0000000008015d30                atan2
 .text.hypot    0x0000000008015d34       0xc4 c:/st/stm32cubeide_1.0.1/stm32cubeide/plugins/com.st.stm32cube.ide.mcu.externaltools.gnu-tools-for-stm32.7-2018-q2-update.win32_1.0.0.201904181610/tools/bin/../lib/gcc/arm-none-eabi/7.3.1/../../../../arm-none-eabi/lib/thumb/v7e-m/fpv4-sp/hard\libm.a(lib_a-w_hypot.o)
                0x0000000008015d34                hypot
 .text.sqrt     0x0000000008015df8       0xb4 c:/st/stm32cubeide_1.0.1/stm32cubeide/plugins/com.st.stm32cube.ide.mcu.externaltools.gnu-tools-for-stm32.7-2018-q2-update.win32_1.0.0.201904181610/tools/bin/../lib/gcc/arm-none-eabi/7.3.1/../../../../arm-none-eabi/lib/thumb/v7e-m/fpv4-sp/hard\libm.a(lib_a-w_sqrt.o)
                0x0000000008015df8                sqrt
 *fill*         0x0000000008015eac        0x4 
 .text.__ieee754_atan2
                0x0000000008015eb0      0x1bc c:/st/stm32cubeide_1.0.1/stm32cubeide/plugins/com.st.stm32cube.ide.mcu.externaltools.gnu-tools-for-stm32.7-2018-q2-update.win32_1.0.0.201904181610/tools/bin/../lib/gcc/arm-none-eabi/7.3.1/../../../../arm-none-eabi/lib/thumb/v7e-m/fpv4-sp/hard\libm.a(lib_a-e_atan2.o)
                0x0000000008015eb0                __ieee754_atan2
 .text.__ieee754_hypot
                0x000000000801606c      0x240 c:/st/stm32cubeide_1.0.1/stm32cubeide/plugins/com.st.stm32cube.ide.mcu.externaltools.gnu-tools-for-stm32.7-2018-q2-update.win32_1.0.0.201904181610/tools/bin/../lib/gcc/arm-none-eabi/7.3.1/../../../../arm-none-eabi/lib/thumb/v7e-m/fpv4-sp/hard\libm.a(lib_a-e_hypot.o)
                0x000000000801606c                __ieee754_hypot
 *fill*         0x00000000080162ac        0x4 
 .text.__ieee754_rem_pio2
                0x00000000080162b0      0x3e4 c:/st/stm32cubeide_1.0.1/stm32cubeide/plugins/com.st.stm32cube.ide.mcu.externaltools.gnu-tools-for-stm32.7-2018-q2-update.win32_1.0.0.201904181610/tools/bin/../lib/gcc/arm-none-eabi/7.3.1/../../../../arm-none-eabi/lib/thumb/v7e-m/fpv4-sp/hard\libm.a(lib_a-e_rem_pio2.o)
                0x00000000080162b0                __ieee754_rem_pio2
 .text.__ieee754_sqrt
                0x0000000008016694      0x160 c:/st/stm32cubeide_1.0.1/stm32cubeide/plugins/com.st.stm32cube.ide.mcu.externaltools.gnu-tools-for-stm32.7-2018-q2-update.win32_1.0.0.201904181610/tools/bin/../lib/gcc/arm-none-eabi/7.3.1/../../../../arm-none-eabi/lib/thumb/v7e-m/fpv4-sp/hard\libm.a(lib_a-e_sqrt.o)
                0x0000000008016694                __ieee754_sqrt
 *fill*         0x00000000080167f4        0x4 
 .text.__kernel_cos
                0x00000000080167f8      0x18c c:/st/stm32cubeide_1.0.1/stm32cubeide/plugins/com.st.stm32cube.ide.mcu.externaltools.gnu-tools-for-stm32.7-2018-q2-update.win32_1.0.0.201904181610/tools/bin/../lib/gcc/arm-none-eabi/7.3.1/../../../../arm-none-eabi/lib/thumb/v7e-m/fpv4-sp/hard\libm.a(lib_a-k_cos.o)
                0x00000000080167f8                __kernel_cos
 *fill*         0x0000000008016984        0x4 
 .text.__kernel_rem_pio2
                0x0000000008016988      0x680 c:/st/stm32cubeide_1.0.1/stm32cubeide/plugins/com.st.stm32cube.ide.mcu.externaltools.gnu-tools-for-stm32.7-2018-q2-update.win32_1.0.0.201904181610/tools/bin/../lib/gcc/arm-none-eabi/7.3.1/../../../../arm-none-eabi/lib/thumb/v7e-m/fpv4-sp/hard\libm.a(lib_a-k_rem_pio2.o)
                0x0000000008016988                __kernel_rem_pio2
 .text.__kernel_sin
                0x0000000008017008      0x174 c:/st/stm32cubeide_1.0.1/stm32cubeide/plugins/com.st.stm32cube.ide.mcu.externaltools.gnu-tools-for-stm32.7-2018-q2-update.win32_1.0.0.201904181610/tools/bin/../lib/gcc/arm-none-eabi/7.3.1/../../../../arm-none-eabi/lib/thumb/v7e-m/fpv4-sp/hard\libm.a(lib_a-k_sin.o)
                0x0000000008017008                __kernel_sin
 *fill*         0x000000000801717c        0x4 
 .text.atan     0x0000000008017180      0x340 c:/st/stm32cubeide_1.0.1/stm32cubeide/plugins/com.st.stm32cube.ide.mcu.externaltools.gnu-tools-for-stm32.7-2018-q2-update.win32_1.0.0.201904181610/tools/bin/../lib/gcc/arm-none-eabi/7.3.1/../../../../arm-none-eabi/lib/thumb/v7e-m/fpv4-sp/hard\libm.a(lib_a-s_atan.o)
                0x0000000008017180                atan
 .text.fabs     0x00000000080174c0       0x12 c:/st/stm32cubeide_1.0.1/stm32cubeide/plugins/com.st.stm32cube.ide.mcu.externaltools.gnu-tools-for-stm32.7-2018-q2-update.win32_1.0.0.201904181610/tools/bin/../lib/gcc/arm-none-eabi/7.3.1/../../../../arm-none-eabi/lib/thumb/v7e-m/fpv4-sp/hard\libm.a(lib_a-s_fabs.o)
                0x00000000080174c0                fabs
 .text.finite   0x00000000080174d2       0x10 c:/st/stm32cubeide_1.0.1/stm32cubeide/plugins/com.st.stm32cube.ide.mcu.externaltools.gnu-tools-for-stm32.7-2018-q2-update.win32_1.0.0.201904181610/tools/bin/../lib/gcc/arm-none-eabi/7.3.1/../../../../arm-none-eabi/lib/thumb/v7e-m/fpv4-sp/hard\libm.a(lib_a-s_finite.o)
                0x00000000080174d2                finite
 .text.matherr  0x00000000080174e2        0x4 c:/st/stm32cubeide_1.0.1/stm32cubeide/plugins/com.st.stm32cube.ide.mcu.externaltools.gnu-tools-for-stm32.7-2018-q2-update.win32_1.0.0.201904181610/tools/bin/../lib/gcc/arm-none-eabi/7.3.1/../../../../arm-none-eabi/lib/thumb/v7e-m/fpv4-sp/hard\libm.a(lib_a-s_matherr.o)
                0x00000000080174e2                matherr
 *fill*         0x00000000080174e6        0x2 
 .text.scalbn   0x00000000080174e8       0xec c:/st/stm32cubeide_1.0.1/stm32cubeide/plugins/com.st.stm32cube.ide.mcu.externaltools.gnu-tools-for-stm32.7-2018-q2-update.win32_1.0.0.201904181610/tools/bin/../lib/gcc/arm-none-eabi/7.3.1/../../../../arm-none-eabi/lib/thumb/v7e-m/fpv4-sp/hard\libm.a(lib_a-s_scalbn.o)
                0x00000000080174e8                scalbn
 .text.copysign
                0x00000000080175d4       0x1e c:/st/stm32cubeide_1.0.1/stm32cubeide/plugins/com.st.stm32cube.ide.mcu.externaltools.gnu-tools-for-stm32.7-2018-q2-update.win32_1.0.0.201904181610/tools/bin/../lib/gcc/arm-none-eabi/7.3.1/../../../../arm-none-eabi/lib/thumb/v7e-m/fpv4-sp/hard\libm.a(lib_a-s_copysign.o)
                0x00000000080175d4                copysign
 *(.glue_7)
 .glue_7        0x00000000080175f2        0x0 linker stubs
 *(.glue_7t)
 .glue_7t       0x00000000080175f2        0x0 linker stubs
 *(.eh_frame)
 *fill*         0x00000000080175f2        0x2 
 .eh_frame      0x00000000080175f4        0x0 c:/st/stm32cubeide_1.0.1/stm32cubeide/plugins/com.st.stm32cube.ide.mcu.externaltools.gnu-tools-for-stm32.7-2018-q2-update.win32_1.0.0.201904181610/tools/bin/../lib/gcc/arm-none-eabi/7.3.1/thumb/v7e-m/fpv4-sp/hard/crtbegin.o
 *(.init)
 .init          0x00000000080175f4        0x4 c:/st/stm32cubeide_1.0.1/stm32cubeide/plugins/com.st.stm32cube.ide.mcu.externaltools.gnu-tools-for-stm32.7-2018-q2-update.win32_1.0.0.201904181610/tools/bin/../lib/gcc/arm-none-eabi/7.3.1/thumb/v7e-m/fpv4-sp/hard/crti.o
                0x00000000080175f4                _init
 .init          0x00000000080175f8        0x8 c:/st/stm32cubeide_1.0.1/stm32cubeide/plugins/com.st.stm32cube.ide.mcu.externaltools.gnu-tools-for-stm32.7-2018-q2-update.win32_1.0.0.201904181610/tools/bin/../lib/gcc/arm-none-eabi/7.3.1/thumb/v7e-m/fpv4-sp/hard/crtn.o
 *(.fini)
 .fini          0x0000000008017600        0x4 c:/st/stm32cubeide_1.0.1/stm32cubeide/plugins/com.st.stm32cube.ide.mcu.externaltools.gnu-tools-for-stm32.7-2018-q2-update.win32_1.0.0.201904181610/tools/bin/../lib/gcc/arm-none-eabi/7.3.1/thumb/v7e-m/fpv4-sp/hard/crti.o
                0x0000000008017600                _fini
 .fini          0x0000000008017604        0x8 c:/st/stm32cubeide_1.0.1/stm32cubeide/plugins/com.st.stm32cube.ide.mcu.externaltools.gnu-tools-for-stm32.7-2018-q2-update.win32_1.0.0.201904181610/tools/bin/../lib/gcc/arm-none-eabi/7.3.1/thumb/v7e-m/fpv4-sp/hard/crtn.o
                0x000000000801760c                . = ALIGN (0x4)
                0x000000000801760c                _etext = .

.vfp11_veneer   0x000000000801760c        0x0
 .vfp11_veneer  0x000000000801760c        0x0 linker stubs

.v4_bx          0x000000000801760c        0x0
 .v4_bx         0x000000000801760c        0x0 linker stubs

.iplt           0x000000000801760c        0x0
 .iplt          0x000000000801760c        0x0 c:/st/stm32cubeide_1.0.1/stm32cubeide/plugins/com.st.stm32cube.ide.mcu.externaltools.gnu-tools-for-stm32.7-2018-q2-update.win32_1.0.0.201904181610/tools/bin/../lib/gcc/arm-none-eabi/7.3.1/thumb/v7e-m/fpv4-sp/hard/crtbegin.o

.rodata         0x0000000008017610     0x1018
                0x0000000008017610                . = ALIGN (0x4)
 *(.rodata)
 .rodata        0x0000000008017610       0x44 Middlewares/Third_Party/FatFs/src/ff.o
 .rodata        0x0000000008017654      0x20d Src/gcode_exec.o
 *fill*         0x0000000008017861        0x3 
 .rodata        0x0000000008017864       0x1f Src/hw_config.o
 *fill*         0x0000000008017883        0x1 
 .rodata        0x0000000008017884      0x478 Src/main.o
 .rodata        0x0000000008017cfc       0x1d Src/scr_io.o
 *fill*         0x0000000008017d19        0x3 
 .rodata        0x0000000008017d1c       0x14 Src/stepmotor.o
 *(.rodata*)
 .rodata.ExCvt  0x0000000008017d30       0x80 Middlewares/Third_Party/FatFs/src/ff.o
 .rodata.axisK.11635
                0x0000000008017db0       0x20 Src/gcode_exec.o
 .rodata.axisName.11634
                0x0000000008017dd0        0x5 Src/gcode_exec.o
 *fill*         0x0000000008017dd5        0x3 
 .rodata.asc2_1608
                0x0000000008017dd8      0x5f0 Src/lcd.o
                0x0000000008017dd8                asc2_1608
 .rodata.DaysInMonth
                0x00000000080183c8        0xc Src/rtc.o
 .rodata.SD_Driver
                0x00000000080183d4       0x14 Src/sd_diskio.o
                0x00000000080183d4                SD_Driver
 .rodata.AHBPrescTable
                0x00000000080183e8       0x10 Src/system_stm32f4xx.o
                0x00000000080183e8                AHBPrescTable
 .rodata.APBPrescTable
                0x00000000080183f8        0x8 Src/system_stm32f4xx.o
                0x00000000080183f8                APBPrescTable
 .rodata.hypot.str1.1
                0x0000000008018400        0x6 c:/st/stm32cubeide_1.0.1/stm32cubeide/plugins/com.st.stm32cube.ide.mcu.externaltools.gnu-tools-for-stm32.7-2018-q2-update.win32_1.0.0.201904181610/tools/bin/../lib/gcc/arm-none-eabi/7.3.1/../../../../arm-none-eabi/lib/thumb/v7e-m/fpv4-sp/hard\libm.a(lib_a-w_hypot.o)
 .rodata.sqrt.str1.1
                0x0000000008018406        0x5 c:/st/stm32cubeide_1.0.1/stm32cubeide/plugins/com.st.stm32cube.ide.mcu.externaltools.gnu-tools-for-stm32.7-2018-q2-update.win32_1.0.0.201904181610/tools/bin/../lib/gcc/arm-none-eabi/7.3.1/../../../../arm-none-eabi/lib/thumb/v7e-m/fpv4-sp/hard\libm.a(lib_a-w_sqrt.o)
 *fill*         0x000000000801840b        0x1 
 .rodata.npio2_hw
                0x000000000801840c       0x80 c:/st/stm32cubeide_1.0.1/stm32cubeide/plugins/com.st.stm32cube.ide.mcu.externaltools.gnu-tools-for-stm32.7-2018-q2-update.win32_1.0.0.201904181610/tools/bin/../lib/gcc/arm-none-eabi/7.3.1/../../../../arm-none-eabi/lib/thumb/v7e-m/fpv4-sp/hard\libm.a(lib_a-e_rem_pio2.o)
 .rodata.two_over_pi
                0x000000000801848c      0x108 c:/st/stm32cubeide_1.0.1/stm32cubeide/plugins/com.st.stm32cube.ide.mcu.externaltools.gnu-tools-for-stm32.7-2018-q2-update.win32_1.0.0.201904181610/tools/bin/../lib/gcc/arm-none-eabi/7.3.1/../../../../arm-none-eabi/lib/thumb/v7e-m/fpv4-sp/hard\libm.a(lib_a-e_rem_pio2.o)
 *fill*         0x0000000008018594        0x4 
 .rodata.PIo2   0x0000000008018598       0x40 c:/st/stm32cubeide_1.0.1/stm32cubeide/plugins/com.st.stm32cube.ide.mcu.externaltools.gnu-tools-for-stm32.7-2018-q2-update.win32_1.0.0.201904181610/tools/bin/../lib/gcc/arm-none-eabi/7.3.1/../../../../arm-none-eabi/lib/thumb/v7e-m/fpv4-sp/hard\libm.a(lib_a-k_rem_pio2.o)
 .rodata.init_jk
                0x00000000080185d8       0x10 c:/st/stm32cubeide_1.0.1/stm32cubeide/plugins/com.st.stm32cube.ide.mcu.externaltools.gnu-tools-for-stm32.7-2018-q2-update.win32_1.0.0.201904181610/tools/bin/../lib/gcc/arm-none-eabi/7.3.1/../../../../arm-none-eabi/lib/thumb/v7e-m/fpv4-sp/hard\libm.a(lib_a-k_rem_pio2.o)
 .rodata.atanhi
                0x00000000080185e8       0x20 c:/st/stm32cubeide_1.0.1/stm32cubeide/plugins/com.st.stm32cube.ide.mcu.externaltools.gnu-tools-for-stm32.7-2018-q2-update.win32_1.0.0.201904181610/tools/bin/../lib/gcc/arm-none-eabi/7.3.1/../../../../arm-none-eabi/lib/thumb/v7e-m/fpv4-sp/hard\libm.a(lib_a-s_atan.o)
 .rodata.atanlo
                0x0000000008018608       0x20 c:/st/stm32cubeide_1.0.1/stm32cubeide/plugins/com.st.stm32cube.ide.mcu.externaltools.gnu-tools-for-stm32.7-2018-q2-update.win32_1.0.0.201904181610/tools/bin/../lib/gcc/arm-none-eabi/7.3.1/../../../../arm-none-eabi/lib/thumb/v7e-m/fpv4-sp/hard\libm.a(lib_a-s_atan.o)
                0x0000000008018628                . = ALIGN (0x4)

.ARM.extab      0x0000000008018628        0x0
                0x0000000008018628                . = ALIGN (0x4)
 *(.ARM.extab* .gnu.linkonce.armextab.*)
                0x0000000008018628                . = ALIGN (0x4)

.ARM            0x0000000008018628        0x8
                0x0000000008018628                . = ALIGN (0x4)
                0x0000000008018628                __exidx_start = .
 *(.ARM.exidx*)
 .ARM.exidx     0x0000000008018628        0x8 c:/st/stm32cubeide_1.0.1/stm32cubeide/plugins/com.st.stm32cube.ide.mcu.externaltools.gnu-tools-for-stm32.7-2018-q2-update.win32_1.0.0.201904181610/tools/bin/../lib/gcc/arm-none-eabi/7.3.1/thumb/v7e-m/fpv4-sp/hard\libgcc.a(_udivmoddi4.o)
                0x0000000008018630                __exidx_end = .
                0x0000000008018630                . = ALIGN (0x4)

.rel.dyn        0x0000000008018630        0x0
 .rel.iplt      0x0000000008018630        0x0 c:/st/stm32cubeide_1.0.1/stm32cubeide/plugins/com.st.stm32cube.ide.mcu.externaltools.gnu-tools-for-stm32.7-2018-q2-update.win32_1.0.0.201904181610/tools/bin/../lib/gcc/arm-none-eabi/7.3.1/thumb/v7e-m/fpv4-sp/hard/crtbegin.o

.preinit_array  0x0000000008018630        0x0
                0x0000000008018630                . = ALIGN (0x4)
                0x0000000008018630                PROVIDE (__preinit_array_start = .)
 *(.preinit_array*)
                0x0000000008018630                PROVIDE (__preinit_array_end = .)
                0x0000000008018630                . = ALIGN (0x4)

.init_array     0x0000000008018630        0x4
                0x0000000008018630                . = ALIGN (0x4)
                0x0000000008018630                PROVIDE (__init_array_start = .)
 *(SORT_BY_NAME(.init_array.*))
 *(.init_array*)
 .init_array    0x0000000008018630        0x4 c:/st/stm32cubeide_1.0.1/stm32cubeide/plugins/com.st.stm32cube.ide.mcu.externaltools.gnu-tools-for-stm32.7-2018-q2-update.win32_1.0.0.201904181610/tools/bin/../lib/gcc/arm-none-eabi/7.3.1/thumb/v7e-m/fpv4-sp/hard/crtbegin.o
                0x0000000008018634                PROVIDE (__init_array_end = .)
                0x0000000008018634                . = ALIGN (0x4)

.fini_array     0x0000000008018634        0x4
                0x0000000008018634                . = ALIGN (0x4)
                [!provide]                        PROVIDE (__fini_array_start = .)
 *(SORT_BY_NAME(.fini_array.*))
 *(.fini_array*)
 .fini_array    0x0000000008018634        0x4 c:/st/stm32cubeide_1.0.1/stm32cubeide/plugins/com.st.stm32cube.ide.mcu.externaltools.gnu-tools-for-stm32.7-2018-q2-update.win32_1.0.0.201904181610/tools/bin/../lib/gcc/arm-none-eabi/7.3.1/thumb/v7e-m/fpv4-sp/hard/crtbegin.o
                [!provide]                        PROVIDE (__fini_array_end = .)
                0x0000000008018638                . = ALIGN (0x4)
                0x0000000008018638                _sidata = LOADADDR (.data)

.data           0x0000000020000000       0x8c load address 0x0000000008018638
                0x0000000020000000                . = ALIGN (0x4)
                0x0000000020000000                _sdata = .
 *(.data)
 *(.data*)
 .data.uwTickPrio
                0x0000000020000000        0x4 Drivers/STM32F4xx_HAL_Driver/Src/stm32f4xx_hal.o
                0x0000000020000000                uwTickPrio
 .data.uwTickFreq
                0x0000000020000004        0x1 Drivers/STM32F4xx_HAL_Driver/Src/stm32f4xx_hal.o
                0x0000000020000004                uwTickFreq
 *fill*         0x0000000020000005        0x3 
 .data.k.11791  0x0000000020000008        0xc Src/gcode_exec.o
 .data.limits.11048
                0x0000000020000014        0x1 Src/main.o
 *fill*         0x0000000020000015        0x1 
 .data.fontColor
                0x0000000020000016        0x2 Src/scr_io.o
 .data.fix_fontColor
                0x0000000020000018        0x2 Src/scr_io.o
 .data.cur_width
                0x000000002000001a        0x1 Src/scr_io.o
 .data.cur_height
                0x000000002000001b        0x1 Src/scr_io.o
 .data.flagScroll
                0x000000002000001c        0x1 Src/scr_io.o
 .data.Stat     0x000000002000001d        0x1 Src/sd_diskio.o
 *fill*         0x000000002000001e        0x2 
 .data.SystemCoreClock
                0x0000000020000020        0x4 Src/system_stm32f4xx.o
                0x0000000020000020                SystemCoreClock
 .data._impure_ptr
                0x0000000020000024        0x4 c:/st/stm32cubeide_1.0.1/stm32cubeide/plugins/com.st.stm32cube.ide.mcu.externaltools.gnu-tools-for-stm32.7-2018-q2-update.win32_1.0.0.201904181610/tools/bin/../lib/gcc/arm-none-eabi/7.3.1/../../../../arm-none-eabi/lib/thumb/v7e-m/fpv4-sp/hard\libc_nano.a(lib_a-impure.o)
                0x0000000020000024                _impure_ptr
 .data.impure_data
                0x0000000020000028       0x60 c:/st/stm32cubeide_1.0.1/stm32cubeide/plugins/com.st.stm32cube.ide.mcu.externaltools.gnu-tools-for-stm32.7-2018-q2-update.win32_1.0.0.201904181610/tools/bin/../lib/gcc/arm-none-eabi/7.3.1/../../../../arm-none-eabi/lib/thumb/v7e-m/fpv4-sp/hard\libc_nano.a(lib_a-impure.o)
 .data.__fdlib_version
                0x0000000020000088        0x1 c:/st/stm32cubeide_1.0.1/stm32cubeide/plugins/com.st.stm32cube.ide.mcu.externaltools.gnu-tools-for-stm32.7-2018-q2-update.win32_1.0.0.201904181610/tools/bin/../lib/gcc/arm-none-eabi/7.3.1/../../../../arm-none-eabi/lib/thumb/v7e-m/fpv4-sp/hard\libm.a(lib_a-s_lib_ver.o)
                0x0000000020000088                __fdlib_version
                0x000000002000008c                . = ALIGN (0x4)
 *fill*         0x0000000020000089        0x3 
                0x000000002000008c                _edata = .

.igot.plt       0x000000002000008c        0x0 load address 0x00000000080186c4
 .igot.plt      0x000000002000008c        0x0 c:/st/stm32cubeide_1.0.1/stm32cubeide/plugins/com.st.stm32cube.ide.mcu.externaltools.gnu-tools-for-stm32.7-2018-q2-update.win32_1.0.0.201904181610/tools/bin/../lib/gcc/arm-none-eabi/7.3.1/thumb/v7e-m/fpv4-sp/hard/crtbegin.o
                0x000000002000008c                . = ALIGN (0x4)

.bss            0x0000000020000090     0x9de8 load address 0x00000000080186c4
                0x0000000020000090                _sbss = .
                0x0000000020000090                __bss_start__ = _sbss
 *(.bss)
 .bss           0x0000000020000090       0x1c c:/st/stm32cubeide_1.0.1/stm32cubeide/plugins/com.st.stm32cube.ide.mcu.externaltools.gnu-tools-for-stm32.7-2018-q2-update.win32_1.0.0.201904181610/tools/bin/../lib/gcc/arm-none-eabi/7.3.1/thumb/v7e-m/fpv4-sp/hard/crtbegin.o
 *(.bss*)
 .bss.FatFs     0x00000000200000ac        0x4 Middlewares/Third_Party/FatFs/src/ff.o
 .bss.Fsid      0x00000000200000b0        0x2 Middlewares/Third_Party/FatFs/src/ff.o
 *fill*         0x00000000200000b2        0x2 
 .bss.Files     0x00000000200000b4       0x20 Middlewares/Third_Party/FatFs/src/ff.o
 .bss.disk      0x00000000200000d4        0xc Middlewares/Third_Party/FatFs/src/ff_gen_drv.o
                0x00000000200000d4                disk
 .bss.isEncoderCorrection
                0x00000000200000e0        0x1 Src/encoder.o
                0x00000000200000e0                isEncoderCorrection
 *fill*         0x00000000200000e1        0x3 
 .bss.FSMC_Initialized
                0x00000000200000e4        0x4 Src/fsmc.o
 .bss.gc        0x00000000200000e8       0x48 Src/gcode.o
 .bss.isPause   0x0000000020000130        0x1 Src/gcode_exec.o
                0x0000000020000130                isPause
 *fill*         0x0000000020000131        0x7 
 .bss.k_scr     0x0000000020000138        0x8 Src/gcode_exec.o
 .bss.prev_scrX
                0x0000000020000140        0x2 Src/gcode_exec.o
 .bss.prev_scrY
                0x0000000020000142        0x2 Src/gcode_exec.o
 .bss.curGCodeMode
                0x0000000020000144        0x4 Src/gcode_exec.o
 .bss.commonTimeIdeal
                0x0000000020000148        0x4 Src/gcode_exec.o
 .bss.commonTimeReal
                0x000000002000014c        0x4 Src/gcode_exec.o
 .bss.startWorkTime
                0x0000000020000150        0x4 Src/gcode_exec.o
 .bss.isGcodeStop
                0x0000000020000154        0x1 Src/gcode_exec.o
 *fill*         0x0000000020000155        0x3 
 .bss.minX      0x0000000020000158        0x8 Src/gcode_exec.o
 .bss.maxX      0x0000000020000160        0x8 Src/gcode_exec.o
 .bss.minY      0x0000000020000168        0x8 Src/gcode_exec.o
 .bss.maxY      0x0000000020000170        0x8 Src/gcode_exec.o
 .bss.minZ      0x0000000020000178        0x8 Src/gcode_exec.o
 .bss.maxZ      0x0000000020000180        0x8 Src/gcode_exec.o
 .bss.linesBuffer
                0x0000000020000188      0x208 Src/gcode_exec.o
 .bss.fileBuf.11594
                0x0000000020000390     0x3e80 Src/gcode_exec.o
 .bss.isStepDump.11637
                0x0000000020004210        0x1 Src/gcode_exec.o
 *fill*         0x0000000020004211        0x3 
 .bss.time.11636
                0x0000000020004214        0x4 Src/gcode_exec.o
 .bss._keyPressedCounter
                0x0000000020004218        0x1 Src/keyboard.o
                0x0000000020004218                _keyPressedCounter
 .bss.scan_stage.8734
                0x0000000020004219        0x1 Src/keyboard.o
 *fill*         0x000000002000421a        0x2 
 .bss.fileList  0x000000002000421c     0x5000 Src/main.o
 .bss.loadedFileName
                0x000000002000921c       0x50 Src/main.o
 .bss.fileListSz
                0x000000002000926c        0x4 Src/main.o