lcd.c:11:6:LCD_WR_REG	16	static
lcd.c:17:6:LCD_WR_DATA	16	static
lcd.c:23:10:LCD_RD_DATA	16	static
lcd.c:30:6:LCD_WriteReg	16	static
lcd.c:36:10:LCD_ReadReg	24	static,ignoring_inline_asm
lcd.c:43:6:LCD_WriteRAM_Prepare	4	static
lcd.c:48:6:LCD_WriteRAM	16	static
lcd.c:53:10:LCD_BGR2RGB	24	static
lcd.c:63:6:opt_delay	16	static
lcd.c:68:10:LCD_ReadPoint	24	static
lcd.c:92:6:LCD_DisplayOn	8	static
lcd.c:99:6:LCD_DisplayOff	8	static
lcd.c:106:6:LCD_SetCursor	16	static
lcd.c:143:6:LCD_Scan_Dir	32	static
lcd.c:284:6:LCD_DrawPoint	16	static
lcd.c:291:6:LCD_Fast_DrawPoint	16	static
lcd.c:326:6:LCD_Display_Dir	16	static
lcd.c:393:6:LCD_Set_Window	40	static
lcd.c:448:6:LCD_Init	200	static,ignoring_inline_asm
lcd.c:2358:6:LCD_Clear	24	static
lcd.c:2380:6:LCD_Fill	40	static
lcd.c:2411:6:LCD_Color_Fill	32	static
lcd.c:2425:6:LCD_DrawLine	64	static
lcd.c:2460:6:LCD_VLine	32	static
lcd.c:2465:6:LCD_DrawRectangle	32	static
lcd.c:2473:6:LCD_Draw_Circle	32	static
lcd.c:2499:6:LCD_ShowChar	32	static
lcd.c:2530:6:LCD_PutChar	32	static
lcd.c:2561:10:LCD_Pow	24	static
lcd.c:2568:6:LCD_ShowNum	48	static
lcd.c:2588:6:LCD_ShowxNum	48	static
lcd.c:2609:6:LCD_ShowString	40	static
