scr_io.c:16:6:scr_setfullTextWindow	4	static
scr_io.c:21:6:scr_setTextWindow	16	static
scr_io.c:27:6:scr_setScrollOn	16	static
scr_io.c:31:6:scr_gotoxy	16	static
scr_io.c:35:8:scr_getCurRow	4	static
scr_io.c:39:8:scr_getCurCol	4	static
scr_io.c:43:6:scr_fontColor	16	static
scr_io.c:47:6:scr_fontColorInvers	4	static
scr_io.c:51:6:scr_fontColorNormal	4	static
scr_io.c:56:6:scr_putc	32	static
scr_io.c:80:6:scr_puts	16	static
scr_io.c:85:6:scr_clrEndl	8	static
scr_io.c:89:6:scr_itoa	56	static
scr_io.c:115:6:scr_ftoa	40	static
scr_io.c:124:6:scr_printf	32	static
scr_io.c:177:6:scr_dump	24	static
scr_io.c:186:13:win_showWindow	40	static
scr_io.c:198:6:win_showErrorWin	24	static
scr_io.c:204:6:win_showMsgWin	24	static
scr_io.c:210:6:win_showProgressBar	40	static
scr_io.c:218:6:win_showMenu	40	static
scr_io.c:224:6:win_showMenuScroll	56	static
scr_io.c:239:6:scr_waitKey	32	static
