stm32f4xx_it.c:75:6:NMI_Handler	4	static
stm32f4xx_it.c:88:6:HardFault_Handler	4	static
stm32f4xx_it.c:103:6:MemManage_Handler	4	static
stm32f4xx_it.c:118:6:BusFault_Handler	4	static
stm32f4xx_it.c:133:6:UsageFault_Handler	4	static
stm32f4xx_it.c:148:6:SVC_Handler	4	static
stm32f4xx_it.c:161:6:DebugMon_Handler	4	static
stm32f4xx_it.c:174:6:PendSV_Handler	4	static
stm32f4xx_it.c:187:6:SysTick_Handler	8	static
stm32f4xx_it.c:208:6:RCC_IRQHandler	4	static
stm32f4xx_it.c:221:6:TIM2_IRQHandler	8	static
stm32f4xx_it.c:235:6:TIM3_IRQHandler	8	static
stm32f4xx_it.c:249:6:TIM4_IRQHandler	8	static
stm32f4xx_it.c:263:6:USART1_IRQHandler	8	static
stm32f4xx_it.c:277:6:SDIO_IRQHandler	8	static
stm32f4xx_it.c:291:6:TIM5_IRQHandler	8	static
