Archive member included to satisfy reference by file (symbol)

e:/programs/arm-none-eabi-7/bin/../lib/gcc/arm-none-eabi/7.3.1/../../../../arm-none-eabi/lib/thumb/v7e-m\libm.a(lib_a-s_cos.o)
                              ..\obj\gcode.o (cos)
e:/programs/arm-none-eabi-7/bin/../lib/gcc/arm-none-eabi/7.3.1/../../../../arm-none-eabi/lib/thumb/v7e-m\libm.a(lib_a-s_floor.o)
                              ..\obj\gcode.o (floor)
e:/programs/arm-none-eabi-7/bin/../lib/gcc/arm-none-eabi/7.3.1/../../../../arm-none-eabi/lib/thumb/v7e-m\libm.a(lib_a-s_lround.o)
                              ..\obj\gcode_exec.o (lround)
e:/programs/arm-none-eabi-7/bin/../lib/gcc/arm-none-eabi/7.3.1/../../../../arm-none-eabi/lib/thumb/v7e-m\libm.a(lib_a-s_sin.o)
                              ..\obj\gcode.o (sin)
e:/programs/arm-none-eabi-7/bin/../lib/gcc/arm-none-eabi/7.3.1/../../../../arm-none-eabi/lib/thumb/v7e-m\libm.a(lib_a-w_atan2.o)
                              ..\obj\gcode.o (atan2)
e:/programs/arm-none-eabi-7/bin/../lib/gcc/arm-none-eabi/7.3.1/../../../../arm-none-eabi/lib/thumb/v7e-m\libm.a(lib_a-w_hypot.o)
                              ..\obj\gcode.o (hypot)
e:/programs/arm-none-eabi-7/bin/../lib/gcc/arm-none-eabi/7.3.1/../../../../arm-none-eabi/lib/thumb/v7e-m\libm.a(lib_a-w_sqrt.o)
                              ..\obj\gcode.o (sqrt)
e:/programs/arm-none-eabi-7/bin/../lib/gcc/arm-none-eabi/7.3.1/../../../../arm-none-eabi/lib/thumb/v7e-m\libm.a(lib_a-e_atan2.o)
                              e:/programs/arm-none-eabi-7/bin/../lib/gcc/arm-none-eabi/7.3.1/../../../../arm-none-eabi/lib/thumb/v7e-m\libm.a(lib_a-w_atan2.o) (__ieee754_atan2)
e:/programs/arm-none-eabi-7/bin/../lib/gcc/arm-none-eabi/7.3.1/../../../../arm-none-eabi/lib/thumb/v7e-m\libm.a(lib_a-e_hypot.o)
                              e:/programs/arm-none-eabi-7/bin/../lib/gcc/arm-none-eabi/7.3.1/../../../../arm-none-eabi/lib/thumb/v7e-m\libm.a(lib_a-w_hypot.o) (__ieee754_hypot)
e:/programs/arm-none-eabi-7/bin/../lib/gcc/arm-none-eabi/7.3.1/../../../../arm-none-eabi/lib/thumb/v7e-m\libm.a(lib_a-e_rem_pio2.o)
                              e:/programs/arm-none-eabi-7/bin/../lib/gcc/arm-none-eabi/7.3.1/../../../../arm-none-eabi/lib/thumb/v7e-m\libm.a(lib_a-s_cos.o) (__ieee754_rem_pio2)
e:/programs/arm-none-eabi-7/bin/../lib/gcc/arm-none-eabi/7.3.1/../../../../arm-none-eabi/lib/thumb/v7e-m\libm.a(lib_a-e_sqrt.o)
                              e:/programs/arm-none-eabi-7/bin/../lib/gcc/arm-none-eabi/7.3.1/../../../../arm-none-eabi/lib/thumb/v7e-m\libm.a(lib_a-w_sqrt.o) (__ieee754_sqrt)
e:/programs/arm-none-eabi-7/bin/../lib/gcc/arm-none-eabi/7.3.1/../../../../arm-none-eabi/lib/thumb/v7e-m\libm.a(lib_a-k_cos.o)
                              e:/programs/arm-none-eabi-7/bin/../lib/gcc/arm-none-eabi/7.3.1/../../../../arm-none-eabi/lib/thumb/v7e-m\libm.a(lib_a-s_cos.o) (__kernel_cos)
e:/programs/arm-none-eabi-7/bin/../lib/gcc/arm-none-eabi/7.3.1/../../../../arm-none-eabi/lib/thumb/v7e-m\libm.a(lib_a-k_rem_pio2.o)
                              e:/programs/arm-none-eabi-7/bin/../lib/gcc/arm-none-eabi/7.3.1/../../../../arm-none-eabi/lib/thumb/v7e-m\libm.a(lib_a-e_rem_pio2.o) (__kernel_rem_pio2)
e:/programs/arm-none-eabi-7/bin/../lib/gcc/arm-none-eabi/7.3.1/../../../../arm-none-eabi/lib/thumb/v7e-m\libm.a(lib_a-k_sin.o)
                              e:/programs/arm-none-eabi-7/bin/../lib/gcc/arm-none-eabi/7.3.1/../../../../arm-none-eabi/lib/thumb/v7e-m\libm.a(lib_a-s_cos.o) (__kernel_sin)
e:/programs/arm-none-eabi-7/bin/../lib/gcc/arm-none-eabi/7.3.1/../../../../arm-none-eabi/lib/thumb/v7e-m\libm.a(lib_a-s_atan.o)
                              e:/programs/arm-none-eabi-7/bin/../lib/gcc/arm-none-eabi/7.3.1/../../../../arm-none-eabi/lib/thumb/v7e-m\libm.a(lib_a-e_atan2.o) (atan)
e:/programs/arm-none-eabi-7/bin/../lib/gcc/arm-none-eabi/7.3.1/../../../../arm-none-eabi/lib/thumb/v7e-m\libm.a(lib_a-s_fabs.o)
                              e:/programs/arm-none-eabi-7/bin/../lib/gcc/arm-none-eabi/7.3.1/../../../../arm-none-eabi/lib/thumb/v7e-m\libm.a(lib_a-e_atan2.o) (fabs)
e:/programs/arm-none-eabi-7/bin/../lib/gcc/arm-none-eabi/7.3.1/../../../../arm-none-eabi/lib/thumb/v7e-m\libm.a(lib_a-s_finite.o)
                              e:/programs/arm-none-eabi-7/bin/../lib/gcc/arm-none-eabi/7.3.1/../../../../arm-none-eabi/lib/thumb/v7e-m\libm.a(lib_a-w_hypot.o) (finite)
e:/programs/arm-none-eabi-7/bin/../lib/gcc/arm-none-eabi/7.3.1/../../../../arm-none-eabi/lib/thumb/v7e-m\libm.a(lib_a-s_lib_ver.o)
                              e:/programs/arm-none-eabi-7/bin/../lib/gcc/arm-none-eabi/7.3.1/../../../../arm-none-eabi/lib/thumb/v7e-m\libm.a(lib_a-w_hypot.o) (__fdlib_version)
e:/programs/arm-none-eabi-7/bin/../lib/gcc/arm-none-eabi/7.3.1/../../../../arm-none-eabi/lib/thumb/v7e-m\libm.a(lib_a-s_matherr.o)
[...]
Memory Configuration

Name             Origin             Length             Attributes
rom              0x08000000         0x00080000         xr
ram              0x20000000         0x00020000         xrw
ram1             0x10000000         0x00010000         xrw
*default*        0x00000000         0xffffffff

Linker script and memory map

                0x20020000                _eram = 0x20020000

.text           0x08000000    0x1d6e0
 *(.isr_vector)
 .isr_vector    0x08000000      0x188 ..\obj\startup_stm32f4xx.o
                0x08000000                g_pfnVectors
 *(.text*)
 .text.SD_LowLevel_Init
                0x08000188       0xdc ..\obj\sdio_sd_conf.o
                0x08000188                SD_LowLevel_Init
 .text.SD_LowLevel_DMA_TxConfig
                0x08000264       0xa4 ..\obj\sdio_sd_conf.o
                0x08000264                SD_LowLevel_DMA_TxConfig
 .text.SD_LowLevel_DMA_RxConfig
                0x08000308       0xa4 ..\obj\sdio_sd_conf.o
                0x08000308                SD_LowLevel_DMA_RxConfig
 .text.USB_OTG_EnableCommonInt
                0x080003ac       0x42 ..\obj\usb_core.o
 *fill*         0x080003ee        0x2 
 .text.USB_OTG_CoreReset
                0x080003f0       0x90 ..\obj\usb_core.o
 .text.USB_OTG_WritePacket
                0x08000480       0x74 ..\obj\usb_core.o
                0x08000480                USB_OTG_WritePacket
 .text.USB_OTG_ReadPacket
                0x080004f4       0x56 ..\obj\usb_core.o
                0x080004f4                USB_OTG_ReadPacket
 *fill*         0x0800054a        0x2 
 .text.USB_OTG_SelectCore
                0x0800054c      0x174 ..\obj\usb_core.o
                0x0800054c                USB_OTG_SelectCore
 .text.USB_OTG_CoreInit
                0x080006c0      0x13a ..\obj\usb_core.o
                0x080006c0                USB_OTG_CoreInit
 .text.USB_OTG_EnableGlobalInt
                0x080007fa       0x34 ..\obj\usb_core.o
                0x080007fa                USB_OTG_EnableGlobalInt
 .text.USB_OTG_DisableGlobalInt
                0x0800082e       0x36 ..\obj\usb_core.o
                0x0800082e                USB_OTG_DisableGlobalInt
 .text.USB_OTG_FlushTxFifo
                0x08000864       0x70 ..\obj\usb_core.o
                0x08000864                USB_OTG_FlushTxFifo
 .text.USB_OTG_FlushRxFifo
                0x080008d4       0x60 ..\obj\usb_core.o
                0x080008d4                USB_OTG_FlushRxFifo
 .text.USB_OTG_SetCurrentMode
                0x08000934       0x5e ..\obj\usb_core.o
                0x08000934                USB_OTG_SetCurrentMode
 .text.USB_OTG_GetMode
                0x08000992       0x1c ..\obj\usb_core.o
                0x08000992                USB_OTG_GetMode
 .text.USB_OTG_IsDeviceMode
                0x080009ae       0x22 ..\obj\usb_core.o
                0x080009ae                USB_OTG_IsDeviceMode
 .text.USB_OTG_ReadCoreItr
                0x080009d0       0x2c ..\obj\usb_core.o
                0x080009d0                USB_OTG_ReadCoreItr
 .text.USB_OTG_InitDevSpeed
                0x080009fc       0x36 ..\obj\usb_core.o
                0x080009fc                USB_OTG_InitDevSpeed
 .text.USB_OTG_CoreInitDev
                0x08000a32      0x264 ..\obj\usb_core.o
                0x08000a32                USB_OTG_CoreInitDev
 .text.USB_OTG_EnableDevInt
                0x08000c96       0x9a ..\obj\usb_core.o
                0x08000c96                USB_OTG_EnableDevInt
 .text.USB_OTG_GetDeviceSpeed
                0x08000d30       0x46 ..\obj\usb_core.o
                0x08000d30                USB_OTG_GetDeviceSpeed
 .text.USB_OTG_EP0Activate
                0x08000d76       0x76 ..\obj\usb_core.o
                0x08000d76                USB_OTG_EP0Activate
 .text.USB_OTG_EPActivate
                0x08000dec       0xd6 ..\obj\usb_core.o
                0x08000dec                USB_OTG_EPActivate
 .text.USB_OTG_EPDeactivate
                0x08000ec2       0x88 ..\obj\usb_core.o
                0x08000ec2                USB_OTG_EPDeactivate
 .text.USB_OTG_EPStartXfer
                0x08000f4a      0x282 ..\obj\usb_core.o
                0x08000f4a                USB_OTG_EPStartXfer
 .text.USB_OTG_EP0StartXfer
                0x080011cc      0x1ca ..\obj\usb_core.o
                0x080011cc                USB_OTG_EP0StartXfer
 .text.USB_OTG_EPSetStall
                0x08001396       0x84 ..\obj\usb_core.o
                0x08001396                USB_OTG_EPSetStall
 .text.USB_OTG_EPClearStall
                0x0800141a       0x74 ..\obj\usb_core.o
                0x0800141a                USB_OTG_EPClearStall
 .text.USB_OTG_ReadDevAllOutEp_itr
                0x0800148e       0x2a ..\obj\usb_core.o
                0x0800148e                USB_OTG_ReadDevAllOutEp_itr
 .text.USB_OTG_ReadDevOutEP_itr
                0x080014b8       0x34 ..\obj\usb_core.o
                0x080014b8                USB_OTG_ReadDevOutEP_itr
 .text.USB_OTG_ReadDevAllInEPItr
                0x080014ec       0x2a ..\obj\usb_core.o
                0x080014ec                USB_OTG_ReadDevAllInEPItr
 .text.USB_OTG_EP0_OutStart
                0x08001516       0x70 ..\obj\usb_core.o
                0x08001516                USB_OTG_EP0_OutStart
 .text.SDIO_DeInit
                0x08001586       0x1c ..\obj\stm32f4xx_sdio.o
                0x08001586                SDIO_DeInit
 *fill*         0x080015a2        0x2 
 .text.SDIO_Init
                0x080015a4       0x5c ..\obj\stm32f4xx_sdio.o
                0x080015a4                SDIO_Init
 .text.SDIO_ClockCmd
                0x08001600       0x20 ..\obj\stm32f4xx_sdio.o
                0x08001600                SDIO_ClockCmd
 .text.SDIO_SetPowerState
                0x08001620       0x1c ..\obj\stm32f4xx_sdio.o
                0x08001620                SDIO_SetPowerState
 .text.SDIO_GetPowerState
                0x0800163c       0x18 ..\obj\stm32f4xx_sdio.o
                0x0800163c                SDIO_GetPowerState
 .text.SDIO_SendCommand
                0x08001654       0x58 ..\obj\stm32f4xx_sdio.o
                0x08001654                SDIO_SendCommand
 .text.SDIO_GetCommandResponse
                0x080016ac       0x18 ..\obj\stm32f4xx_sdio.o
                0x080016ac                SDIO_GetCommandResponse
 .text.SDIO_GetResponse
                0x080016c4       0x28 ..\obj\stm32f4xx_sdio.o
                0x080016c4                SDIO_GetResponse
 .text.SDIO_DataConfig
                0x080016ec       0x5c ..\obj\stm32f4xx_sdio.o
                0x080016ec                SDIO_DataConfig
 .text.SDIO_ReadData
                0x08001748       0x18 ..\obj\stm32f4xx_sdio.o
                0x08001748                SDIO_ReadData
 .text.SDIO_DMACmd
                0x08001760       0x20 ..\obj\stm32f4xx_sdio.o
                0x08001760                SDIO_DMACmd
 .text.SDIO_ITConfig
                0x08001780       0x3c ..\obj\stm32f4xx_sdio.o
                0x08001780                SDIO_ITConfig
 .text.SDIO_GetFlagStatus
                0x080017bc       0x34 ..\obj\stm32f4xx_sdio.o
                0x080017bc                SDIO_GetFlagStatus
 .text.SDIO_ClearFlag
                0x080017f0       0x1c ..\obj\stm32f4xx_sdio.o
                0x080017f0                SDIO_ClearFlag
 .text.SDIO_GetITStatus
                0x0800180c       0x34 ..\obj\stm32f4xx_sdio.o
                0x0800180c                SDIO_GetITStatus
 .text.SDIO_ClearITPendingBit
                0x08001840       0x1c ..\obj\stm32f4xx_sdio.o
                0x08001840                SDIO_ClearITPendingBit
 .text.USBD_USR_Init
                0x0800185c        0xc ..\obj\usbd_usr.o
                0x0800185c                USBD_USR_Init
 .text.USBD_USR_DeviceReset
                0x08001868       0x14 ..\obj\usbd_usr.o
                0x08001868                USBD_USR_DeviceReset
 .text.USBD_USR_DeviceConfigured
                0x0800187c       0x18 ..\obj\usbd_usr.o
                0x0800187c                USBD_USR_DeviceConfigured
 .text.USBD_USR_DeviceSuspended
                0x08001894       0x18 ..\obj\usbd_usr.o
                0x08001894                USBD_USR_DeviceSuspended
 .text.USBD_USR_DeviceResumed
                0x080018ac        0xc ..\obj\usbd_usr.o
                0x080018ac                USBD_USR_DeviceResumed
 .text.USBD_USR_DeviceConnected
                0x080018b8        0xc ..\obj\usbd_usr.o
                0x080018b8                USBD_USR_DeviceConnected
 .text.USBD_USR_DeviceDisconnected
                0x080018c4        0xc ..\obj\usbd_usr.o
                0x080018c4                USBD_USR_DeviceDisconnected
 .text.stepm_powerOff
                0x080018d0       0x4c ..\obj\stepmotor.o
 .text.stepm_init
                0x0800191c      0x2a0 ..\obj\stepmotor.o
                0x0800191c                stepm_init
 .text.stepm_proc
                0x08001bbc      0x46c ..\obj\stepmotor.o
                0x08001bbc                stepm_proc
 .text.stepm_EmergeStop
                0x08002028       0x78 ..\obj\stepmotor.o
                0x08002028                stepm_EmergeStop
 .text.stepm_addMove
                0x080020a0      0x140 ..\obj\stepmotor.o
                0x080020a0                stepm_addMove
 .text.stepm_getRemainLines
                0x080021e0       0x14 ..\obj\stepmotor.o
                0x080021e0                stepm_getRemainLines
 .text.stepm_inProc
                0x080021f4       0x54 ..\obj\stepmotor.o
                0x080021f4                stepm_inProc
 .text.stepm_LinesBufferIsFull
                0x08002248       0x20 ..\obj\stepmotor.o
                0x08002248                stepm_LinesBufferIsFull
 .text.stepm_getCurGlobalStepsNum
                0x08002268       0x28 ..\obj\stepmotor.o
                0x08002268                stepm_getCurGlobalStepsNum
 .text.stepm_ZeroGlobalCrd
                0x08002290       0x38 ..\obj\stepmotor.o
                0x08002290                stepm_ZeroGlobalCrd
 .text.step_dump
                0x080022c8       0x80 ..\obj\stepmotor.o
                0x080022c8                step_dump
 .text.PWR_BackupAccessCmd
                0x08002348       0x20 ..\obj\stm32f4xx_pwr.o
                0x08002348                PWR_BackupAccessCmd
 .text.PWR_BackupRegulatorCmd
                0x08002368       0x20 ..\obj\stm32f4xx_pwr.o
                0x08002368                PWR_BackupRegulatorCmd
 .text.PWR_GetFlagStatus
                0x08002388       0x34 ..\obj\stm32f4xx_pwr.o
                0x08002388                PWR_GetFlagStatus
 .text.SD_Init  0x080023bc       0xbc ..\obj\sdio_sd.o
                0x080023bc                SD_Init
 .text.SD_GetStatus
                0x08002478       0x30 ..\obj\sdio_sd.o
                0x08002478                SD_GetStatus
 .text.SD_GetState
                0x080024a8       0x3e ..\obj\sdio_sd.o
                0x080024a8                SD_GetState
 *fill*         0x080024e6        0x2 
 .text.SD_Detect
                0x080024e8       0x2c ..\obj\sdio_sd.o
                0x080024e8                SD_Detect
 .text.SD_PowerON
                0x08002514      0x22c ..\obj\sdio_sd.o
                0x08002514                SD_PowerON
 .text.SD_InitializeCards
                0x08002740      0x18c ..\obj\sdio_sd.o
                0x08002740                SD_InitializeCards
 .text.SD_GetCardInfo
                0x080028cc      0x588 ..\obj\sdio_sd.o
                0x080028cc                SD_GetCardInfo
 .text.SD_EnableWideBusOperation
                0x08002e54       0xd8 ..\obj\sdio_sd.o
                0x08002e54                SD_EnableWideBusOperation
 .text.SD_SelectDeselect
                0x08002f2c       0x4c ..\obj\sdio_sd.o
                0x08002f2c                SD_SelectDeselect
 .text.SD_ReadMultiBlocks
                0x08002f78      0x13c ..\obj\sdio_sd.o
                0x08002f78                SD_ReadMultiBlocks
 .text.SD_WaitReadOperation
                0x080030b4       0xbc ..\obj\sdio_sd.o
                0x080030b4                SD_WaitReadOperation
 .text.SD_WriteMultiBlocks
                0x08003170      0x1b8 ..\obj\sdio_sd.o
                0x08003170                SD_WriteMultiBlocks
 .text.SD_WaitWriteOperation
                0x08003328       0xbc ..\obj\sdio_sd.o
                0x08003328                SD_WaitWriteOperation
 .text.SD_StopTransfer
                0x080033e4       0x48 ..\obj\sdio_sd.o
                0x080033e4                SD_StopTransfer
 .text.SD_SendStatus
                0x0800342c       0x78 ..\obj\sdio_sd.o
                0x0800342c                SD_SendStatus
 .text.SD_ProcessIRQSrc
                0x080034a4       0xc8 ..\obj\sdio_sd.o
                0x080034a4                SD_ProcessIRQSrc
 .text.CmdError
                0x0800356c       0x4a ..\obj\sdio_sd.o
 *fill*         0x080035b6        0x2 
 .text.CmdResp7Error
                0x080035b8       0x78 ..\obj\sdio_sd.o
 .text.CmdResp1Error
                0x08003630      0x1a4 ..\obj\sdio_sd.o
 .text.CmdResp3Error
                0x080037d4       0x50 ..\obj\sdio_sd.o
 .text.CmdResp2Error
                0x08003824       0x68 ..\obj\sdio_sd.o
 .text.CmdResp6Error
                0x0800388c       0xd0 ..\obj\sdio_sd.o
 .text.SDEnWideBus
                0x0800395c      0x180 ..\obj\sdio_sd.o
 .text.FindSCR  0x08003adc      0x204 ..\obj\sdio_sd.o
 .text.RTC_Configuration
                0x08003ce0      0x12c ..\obj\rtc.o
                0x08003ce0                RTC_Configuration
 .text.RTC_GetCounter
                0x08003e0c      0x154 ..\obj\rtc.o
                0x08003e0c                RTC_GetCounter
 .text.crdXtoScr
                0x08003f60       0x54 ..\obj\gcode_exec.o
 .text.crdYtoScr
                0x08003fb4       0x60 ..\obj\gcode_exec.o
 *fill*         0x08004014        0x4 
 .text.initGcodeProc
                0x08004018      0x1a4 ..\obj\gcode_exec.o
 *fill*         0x080041bc        0x4 
 .text.cnc_gfile
                0x080041c0      0x820 ..\obj\gcode_exec.o
                0x080041c0                cnc_gfile
 .text.calcColor
                0x080049e0       0xb8 ..\obj\gcode_exec.o
                0x080049e0                calcColor
 .text.cnc_dwell
                0x08004a98       0x34 ..\obj\gcode_exec.o
                0x08004a98                cnc_dwell
 .text.cnc_waitSMotorReady
                0x08004acc      0x2ec ..\obj\gcode_exec.o
 .text.sendLine
                0x08004db8      0x3c0 ..\obj\gcode_exec.o
 .text.smothLine
                0x08005178     0x1ddc ..\obj\gcode_exec.o
                0x08005178                smothLine
 *fill*         0x08006f54        0x4 
 .text.cnc_line
                0x08006f58      0x2a4 ..\obj\gcode_exec.o
                0x08006f58                cnc_line
 .text.cnc_end  0x080071fc       0x18 ..\obj\gcode_exec.o
                0x080071fc                cnc_end
 .text.strtod_M
                0x08007214      0x168 ..\obj\gcode.o
                0x08007214                strtod_M
 .text.read_double
                0x0800737c       0x5c ..\obj\gcode.o
 .text.next_statement
                0x080073d8       0xcc ..\obj\gcode.o
 *fill*         0x080074a4        0x4 
 .text.gc_init  0x080074a8       0x5c ..\obj\gcode.o
                0x080074a8                gc_init
 *fill*         0x08007504        0x4 
 .text.to_millimeters
                0x08007508       0x44 ..\obj\gcode.o
 *fill*         0x0800754c        0x4 
 .text.mc_arc   0x08007550      0x748 ..\obj\gcode.o
 .text.gc_execute_line
                0x08007c98      0xe48 ..\obj\gcode.o
                0x08007c98                gc_execute_line
 .text.disk_initialize
                0x08008ae0       0x78 ..\obj\diskio.o
                0x08008ae0                disk_initialize
 .text.disk_status
                0x08008b58       0x60 ..\obj\diskio.o
                0x08008b58                disk_status
 .text.disk_read
                0x08008bb8       0x76 ..\obj\diskio.o
                0x08008bb8                disk_read
 .text.disk_write
                0x08008c2e       0x76 ..\obj\diskio.o
                0x08008c2e                disk_write
 .text.disk_ioctl
                0x08008ca4       0xd0 ..\obj\diskio.o
                0x08008ca4                disk_ioctl
 .text.get_fattime
                0x08008d74       0x64 ..\obj\diskio.o
                0x08008d74                get_fattime
 .text.Default_Reset_Handler
                0x08008dd8       0x5c ..\obj\startup_stm32f4xx.o
                0x08008dd8                Default_Reset_Handler
                0x08008dd8                Reset_Handler
 .text.Default_Handler
                0x08008e34        0x6 ..\obj\startup_stm32f4xx.o
                0x08008e34                RTC_Alarm_IRQHandler
                0x08008e34                HASH_RNG_IRQHandler
                0x08008e34                EXTI2_IRQHandler
                0x08008e34                TIM8_CC_IRQHandler
                0x08008e34                TIM1_CC_IRQHandler
                0x08008e34                DMA2_Stream5_IRQHandler
                0x08008e34                DMA1_Stream5_IRQHandler
                0x08008e34                PVD_IRQHandler
                0x08008e34                TAMP_STAMP_IRQHandler
                0x08008e34                CAN2_RX1_IRQHandler
                0x08008e34                EXTI3_IRQHandler
                0x08008e34                TIM8_TRG_COM_TIM14_IRQHandler
                0x08008e34                TIM1_UP_TIM10_IRQHandler
                0x08008e34                TIM8_UP_TIM13_IRQHandler
                0x08008e34                I2C3_ER_IRQHandler
                0x08008e34                EXTI0_IRQHandler
                0x08008e34                I2C2_EV_IRQHandler
                0x08008e34                DMA1_Stream2_IRQHandler
                0x08008e34                CAN1_RX0_IRQHandler
                0x08008e34                FPU_IRQHandler
                0x08008e34                OTG_HS_WKUP_IRQHandler
                0x08008e34                CAN2_SCE_IRQHandler
                0x08008e34                DMA2_Stream2_IRQHandler
                0x08008e34                SPI1_IRQHandler
                0x08008e34                TIM6_DAC_IRQHandler
                0x08008e34                TIM1_BRK_TIM9_IRQHandler
                0x08008e34                DCMI_IRQHandler
                0x08008e34                CAN2_RX0_IRQHandler
                0x08008e34                DMA2_Stream3_IRQHandler
                0x08008e34                USART6_IRQHandler
                0x08008e34                USART3_IRQHandler
                0x08008e34                CRYP_IRQHandler
                0x08008e34                CAN1_RX1_IRQHandler
                0x08008e34                UART5_IRQHandler
                0x08008e34                DMA2_Stream0_IRQHandler
                0x08008e34                I2C1_EV_IRQHandler
                0x08008e34                DMA1_Stream6_IRQHandler
                0x08008e34                DMA1_Stream1_IRQHandler
                0x08008e34                UART4_IRQHandler
                0x08008e34                RCC_IRQHandler
                0x08008e34                TIM8_BRK_TIM12_IRQHandler
                0x08008e34                EXTI15_10_IRQHandler
                0x08008e34                ADC_IRQHandler
                0x08008e34                DMA1_Stream7_IRQHandler
                0x08008e34                TIM7_IRQHandler
                0x08008e34                CAN2_TX_IRQHandler
                0x08008e34                DMA2_Stream7_IRQHandler
                0x08008e34                I2C3_EV_IRQHandler
                0x08008e34                EXTI9_5_IRQHandler
                0x08008e34                RTC_WKUP_IRQHandler
                0x08008e34                ETH_WKUP_IRQHandler
                0x08008e34                SPI2_IRQHandler
                0x08008e34                OTG_HS_EP1_IN_IRQHandler
                0x08008e34                DMA1_Stream0_IRQHandler
                0x08008e34                CAN1_TX_IRQHandler
                0x08008e34                EXTI4_IRQHandler
                0x08008e34                FSMC_IRQHandler
                0x08008e34                ETH_IRQHandler
                0x08008e34                OTG_HS_EP1_OUT_IRQHandler
                0x08008e34                WWDG_IRQHandler
                0x08008e34                OTG_FS_WKUP_IRQHandler
                0x08008e34                TIM1_TRG_COM_TIM11_IRQHandler
                0x08008e34                OTG_HS_IRQHandler
                0x08008e34                EXTI1_IRQHandler
                0x08008e34                USART2_IRQHandler
                0x08008e34                I2C2_ER_IRQHandler
                0x08008e34                DMA2_Stream1_IRQHandler
                0x08008e34                CAN1_SCE_IRQHandler
                0x08008e34                FLASH_IRQHandler
                0x08008e34                DMA2_Stream4_IRQHandler
                0x08008e34                USART1_IRQHandler
                0x08008e34                SPI3_IRQHandler
                0x08008e34                DMA1_Stream4_IRQHandler
                0x08008e34                I2C1_ER_IRQHandler
                0x08008e34                DMA2_Stream6_IRQHandler
                0x08008e34                DMA1_Stream3_IRQHandler
 *fill*         0x08008e3a        0x2 
 .text.NVIC_SetPriority
                0x08008e3c       0x54 ..\obj\hw_config.o
 .text.SysTick_Config
                0x08008e90       0x44 ..\obj\hw_config.o
 .text.SystemStartup
                0x08008ed4       0x78 ..\obj\hw_config.o
                0x08008ed4                SystemStartup
 .text.USBD_MSC_Init
                0x08008f4c       0x3e ..\obj\usbd_msc_core.o
                0x08008f4c                USBD_MSC_Init
 .text.USBD_MSC_DeInit
                0x08008f8a       0x2c ..\obj\usbd_msc_core.o
                0x08008f8a                USBD_MSC_DeInit
 *fill*         0x08008fb6        0x2 
 .text.USBD_MSC_Setup
                0x08008fb8      0x158 ..\obj\usbd_msc_core.o
                0x08008fb8                USBD_MSC_Setup
 .text.USBD_MSC_DataIn
                0x08009110       0x20 ..\obj\usbd_msc_core.o
                0x08009110                USBD_MSC_DataIn
 .text.USBD_MSC_DataOut
                0x08009130       0x20 ..\obj\usbd_msc_core.o
                0x08009130                USBD_MSC_DataOut
 .text.USBD_MSC_GetCfgDesc
                0x08009150       0x24 ..\obj\usbd_msc_core.o
                0x08009150                USBD_MSC_GetCfgDesc
 .text.USBD_Init
                0x08009174       0x56 ..\obj\usbd_core.o
                0x08009174                USBD_Init
 .text.USBD_DeInit
                0x080091ca       0x14 ..\obj\usbd_core.o
                0x080091ca                USBD_DeInit
 .text.USBD_SetupStage
                0x080091de       0x6c ..\obj\usbd_core.o
 .text.USBD_DataOutStage
                0x0800924a       0xcc ..\obj\usbd_core.o
 .text.USBD_DataInStage
                0x08009316      0x11a ..\obj\usbd_core.o
 .text.USBD_RunTestMode
                0x08009430       0x24 ..\obj\usbd_core.o
 .text.USBD_Reset
                0x08009454       0x42 ..\obj\usbd_core.o
 .text.USBD_Resume
                0x08009496       0x30 ..\obj\usbd_core.o
 .text.USBD_Suspend
                0x080094c6       0x30 ..\obj\usbd_core.o
 .text.USBD_SOF
                0x080094f6       0x2a ..\obj\usbd_core.o
 .text.USBD_SetCfg
                0x08009520       0x30 ..\obj\usbd_core.o
                0x08009520                USBD_SetCfg
 .text.USBD_ClrCfg
                0x08009550       0x26 ..\obj\usbd_core.o
                0x08009550                USBD_ClrCfg
 .text.USBD_IsoINIncomplete
                0x08009576       0x1e ..\obj\usbd_core.o
 .text.USBD_IsoOUTIncomplete
                0x08009594       0x1e ..\obj\usbd_core.o
 .text.str_trim
                0x080095b2       0x50 ..\obj\main.o
                0x080095b2                str_trim
 *fill*         0x08009602        0x2 
 .text.initSmParam
                0x08009604      0x388 ..\obj\main.o
 .text.showStatusString
                0x0800998c      0x218 ..\obj\main.o
 .text.showCriticalStatus
                0x08009ba4       0x20 ..\obj\main.o
                0x08009ba4                showCriticalStatus
 .text.readFileList
                0x08009bc4      0x1e4 ..\obj\main.o
 .text.drawFileList
                0x08009da8       0xe4 ..\obj\main.o
 .text.questionYesNo
                0x08009e8c       0x48 ..\obj\main.o
                0x08009e8c                questionYesNo
 .text.setTime  0x08009ed4      0x284 ..\obj\main.o
 .text.main     0x0800a158      0x638 ..\obj\main.o
                0x0800a158                main
 .text.RCC_LSEConfig
                0x0800a790       0x40 ..\obj\stm32f4xx_rcc.o
                0x0800a790                RCC_LSEConfig
 .text.RCC_GetClocksFreq
                0x0800a7d0      0x150 ..\obj\stm32f4xx_rcc.o
                0x0800a7d0                RCC_GetClocksFreq
 .text.RCC_RTCCLKConfig
                0x0800a920       0x5c ..\obj\stm32f4xx_rcc.o
                0x0800a920                RCC_RTCCLKConfig
 .text.RCC_RTCCLKCmd
                0x0800a97c       0x20 ..\obj\stm32f4xx_rcc.o
                0x0800a97c                RCC_RTCCLKCmd
 .text.RCC_AHB1PeriphClockCmd
                0x0800a99c       0x3c ..\obj\stm32f4xx_rcc.o
                0x0800a99c                RCC_AHB1PeriphClockCmd
 .text.RCC_AHB2PeriphClockCmd
                0x0800a9d8       0x3c ..\obj\stm32f4xx_rcc.o
                0x0800a9d8                RCC_AHB2PeriphClockCmd
 .text.RCC_AHB3PeriphClockCmd
                0x0800aa14       0x3c ..\obj\stm32f4xx_rcc.o
                0x0800aa14                RCC_AHB3PeriphClockCmd
 .text.RCC_APB1PeriphClockCmd
                0x0800aa50       0x3c ..\obj\stm32f4xx_rcc.o
                0x0800aa50                RCC_APB1PeriphClockCmd
 .text.RCC_APB2PeriphClockCmd
                0x0800aa8c       0x3c ..\obj\stm32f4xx_rcc.o
                0x0800aa8c                RCC_APB2PeriphClockCmd
 .text.RCC_APB2PeriphResetCmd
                0x0800aac8       0x3c ..\obj\stm32f4xx_rcc.o
                0x0800aac8                RCC_APB2PeriphResetCmd
 .text.RCC_GetFlagStatus
                0x0800ab04       0x74 ..\obj\stm32f4xx_rcc.o
                0x0800ab04                RCC_GetFlagStatus
 .text.NMI_Handler
                0x0800ab78        0xc ..\obj\stm32f4xx_it.o
                0x0800ab78                NMI_Handler
 .text.HardFault_Handler
                0x0800ab84        0x6 ..\obj\stm32f4xx_it.o
                0x0800ab84                HardFault_Handler
 .text.MemManage_Handler
                0x0800ab8a        0x6 ..\obj\stm32f4xx_it.o
                0x0800ab8a                MemManage_Handler
 .text.BusFault_Handler
                0x0800ab90        0x6 ..\obj\stm32f4xx_it.o
                0x0800ab90                BusFault_Handler
 .text.UsageFault_Handler
                0x0800ab96        0x6 ..\obj\stm32f4xx_it.o
                0x0800ab96                UsageFault_Handler
 .text.SVC_Handler
                0x0800ab9c        0xc ..\obj\stm32f4xx_it.o
                0x0800ab9c                SVC_Handler
 .text.DebugMon_Handler
                0x0800aba8        0xc ..\obj\stm32f4xx_it.o
                0x0800aba8                DebugMon_Handler
 .text.PendSV_Handler
                0x0800abb4        0xc ..\obj\stm32f4xx_it.o
                0x0800abb4                PendSV_Handler
 .text.SysTick_Handler
                0x0800abc0       0x64 ..\obj\stm32f4xx_it.o
                0x0800abc0                SysTick_Handler
 .text.TIM2_IRQHandler
                0x0800ac24       0x18 ..\obj\stm32f4xx_it.o
                0x0800ac24                TIM2_IRQHandler
 .text.TIM3_IRQHandler
                0x0800ac3c       0x1c ..\obj\stm32f4xx_it.o
                0x0800ac3c                TIM3_IRQHandler
 .text.TIM4_IRQHandler
                0x0800ac58       0x1c ..\obj\stm32f4xx_it.o
                0x0800ac58                TIM4_IRQHandler
 .text.TIM5_IRQHandler
                0x0800ac74       0x1c ..\obj\stm32f4xx_it.o
                0x0800ac74                TIM5_IRQHandler
 .text.OTG_FS_IRQHandler
                0x0800ac90       0x14 ..\obj\stm32f4xx_it.o
                0x0800ac90                OTG_FS_IRQHandler
 .text.SDIO_IRQHandler
                0x0800aca4        0xc ..\obj\stm32f4xx_it.o
                0x0800aca4                SDIO_IRQHandler
 .text.STORAGE_Init
                0x0800acb0       0x3e ..\obj\usbd_storage_msd.o
                0x0800acb0                STORAGE_Init
 *fill*         0x0800acee        0x2 
 .text.STORAGE_GetCapacity
                0x0800acf0       0x50 ..\obj\usbd_storage_msd.o
                0x0800acf0                STORAGE_GetCapacity
 .text.STORAGE_IsReady
                0x0800ad40       0x44 ..\obj\usbd_storage_msd.o
                0x0800ad40                STORAGE_IsReady
 .text.STORAGE_IsWriteProtected
                0x0800ad84       0x16 ..\obj\usbd_storage_msd.o
                0x0800ad84                STORAGE_IsWriteProtected
 .text.STORAGE_Read
                0x0800ad9a       0x56 ..\obj\usbd_storage_msd.o
                0x0800ad9a                STORAGE_Read
 .text.STORAGE_Write
                0x0800adf0       0x56 ..\obj\usbd_storage_msd.o
                0x0800adf0                STORAGE_Write
 .text.STORAGE_GetMaxLun
                0x0800ae46        0xe ..\obj\usbd_storage_msd.o
                0x0800ae46                STORAGE_GetMaxLun
 .text.SCSI_ProcessCmd
                0x0800ae54      0x254 ..\obj\usbd_msc_scsi.o
                0x0800ae54                SCSI_ProcessCmd
 .text.SCSI_TestUnitReady
                0x0800b0a8       0x68 ..\obj\usbd_msc_scsi.o
 .text.SCSI_Inquiry
                0x0800b110       0x98 ..\obj\usbd_msc_scsi.o
 .text.SCSI_ReadCapacity10
                0x0800b1a8       0xbc ..\obj\usbd_msc_scsi.o
 .text.SCSI_ReadFormatCapacity
                0x0800b264       0xc4 ..\obj\usbd_msc_scsi.o
 .text.SCSI_ModeSense6
                0x0800b328       0x48 ..\obj\usbd_msc_scsi.o
 .text.SCSI_ModeSense10
                0x0800b370       0x48 ..\obj\usbd_msc_scsi.o
 .text.SCSI_RequestSense
                0x0800b3b8       0xc4 ..\obj\usbd_msc_scsi.o
 .text.SCSI_SenseCode
                0x0800b47c       0x60 ..\obj\usbd_msc_scsi.o
                0x0800b47c                SCSI_SenseCode
 .text.SCSI_StartStopUnit
                0x0800b4dc       0x24 ..\obj\usbd_msc_scsi.o
 .text.SCSI_Read10
                0x0800b500      0x130 ..\obj\usbd_msc_scsi.o
 .text.SCSI_Write10
                0x0800b630      0x174 ..\obj\usbd_msc_scsi.o
 .text.SCSI_Verify10
                0x0800b7a4       0x68 ..\obj\usbd_msc_scsi.o
 .text.SCSI_CheckAddressRange
                0x0800b80c       0x40 ..\obj\usbd_msc_scsi.o
 .text.SCSI_ProcessRead
                0x0800b84c       0xc4 ..\obj\usbd_msc_scsi.o
 .text.SCSI_ProcessWrite
                0x0800b910       0xd4 ..\obj\usbd_msc_scsi.o
 .text.USBD_USR_DeviceDescriptor
                0x0800b9e4       0x24 ..\obj\usbd_desc.o
                0x0800b9e4                USBD_USR_DeviceDescriptor
 .text.USBD_USR_LangIDStrDescriptor
                0x0800ba08       0x24 ..\obj\usbd_desc.o
                0x0800ba08                USBD_USR_LangIDStrDescriptor
 .text.USBD_USR_ProductStrDescriptor
                0x0800ba2c       0x40 ..\obj\usbd_desc.o
                0x0800ba2c                USBD_USR_ProductStrDescriptor
 .text.USBD_USR_ManufacturerStrDescriptor
                0x0800ba6c       0x28 ..\obj\usbd_desc.o
                0x0800ba6c                USBD_USR_ManufacturerStrDescriptor
 .text.USBD_USR_SerialStrDescriptor
                0x0800ba94       0x40 ..\obj\usbd_desc.o
                0x0800ba94                USBD_USR_SerialStrDescriptor
 .text.USBD_USR_ConfigStrDescriptor
                0x0800bad4       0x3c ..\obj\usbd_desc.o
                0x0800bad4                USBD_USR_ConfigStrDescriptor
 .text.USBD_USR_InterfaceStrDescriptor
                0x0800bb10       0x3c ..\obj\usbd_desc.o
                0x0800bb10                USBD_USR_InterfaceStrDescriptor
 .text.GUI_Line
                0x0800bb4c      0x2de ..\obj\lcd_api.o
                0x0800bb4c                GUI_Line
 .text.GUI_Rectangle
                0x0800be2a       0x94 ..\obj\lcd_api.o
                0x0800be2a                GUI_Rectangle
 *fill*         0x0800bebe        0x2 
 .text.scr_setfullTextWindow
                0x0800bec0       0x34 ..\obj\scr_io.o
                0x0800bec0                scr_setfullTextWindow
 .text.scr_setTextWindow
                0x0800bef4       0x94 ..\obj\scr_io.o
                0x0800bef4                scr_setTextWindow
 .text.scr_setScrollOn
                0x0800bf88       0x20 ..\obj\scr_io.o
                0x0800bf88                scr_setScrollOn
 .text.scr_gotoxy
                0x0800bfa8       0x30 ..\obj\scr_io.o
                0x0800bfa8                scr_gotoxy
 .text.scr_getCurRow
                0x0800bfd8       0x18 ..\obj\scr_io.o
                0x0800bfd8                scr_getCurRow
 .text.scr_getCurCol
                0x0800bff0       0x18 ..\obj\scr_io.o
                0x0800bff0                scr_getCurCol
 .text.scr_fontColor
                0x0800c008       0x48 ..\obj\scr_io.o
                0x0800c008                scr_fontColor
 .text.scr_fontColorInvers
                0x0800c050       0x2c ..\obj\scr_io.o
                0x0800c050                scr_fontColorInvers
 .text.scr_fontColorNormal
                0x0800c07c       0x2c ..\obj\scr_io.o
                0x0800c07c                scr_fontColorNormal
 .text.scr_putc
                0x0800c0a8      0x14c ..\obj\scr_io.o
                0x0800c0a8                scr_putc
 .text.scr_puts
                0x0800c1f4       0x28 ..\obj\scr_io.o
                0x0800c1f4                scr_puts
 .text.scr_clrEndl
                0x0800c21c       0x28 ..\obj\scr_io.o
                0x0800c21c                scr_clrEndl
 .text.scr_itoa
                0x0800c244      0x12c ..\obj\scr_io.o
                0x0800c244                scr_itoa
 .text.scr_ftoa
                0x0800c370       0xa0 ..\obj\scr_io.o
                0x0800c370                scr_ftoa
 .text.scr_printf
                0x0800c410      0x19c ..\obj\scr_io.o
                0x0800c410                scr_printf
 .text.win_showWindow
                0x0800c5ac      0x114 ..\obj\scr_io.o
 .text.win_showErrorWin
                0x0800c6c0       0x36 ..\obj\scr_io.o
                0x0800c6c0                win_showErrorWin
 .text.win_showMsgWin
                0x0800c6f6       0x38 ..\obj\scr_io.o
                0x0800c6f6                win_showMsgWin
 .text.win_showMenu
                0x0800c72e       0x52 ..\obj\scr_io.o
                0x0800c72e                win_showMenu
 .text.win_showMenuScroll
                0x0800c780      0x13a ..\obj\scr_io.o
                0x0800c780                win_showMenuScroll
 *fill*         0x0800c8ba        0x2 
 .text.scr_waitKey
                0x0800c8bc       0xa0 ..\obj\scr_io.o
                0x0800c8bc                scr_waitKey
 .text.kbd_init
                0x0800c95c       0x9c ..\obj\keyboard.o
                0x0800c95c                kbd_init
 .text.kbd_putKey
                0x0800c9f8       0x40 ..\obj\keyboard.o
 .text.kbd_proc
                0x0800ca38      0x108 ..\obj\keyboard.o
                0x0800ca38                kbd_proc
 .text.kbd_getKey
                0x0800cb40       0x3c ..\obj\keyboard.o
                0x0800cb40                kbd_getKey
 .text.FSMC_NORSRAMInit
                0x0800cb7c      0x13c ..\obj\stm32f4xx_fsmc.o
                0x0800cb7c                FSMC_NORSRAMInit
 .text.FSMC_NORSRAMCmd
                0x0800ccb8       0x54 ..\obj\stm32f4xx_fsmc.o
                0x0800ccb8                FSMC_NORSRAMCmd
 .text.GPIO_Init
                0x0800cd0c      0x11a ..\obj\stm32f4xx_gpio.o
                0x0800cd0c                GPIO_Init
 .text.GPIO_ReadInputDataBit
                0x0800ce26       0x32 ..\obj\stm32f4xx_gpio.o
                0x0800ce26                GPIO_ReadInputDataBit
 .text.GPIO_WriteBit
                0x0800ce58       0x2e ..\obj\stm32f4xx_gpio.o
                0x0800ce58                GPIO_WriteBit
 .text.GPIO_PinAFConfig
                0x0800ce86       0x90 ..\obj\stm32f4xx_gpio.o
                0x0800ce86                GPIO_PinAFConfig
 *fill*         0x0800cf16        0x2 
 .text.SystemInit
                0x0800cf18       0x5c ..\obj\system_stm32f4xx.o
                0x0800cf18                SystemInit
 .text.SetSysClock
                0x0800cf74       0xf4 ..\obj\system_stm32f4xx.o
 .text.DMA_DeInit
                0x0800d068      0x1a4 ..\obj\stm32f4xx_dma.o
                0x0800d068                DMA_DeInit
 .text.DMA_Init
                0x0800d20c       0xac ..\obj\stm32f4xx_dma.o
                0x0800d20c                DMA_Init
 .text.DMA_Cmd  0x0800d2b8       0x36 ..\obj\stm32f4xx_dma.o
                0x0800d2b8                DMA_Cmd
 .text.DMA_FlowControllerConfig
                0x0800d2ee       0x34 ..\obj\stm32f4xx_dma.o
                0x0800d2ee                DMA_FlowControllerConfig
 *fill*         0x0800d322        0x2 
 .text.DMA_ClearFlag
                0x0800d324       0x5c ..\obj\stm32f4xx_dma.o
                0x0800d324                DMA_ClearFlag
 .text.DMA_ITConfig
                0x0800d380       0x72 ..\obj\stm32f4xx_dma.o
                0x0800d380                DMA_ITConfig
 *fill*         0x0800d3f2        0x2 
 .text.ff_convert
                0x0800d3f4       0x74 ..\obj\ccsbcs.o
                0x0800d3f4                ff_convert
 .text.ff_wtoupper
                0x0800d468       0x5c ..\obj\ccsbcs.o
                0x0800d468                ff_wtoupper
 .text.USB_OTG_BSP_Init
                0x0800d4c4       0x64 ..\obj\usb_bsp.o
                0x0800d4c4                USB_OTG_BSP_Init
 .text.USB_OTG_BSP_EnableInterrupt
                0x0800d528       0x32 ..\obj\usb_bsp.o
                0x0800d528                USB_OTG_BSP_EnableInterrupt
 .text.USB_OTG_BSP_uDelay
                0x0800d55a       0x32 ..\obj\usb_bsp.o
                0x0800d55a                USB_OTG_BSP_uDelay
 .text.USB_OTG_BSP_mDelay
                0x0800d58c       0x20 ..\obj\usb_bsp.o
                0x0800d58c                USB_OTG_BSP_mDelay
 .text.USBD_StdDevReq
                0x0800d5ac       0xa0 ..\obj\usbd_req.o
                0x0800d5ac                USBD_StdDevReq
 .text.USBD_StdItfReq
                0x0800d64c       0x66 ..\obj\usbd_req.o
                0x0800d64c                USBD_StdItfReq
 *fill*         0x0800d6b2        0x2 
 .text.USBD_StdEPReq
                0x0800d6b4      0x1b0 ..\obj\usbd_req.o
                0x0800d6b4                USBD_StdEPReq
 .text.USBD_GetDescriptor
                0x0800d864      0x1a8 ..\obj\usbd_req.o
 .text.USBD_SetAddress
                0x0800da0c       0x7c ..\obj\usbd_req.o
 .text.USBD_SetConfig
                0x0800da88       0xf4 ..\obj\usbd_req.o
 .text.USBD_GetConfig
                0x0800db7c       0x60 ..\obj\usbd_req.o
 .text.USBD_GetStatus
                0x0800dbdc       0x54 ..\obj\usbd_req.o
 .text.USBD_SetFeature
                0x0800dc30       0xd8 ..\obj\usbd_req.o
 .text.USBD_ClrFeature
                0x0800dd08       0x50 ..\obj\usbd_req.o
 .text.USBD_ParseSetupRequest
                0x0800dd58       0x90 ..\obj\usbd_req.o
                0x0800dd58                USBD_ParseSetupRequest
 .text.USBD_CtlError
                0x0800dde8       0x28 ..\obj\usbd_req.o
                0x0800dde8                USBD_CtlError
 .text.USBD_GetString
                0x0800de10       0x86 ..\obj\usbd_req.o
                0x0800de10                USBD_GetString
 .text.USBD_GetLen
                0x0800de96       0x2e ..\obj\usbd_req.o
 .text.USBD_OTG_ISR_Handler
                0x0800dec4      0x15c ..\obj\usb_dcd_int.o
                0x0800dec4                USBD_OTG_ISR_Handler
 .text.DCD_HandleResume_ISR
                0x0800e020       0x80 ..\obj\usb_dcd_int.o
 .text.DCD_HandleUSBSuspend_ISR
                0x0800e0a0       0xbc ..\obj\usb_dcd_int.o
 .text.DCD_HandleInEP_ISR
                0x0800e15c      0x19c ..\obj\usb_dcd_int.o
 .text.DCD_HandleOutEP_ISR
                0x0800e2f8      0x150 ..\obj\usb_dcd_int.o
 .text.DCD_HandleSof_ISR
                0x0800e448       0x34 ..\obj\usb_dcd_int.o
 .text.DCD_HandleRxStatusQueueLevel_ISR
                0x0800e47c      0x104 ..\obj\usb_dcd_int.o
 .text.DCD_WriteEmptyTxFifo
                0x0800e580       0xe4 ..\obj\usb_dcd_int.o
 .text.DCD_HandleUsbReset_ISR
                0x0800e664      0x120 ..\obj\usb_dcd_int.o
 .text.DCD_HandleEnumDone_ISR
                0x0800e784       0x78 ..\obj\usb_dcd_int.o
 .text.DCD_IsoINIncomplete_ISR
                0x0800e7fc       0x34 ..\obj\usb_dcd_int.o
 .text.DCD_IsoOUTIncomplete_ISR
                0x0800e830       0x34 ..\obj\usb_dcd_int.o
 .text.DCD_ReadDevInEP
                0x0800e864       0x4e ..\obj\usb_dcd_int.o
 *fill*         0x0800e8b2        0x2 
 .text.spindle_init
                0x0800e8b4       0x60 ..\obj\spindle.o
                0x0800e8b4                spindle_init
 .text.spindle_on
                0x0800e914       0x58 ..\obj\spindle.o
                0x0800e914                spindle_on
 .text.spindle_off
                0x0800e96c       0x2c ..\obj\spindle.o
                0x0800e96c                spindle_off
 .text.coolant_on
                0x0800e998       0x18 ..\obj\spindle.o
                0x0800e998                coolant_on
 .text.coolant_off
                0x0800e9b0       0x18 ..\obj\spindle.o
                0x0800e9b0                coolant_off
 .text.mem_cpy  0x0800e9c8       0x3a ..\obj\ff.o
 .text.mem_set  0x0800ea02       0x32 ..\obj\ff.o
 .text.mem_cmp  0x0800ea34       0x4c ..\obj\ff.o
 .text.chk_chr  0x0800ea80       0x34 ..\obj\ff.o
 .text.sync_window
                0x0800eab4       0x82 ..\obj\ff.o
 .text.move_window
                0x0800eb36       0x50 ..\obj\ff.o
 .text.sync_fs  0x0800eb86      0x144 ..\obj\ff.o
 .text.clust2sect
                0x0800ecca       0x3c ..\obj\ff.o
                0x0800ecca                clust2sect
 .text.get_fat  0x0800ed06      0x15e ..\obj\ff.o
                0x0800ed06                get_fat
 .text.put_fat  0x0800ee64      0x200 ..\obj\ff.o
                0x0800ee64                put_fat
 .text.remove_chain
                0x0800f064       0xa6 ..\obj\ff.o
 .text.create_chain
                0x0800f10a      0x11a ..\obj\ff.o
 .text.dir_sdi  0x0800f224      0x104 ..\obj\ff.o
 .text.dir_next
                0x0800f328      0x1a4 ..\obj\ff.o
 .text.dir_alloc
                0x0800f4cc       0x8c ..\obj\ff.o
 .text.ld_clust
                0x0800f558       0x58 ..\obj\ff.o
 .text.st_clust
                0x0800f5b0       0x4c ..\obj\ff.o
 .text.cmp_lfn  0x0800f5fc       0xdc ..\obj\ff.o
 .text.pick_lfn
                0x0800f6d8       0xc8 ..\obj\ff.o
 .text.fit_lfn  0x0800f7a0       0xe8 ..\obj\ff.o
 .text.gen_numname
                0x0800f888       0xe6 ..\obj\ff.o
                0x0800f888                gen_numname
 .text.sum_sfn  0x0800f96e       0x40 ..\obj\ff.o
 .text.dir_find
                0x0800f9ae      0x158 ..\obj\ff.o
 .text.dir_read
                0x0800fb06      0x136 ..\obj\ff.o
 .text.dir_register
                0x0800fc3c      0x1f8 ..\obj\ff.o
 .text.dir_remove
                0x0800fe34       0x96 ..\obj\ff.o
 *fill*         0x0800feca        0x2 
 .text.create_name
                0x0800fecc      0x364 ..\obj\ff.o
 .text.get_fileinfo
                0x08010230      0x192 ..\obj\ff.o
 .text.get_ldnumber
                0x080103c2       0x5a ..\obj\ff.o
 .text.follow_path
                0x0801041c       0xd0 ..\obj\ff.o
 .text.check_fs
                0x080104ec       0xd0 ..\obj\ff.o
 .text.find_volume
                0x080105bc      0x560 ..\obj\ff.o
 .text.validate
                0x08010b1c       0x5a ..\obj\ff.o
 *fill*         0x08010b76        0x2 
 .text.f_mount  0x08010b78       0x84 ..\obj\ff.o
                0x08010b78                f_mount
 .text.f_open   0x08010bfc      0x288 ..\obj\ff.o
                0x08010bfc                f_open
 .text.f_read   0x08010e84      0x26e ..\obj\ff.o
                0x08010e84                f_read
 .text.f_write  0x080110f2      0x2d0 ..\obj\ff.o
                0x080110f2                f_write
 .text.f_sync   0x080113c2      0x150 ..\obj\ff.o
                0x080113c2                f_sync
 .text.f_close  0x08011512       0x28 ..\obj\ff.o
                0x08011512                f_close
 *fill*         0x0801153a        0x2 
 .text.f_opendir
                0x0801153c       0xc4 ..\obj\ff.o
                0x0801153c                f_opendir
 .text.f_readdir
                0x08011600       0x90 ..\obj\ff.o
                0x08011600                f_readdir
 .text.f_stat   0x08011690       0x7c ..\obj\ff.o
                0x08011690                f_stat
 .text.f_unlink
                0x0801170c      0x15c ..\obj\ff.o
                0x0801170c                f_unlink
 .text.f_gets   0x08011868       0x7a ..\obj\ff.o
                0x08011868                f_gets
 .text.putc_bfd
                0x080118e2       0x7a ..\obj\ff.o
 .text.f_printf
                0x0801195c      0x434 ..\obj\ff.o
                0x0801195c                f_printf
 .text.LCD_WR_REG
                0x08011d90       0x20 ..\obj\lcd.o
                0x08011d90                LCD_WR_REG
 .text.LCD_WR_DATA
                0x08011db0       0x20 ..\obj\lcd.o
                0x08011db0                LCD_WR_DATA
 .text.LCD_RD_DATA
                0x08011dd0       0x1c ..\obj\lcd.o
                0x08011dd0                LCD_RD_DATA
 .text.LCD_WriteReg
                0x08011dec       0x2c ..\obj\lcd.o
                0x08011dec                LCD_WriteReg
 .text.LCD_ReadReg
                0x08011e18       0x2e ..\obj\lcd.o
                0x08011e18                LCD_ReadReg
 *fill*         0x08011e46        0x2 
 .text.LCD_WriteRAM_Prepare
                0x08011e48       0x1c ..\obj\lcd.o
                0x08011e48                LCD_WriteRAM_Prepare
 .text.LCD_SetCursor
                0x08011e64      0x184 ..\obj\lcd.o
                0x08011e64                LCD_SetCursor
 .text.LCD_Scan_Dir
                0x08011fe8      0x3f0 ..\obj\lcd.o
                0x08011fe8                LCD_Scan_Dir
 .text.LCD_Fast_DrawPoint
                0x080123d8      0x198 ..\obj\lcd.o
                0x080123d8                LCD_Fast_DrawPoint
 .text.LCD_Display_Dir
                0x08012570      0x1b8 ..\obj\lcd.o
                0x08012570                LCD_Display_Dir
 .text.LCD_Init
                0x08012728     0x3a24 ..\obj\lcd.o
                0x08012728                LCD_Init
 .text.LCD_Clear
                0x0801614c       0x9c ..\obj\lcd.o
                0x0801614c                LCD_Clear
 .text.LCD_DrawLine
                0x080161e8      0x108 ..\obj\lcd.o
                0x080161e8                LCD_DrawLine
 .text.LCD_VLine
                0x080162f0       0x3e ..\obj\lcd.o
                0x080162f0                LCD_VLine
 *fill*         0x0801632e        0x2 
 .text.LCD_PutChar
                0x08016330       0xd0 ..\obj\lcd.o
                0x08016330                LCD_PutChar
 .text.NVIC_PriorityGroupConfig
                0x08016400       0x24 ..\obj\misc.o
                0x08016400                NVIC_PriorityGroupConfig
 .text.NVIC_Init
                0x08016424       0xc4 ..\obj\misc.o
                0x08016424                NVIC_Init
 .text.DCD_Init
                0x080164e8      0x106 ..\obj\usb_dcd.o
                0x080164e8                DCD_Init
 .text.DCD_EP_Open
                0x080165ee       0xb0 ..\obj\usb_dcd.o
                0x080165ee                DCD_EP_Open
 .text.DCD_EP_Close
                0x0801669e       0x78 ..\obj\usb_dcd.o
                0x0801669e                DCD_EP_Close
 .text.DCD_EP_PrepareRx
                0x08016716       0x84 ..\obj\usb_dcd.o
                0x08016716                DCD_EP_PrepareRx
 .text.DCD_EP_Tx
                0x0801679a       0x78 ..\obj\usb_dcd.o
                0x0801679a                DCD_EP_Tx
 .text.DCD_EP_Stall
                0x08016812       0x7a ..\obj\usb_dcd.o
                0x08016812                DCD_EP_Stall
 .text.DCD_EP_ClrStall
                0x0801688c       0x7a ..\obj\usb_dcd.o
                0x0801688c                DCD_EP_ClrStall
 .text.DCD_EP_Flush
                0x08016906       0x34 ..\obj\usb_dcd.o
                0x08016906                DCD_EP_Flush
 .text.DCD_EP_SetAddress
                0x0801693a       0x3a ..\obj\usb_dcd.o
                0x0801693a                DCD_EP_SetAddress
 .text.limits_init
                0x08016974       0x68 ..\obj\limits.o
                0x08016974                limits_init
 .text.manualMode
                0x080169dc      0x628 ..\obj\manualmode.o
                0x080169dc                manualMode
 .text.RTC_Init
                0x08017004       0x78 ..\obj\stm32f4xx_rtc.o
                0x08017004                RTC_Init
 .text.RTC_EnterInitMode
                0x0801707c       0x70 ..\obj\stm32f4xx_rtc.o
                0x0801707c                RTC_EnterInitMode
 .text.RTC_ExitInitMode
                0x080170ec       0x1c ..\obj\stm32f4xx_rtc.o
                0x080170ec                RTC_ExitInitMode
 .text.RTC_WaitForSynchro
                0x08017108       0x74 ..\obj\stm32f4xx_rtc.o
                0x08017108                RTC_WaitForSynchro
 .text.RTC_SetTime
                0x0801717c      0x114 ..\obj\stm32f4xx_rtc.o
                0x0801717c                RTC_SetTime
 .text.RTC_GetTime
                0x08017290       0xa4 ..\obj\stm32f4xx_rtc.o
                0x08017290                RTC_GetTime
 .text.RTC_SetDate
                0x08017334      0x120 ..\obj\stm32f4xx_rtc.o
                0x08017334                RTC_SetDate
 .text.RTC_GetDate
                0x08017454       0x9c ..\obj\stm32f4xx_rtc.o
                0x08017454                RTC_GetDate
 .text.RTC_WriteBackupRegister
                0x080174f0       0x34 ..\obj\stm32f4xx_rtc.o
                0x080174f0                RTC_WriteBackupRegister
 .text.RTC_ReadBackupRegister
                0x08017524       0x2c ..\obj\stm32f4xx_rtc.o
                0x08017524                RTC_ReadBackupRegister
 .text.RTC_ClearITPendingBit
                0x08017550       0x38 ..\obj\stm32f4xx_rtc.o
                0x08017550                RTC_ClearITPendingBit
 .text.RTC_ByteToBcd2
                0x08017588       0x38 ..\obj\stm32f4xx_rtc.o
 .text.RTC_Bcd2ToByte
                0x080175c0       0x36 ..\obj\stm32f4xx_rtc.o
 .text.USBD_CtlSendData
                0x080175f6       0x40 ..\obj\usbd_ioreq.o
                0x080175f6                USBD_CtlSendData
 .text.USBD_CtlContinueSendData
                0x08017636       0x28 ..\obj\usbd_ioreq.o
                0x08017636                USBD_CtlContinueSendData
 .text.USBD_CtlContinueRx
                0x0801765e       0x28 ..\obj\usbd_ioreq.o
                0x0801765e                USBD_CtlContinueRx
 .text.USBD_CtlSendStatus
                0x08017686       0x30 ..\obj\usbd_ioreq.o
                0x08017686                USBD_CtlSendStatus
 .text.USBD_CtlReceiveStatus
                0x080176b6       0x30 ..\obj\usbd_ioreq.o
                0x080176b6                USBD_CtlReceiveStatus
 .text.USBD_GetRxCount
                0x080176e6       0x2c ..\obj\usbd_ioreq.o
                0x080176e6                USBD_GetRxCount
 *fill*         0x08017712        0x2 
 .text.MSC_BOT_Init
                0x08017714       0x54 ..\obj\usbd_msc_bot.o
                0x08017714                MSC_BOT_Init
 .text.MSC_BOT_Reset
                0x08017768       0x34 ..\obj\usbd_msc_bot.o
                0x08017768                MSC_BOT_Reset
 .text.MSC_BOT_DeInit
                0x0801779c       0x1c ..\obj\usbd_msc_bot.o
                0x0801779c                MSC_BOT_DeInit
 .text.MSC_BOT_DataIn
                0x080177b8       0x60 ..\obj\usbd_msc_bot.o
                0x080177b8                MSC_BOT_DataIn
 .text.MSC_BOT_DataOut
                0x08017818       0x54 ..\obj\usbd_msc_bot.o
                0x08017818                MSC_BOT_DataOut
 .text.MSC_BOT_CBW_Decode
                0x0801786c       0xe8 ..\obj\usbd_msc_bot.o
 .text.MSC_BOT_SendData
                0x08017954       0x54 ..\obj\usbd_msc_bot.o
 .text.MSC_BOT_SendCSW
                0x080179a8       0x50 ..\obj\usbd_msc_bot.o
                0x080179a8                MSC_BOT_SendCSW
 .text.MSC_BOT_Abort
                0x080179f8       0x54 ..\obj\usbd_msc_bot.o
 .text.MSC_BOT_CplClrFeature
                0x08017a4c       0x48 ..\obj\usbd_msc_bot.o
                0x08017a4c                MSC_BOT_CplClrFeature
 .text.TIM_TimeBaseInit
                0x08017a94       0xd4 ..\obj\stm32f4xx_tim.o
                0x08017a94                TIM_TimeBaseInit
 .text.TIM_SetAutoreload
                0x08017b68       0x1a ..\obj\stm32f4xx_tim.o
                0x08017b68                TIM_SetAutoreload
 .text.TIM_ARRPreloadConfig
                0x08017b82       0x3e ..\obj\stm32f4xx_tim.o
                0x08017b82                TIM_ARRPreloadConfig
 .text.TIM_Cmd  0x08017bc0       0x3e ..\obj\stm32f4xx_tim.o
                0x08017bc0                TIM_Cmd
 .text.TIM_ITConfig
                0x08017bfe       0x46 ..\obj\stm32f4xx_tim.o
                0x08017bfe                TIM_ITConfig
 .text.TIM_ClearITPendingBit
                0x08017c44       0x20 ..\obj\stm32f4xx_tim.o
                0x08017c44                TIM_ClearITPendingBit
 .text.cos      0x08017c64       0x94 e:/programs/arm-none-eabi-7/bin/../lib/gcc/arm-none-eabi/7.3.1/../../../../arm-none-eabi/lib/thumb/v7e-m\libm.a(lib_a-s_cos.o)
                0x08017c64                cos
 .text.floor    0x08017cf8      0x108 e:/programs/arm-none-eabi-7/bin/../lib/gcc/arm-none-eabi/7.3.1/../../../../arm-none-eabi/lib/thumb/v7e-m\libm.a(lib_a-s_floor.o)
                0x08017cf8                floor
 .text.lround   0x08017e00       0x8c e:/programs/arm-none-eabi-7/bin/../lib/gcc/arm-none-eabi/7.3.1/../../../../arm-none-eabi/lib/thumb/v7e-m\libm.a(lib_a-s_lround.o)
                0x08017e00                lround
 .text.sin      0x08017e8c       0x88 e:/programs/arm-none-eabi-7/bin/../lib/gcc/arm-none-eabi/7.3.1/../../../../arm-none-eabi/lib/thumb/v7e-m\libm.a(lib_a-s_sin.o)
                0x08017e8c                sin
 .text.atan2    0x08017f14        0x4 e:/programs/arm-none-eabi-7/bin/../lib/gcc/arm-none-eabi/7.3.1/../../../../arm-none-eabi/lib/thumb/v7e-m\libm.a(lib_a-w_atan2.o)
                0x08017f14                atan2
 .text.hypot    0x08017f18       0xb4 e:/programs/arm-none-eabi-7/bin/../lib/gcc/arm-none-eabi/7.3.1/../../../../arm-none-eabi/lib/thumb/v7e-m\libm.a(lib_a-w_hypot.o)
                0x08017f18                hypot
 .text.sqrt     0x08017fcc       0xbc e:/programs/arm-none-eabi-7/bin/../lib/gcc/arm-none-eabi/7.3.1/../../../../arm-none-eabi/lib/thumb/v7e-m\libm.a(lib_a-w_sqrt.o)
                0x08017fcc                sqrt
 .text.__ieee754_atan2
                0x08018088      0x1b4 e:/programs/arm-none-eabi-7/bin/../lib/gcc/arm-none-eabi/7.3.1/../../../../arm-none-eabi/lib/thumb/v7e-m\libm.a(lib_a-e_atan2.o)
                0x08018088                __ieee754_atan2
 .text.__ieee754_hypot
                0x0801823c      0x248 e:/programs/arm-none-eabi-7/bin/../lib/gcc/arm-none-eabi/7.3.1/../../../../arm-none-eabi/lib/thumb/v7e-m\libm.a(lib_a-e_hypot.o)
                0x0801823c                __ieee754_hypot
 *fill*         0x08018484        0x4 
 .text.__ieee754_rem_pio2
                0x08018488      0x43c e:/programs/arm-none-eabi-7/bin/../lib/gcc/arm-none-eabi/7.3.1/../../../../arm-none-eabi/lib/thumb/v7e-m\libm.a(lib_a-e_rem_pio2.o)
                0x08018488                __ieee754_rem_pio2
 .text.__ieee754_sqrt
                0x080188c4      0x184 e:/programs/arm-none-eabi-7/bin/../lib/gcc/arm-none-eabi/7.3.1/../../../../arm-none-eabi/lib/thumb/v7e-m\libm.a(lib_a-e_sqrt.o)
                0x080188c4                __ieee754_sqrt
 .text.__kernel_cos
                0x08018a48      0x248 e:/programs/arm-none-eabi-7/bin/../lib/gcc/arm-none-eabi/7.3.1/../../../../arm-none-eabi/lib/thumb/v7e-m\libm.a(lib_a-k_cos.o)
                0x08018a48                __kernel_cos
 .text.__kernel_rem_pio2
                0x08018c90      0x840 e:/programs/arm-none-eabi-7/bin/../lib/gcc/arm-none-eabi/7.3.1/../../../../arm-none-eabi/lib/thumb/v7e-m\libm.a(lib_a-k_rem_pio2.o)
                0x08018c90                __kernel_rem_pio2
 .text.__kernel_sin
                0x080194d0      0x16c e:/programs/arm-none-eabi-7/bin/../lib/gcc/arm-none-eabi/7.3.1/../../../../arm-none-eabi/lib/thumb/v7e-m\libm.a(lib_a-k_sin.o)
                0x080194d0                __kernel_sin
 *fill*         0x0801963c        0x4 
 .text.atan     0x08019640      0x31c e:/programs/arm-none-eabi-7/bin/../lib/gcc/arm-none-eabi/7.3.1/../../../../arm-none-eabi/lib/thumb/v7e-m\libm.a(lib_a-s_atan.o)
                0x08019640                atan
 .text.fabs     0x0801995c        0x8 e:/programs/arm-none-eabi-7/bin/../lib/gcc/arm-none-eabi/7.3.1/../../../../arm-none-eabi/lib/thumb/v7e-m\libm.a(lib_a-s_fabs.o)
                0x0801995c                fabs
 .text.finite   0x08019964        0xc e:/programs/arm-none-eabi-7/bin/../lib/gcc/arm-none-eabi/7.3.1/../../../../arm-none-eabi/lib/thumb/v7e-m\libm.a(lib_a-s_finite.o)
                0x08019964                finite
 .text.matherr  0x08019970        0x4 e:/programs/arm-none-eabi-7/bin/../lib/gcc/arm-none-eabi/7.3.1/../../../../arm-none-eabi/lib/thumb/v7e-m\libm.a(lib_a-s_matherr.o)
                0x08019970                matherr
 *fill*         0x08019974        0x4 
 .text.scalbn   0x08019978       0xfc e:/programs/arm-none-eabi-7/bin/../lib/gcc/arm-none-eabi/7.3.1/../../../../arm-none-eabi/lib/thumb/v7e-m\libm.a(lib_a-s_scalbn.o)
                0x08019978                scalbn
 .text.copysign
                0x08019a74       0x10 e:/programs/arm-none-eabi-7/bin/../lib/gcc/arm-none-eabi/7.3.1/../../../../arm-none-eabi/lib/thumb/v7e-m\libm.a(lib_a-s_copysign.o)
                0x08019a74                copysign
 .text          0x08019a84      0x378 e:/programs/arm-none-eabi-7/bin/../lib/gcc/arm-none-eabi/7.3.1/thumb/v7e-m\libgcc.a(_arm_addsubdf3.o)
                0x08019a84                __aeabi_drsub
                0x08019a8c                __aeabi_dsub
                0x08019a8c                __subdf3
                0x08019a90                __aeabi_dadd
                0x08019a90                __adddf3
                0x08019d08                __floatunsidf
                0x08019d08                __aeabi_ui2d
                0x08019d28                __floatsidf
                0x08019d28                __aeabi_i2d
                0x08019d4c                __aeabi_f2d
                0x08019d4c                __extendsfdf2
                0x08019d90                __floatundidf
                0x08019d90                __aeabi_ul2d
                0x08019da0                __floatdidf
                0x08019da0                __aeabi_l2d
 .text          0x08019dfc      0x424 e:/programs/arm-none-eabi-7/bin/../lib/gcc/arm-none-eabi/7.3.1/thumb/v7e-m\libgcc.a(_arm_muldivdf3.o)
                0x08019dfc                __aeabi_dmul
                0x08019dfc                __muldf3
                0x0801a050                __divdf3
                0x0801a050                __aeabi_ddiv
 .text          0x0801a220      0x110 e:/programs/arm-none-eabi-7/bin/../lib/gcc/arm-none-eabi/7.3.1/thumb/v7e-m\libgcc.a(_arm_cmpdf2.o)
                0x0801a220                __gtdf2
                0x0801a220                __gedf2
                0x0801a228                __ltdf2
                0x0801a228                __ledf2
                0x0801a230                __nedf2
                0x0801a230                __eqdf2
                0x0801a230                __cmpdf2
                0x0801a2ac                __aeabi_cdrcmple
                0x0801a2bc                __aeabi_cdcmpeq
                0x0801a2bc                __aeabi_cdcmple
                0x0801a2cc                __aeabi_dcmpeq
                0x0801a2e0                __aeabi_dcmplt
                0x0801a2f4                __aeabi_dcmple
                0x0801a308                __aeabi_dcmpge
                0x0801a31c                __aeabi_dcmpgt
 .text          0x0801a330       0x2c e:/programs/arm-none-eabi-7/bin/../lib/gcc/arm-none-eabi/7.3.1/thumb/v7e-m\libgcc.a(_arm_unorddf2.o)
                0x0801a330                __unorddf2
                0x0801a330                __aeabi_dcmpun
 .text          0x0801a35c       0x50 e:/programs/arm-none-eabi-7/bin/../lib/gcc/arm-none-eabi/7.3.1/thumb/v7e-m\libgcc.a(_arm_fixdfsi.o)
                0x0801a35c                __aeabi_d2iz
                0x0801a35c                __fixdfsi
 .text          0x0801a3ac       0x40 e:/programs/arm-none-eabi-7/bin/../lib/gcc/arm-none-eabi/7.3.1/thumb/v7e-m\libgcc.a(_arm_fixunsdfsi.o)
                0x0801a3ac                __aeabi_d2uiz
                0x0801a3ac                __fixunsdfsi
 .text          0x0801a3ec       0xa0 e:/programs/arm-none-eabi-7/bin/../lib/gcc/arm-none-eabi/7.3.1/thumb/v7e-m\libgcc.a(_aeabi_ldivmod.o)
                0x0801a3ec                __aeabi_ldivmod
 .text          0x0801a48c       0x30 e:/programs/arm-none-eabi-7/bin/../lib/gcc/arm-none-eabi/7.3.1/thumb/v7e-m\libgcc.a(_aeabi_uldivmod.o)
                0x0801a48c                __aeabi_uldivmod
 .text          0x0801a4bc      0x2cc e:/programs/arm-none-eabi-7/bin/../lib/gcc/arm-none-eabi/7.3.1/thumb/v7e-m\libgcc.a(_udivmoddi4.o)
                0x0801a4bc                __udivmoddi4
 .text          0x0801a788        0x4 e:/programs/arm-none-eabi-7/bin/../lib/gcc/arm-none-eabi/7.3.1/thumb/v7e-m\libgcc.a(_dvmd_tls.o)
                0x0801a788                __aeabi_idiv0
                0x0801a788                __aeabi_ldiv0
 .text.__errno  0x0801a78c        0xc e:/programs/arm-none-eabi-7/bin/../lib/gcc/arm-none-eabi/7.3.1/../../../../arm-none-eabi/lib/thumb/v7e-m\libg.a(lib_a-errno.o)
                0x0801a78c                __errno
 .text          0x0801a798      0x134 e:/programs/arm-none-eabi-7/bin/../lib/gcc/arm-none-eabi/7.3.1/../../../../arm-none-eabi/lib/thumb/v7e-m\libg.a(lib_a-memcpy.o)
                0x0801a798                memcpy
 .text.memset   0x0801a8cc       0x94 e:/programs/arm-none-eabi-7/bin/../lib/gcc/arm-none-eabi/7.3.1/../../../../arm-none-eabi/lib/thumb/v7e-m\libg.a(lib_a-memset.o)
                0x0801a8cc                memset
 .text          0x0801a960      0x2dc e:/programs/arm-none-eabi-7/bin/../lib/gcc/arm-none-eabi/7.3.1/../../../../arm-none-eabi/lib/thumb/v7e-m\libg.a(lib_a-strcmp.o)
                0x0801a968                strcmp
 .text.strcpy   0x0801ac3c       0xbc e:/programs/arm-none-eabi-7/bin/../lib/gcc/arm-none-eabi/7.3.1/../../../../arm-none-eabi/lib/thumb/v7e-m\libg.a(lib_a-strcpy.o)
                0x0801ac3c                strcpy
 *fill*         0x0801acf8        0x8 
 .text          0x0801ad00       0xdc e:/programs/arm-none-eabi-7/bin/../lib/gcc/arm-none-eabi/7.3.1/../../../../arm-none-eabi/lib/thumb/v7e-m\libg.a(lib_a-strlen.o)
                0x0801ad00                strlen
 .text.strncpy  0x0801addc       0x64 e:/programs/arm-none-eabi-7/bin/../lib/gcc/arm-none-eabi/7.3.1/../../../../arm-none-eabi/lib/thumb/v7e-m\libg.a(lib_a-strncpy.o)
                0x0801addc                strncpy
 *(.init)
 *(.fini)
 *crtbegin.o(.ctors)
 *crtbegin?.o(.ctors)
 *(EXCLUDE_FILE(*crtend.o *crtend?.o) .ctors)
 *(SORT_BY_NAME(.ctors.*))
 *(.ctors)
 *crtbegin.o(.dtors)
 *crtbegin?.o(.dtors)
 *(EXCLUDE_FILE(*crtend.o *crtend?.o) .dtors)
 *(SORT_BY_NAME(.dtors.*))
 *(.dtors)
 *(.rodata*)
 .rodata        0x0801ae40       0x14 ..\obj\stepmotor.o
 .rodata        0x0801ae54        0xc ..\obj\rtc.o
 .rodata        0x0801ae60      0x23d ..\obj\gcode_exec.o
 *fill*         0x0801b09d        0x3 
 .rodata        0x0801b0a0       0x18 ..\obj\hw_config.o
 .rodata        0x0801b0b8      0x488 ..\obj\main.o
 .rodata        0x0801b540       0x24 ..\obj\usbd_storage_msd.o
                0x0801b540                STORAGE_Inquirydata
 .rodata        0x0801b564       0x7e ..\obj\usbd_desc.o
 *fill*         0x0801b5e2        0x2 
 .rodata        0x0801b5e4       0x1d ..\obj\scr_io.o
 *fill*         0x0801b601        0x3 
 .rodata        0x0801b604      0x4c0 ..\obj\ccsbcs.o
 .rodata        0x0801bac4       0x18 ..\obj\usbd_msc_data.o
                0x0801bac4                MSC_Page00_Inquiry_Data
                0x0801bacc                MSC_Mode_Sense6_data
                0x0801bad4                MSC_Mode_Sense10_data
 .rodata        0x0801badc       0xa3 ..\obj\ff.o
 *fill*         0x0801bb7f        0x1 
 .rodata        0x0801bb80     0x17c0 ..\obj\lcd.o
                0x0801bb80                asc2_1206
                0x0801bff4                asc2_1608
                0x0801c5e4                asc2_2412
 .rodata        0x0801d340      0x174 ..\obj\manualmode.o
 .rodata.hypot.str1.4
                0x0801d4b4        0x6 e:/programs/arm-none-eabi-7/bin/../lib/gcc/arm-none-eabi/7.3.1/../../../../arm-none-eabi/lib/thumb/v7e-m\libm.a(lib_a-w_hypot.o)
 *fill*         0x0801d4ba        0x2 
 .rodata.sqrt.str1.4
                0x0801d4bc        0x8 e:/programs/arm-none-eabi-7/bin/../lib/gcc/arm-none-eabi/7.3.1/../../../../arm-none-eabi/lib/thumb/v7e-m\libm.a(lib_a-w_sqrt.o)
                                  0x5 (size before relaxing)
 .rodata.npio2_hw
                0x0801d4c4       0x80 e:/programs/arm-none-eabi-7/bin/../lib/gcc/arm-none-eabi/7.3.1/../../../../arm-none-eabi/lib/thumb/v7e-m\libm.a(lib_a-e_rem_pio2.o)
 .rodata.two_over_pi
                0x0801d544      0x108 e:/programs/arm-none-eabi-7/bin/../lib/gcc/arm-none-eabi/7.3.1/../../../../arm-none-eabi/lib/thumb/v7e-m\libm.a(lib_a-e_rem_pio2.o)
 *fill*         0x0801d64c        0x4 
 .rodata.PIo2   0x0801d650       0x40 e:/programs/arm-none-eabi-7/bin/../lib/gcc/arm-none-eabi/7.3.1/../../../../arm-none-eabi/lib/thumb/v7e-m\libm.a(lib_a-k_rem_pio2.o)
 .rodata.init_jk
                0x0801d690       0x10 e:/programs/arm-none-eabi-7/bin/../lib/gcc/arm-none-eabi/7.3.1/../../../../arm-none-eabi/lib/thumb/v7e-m\libm.a(lib_a-k_rem_pio2.o)
 .rodata.atanhi
                0x0801d6a0       0x20 e:/programs/arm-none-eabi-7/bin/../lib/gcc/arm-none-eabi/7.3.1/../../../../arm-none-eabi/lib/thumb/v7e-m\libm.a(lib_a-s_atan.o)
 .rodata.atanlo
                0x0801d6c0       0x20 e:/programs/arm-none-eabi-7/bin/../lib/gcc/arm-none-eabi/7.3.1/../../../../arm-none-eabi/lib/thumb/v7e-m\libm.a(lib_a-s_atan.o)
 *(.eh_fram e*)

.glue_7         0x0801d6e0        0x0
 .glue_7        0x0801d6e0        0x0 linker stubs

.glue_7t        0x0801d6e0        0x0
 .glue_7t       0x0801d6e0        0x0 linker stubs

.vfp11_veneer   0x0801d6e0        0x0
 .vfp11_veneer  0x0801d6e0        0x0 linker stubs

.v4_bx          0x0801d6e0        0x0
 .v4_bx         0x0801d6e0        0x0 linker stubs

.iplt           0x0801d6e0        0x0
 .iplt          0x0801d6e0        0x0 ..\obj\sdio_sd_conf.o

.ARM.extab
 *(.ARM.extab* .gnu.linkonce.armextab.*)
                0x0801d6e0                __exidx_start = .

.ARM.exidx      0x0801d6e0        0x8
 *(.ARM.exidx* .gnu.linkonce.armexidx.*)
 .ARM.exidx     0x0801d6e0        0x8 e:/programs/arm-none-eabi-7/bin/../lib/gcc/arm-none-eabi/7.3.1/thumb/v7e-m\libgcc.a(_udivmoddi4.o)
                0x0801d6e8                __exidx_end = .
                0x0801d6e8                __etext = .
                0x0801d6e8                _sidata = __etext

.rel.dyn        0x0801d6e8        0x0
 .rel.iplt      0x0801d6e8        0x0 ..\obj\sdio_sd_conf.o

.data           0x20000000      0x560 load address 0x0801d6e8
                0x20000000                __data_start__ = .
                0x20000000                _sdata = __data_start__
 *(vtable)
 *(.data*)
 .data          0x20000000       0x1c ..\obj\usbd_usr.o
                0x20000000                USR_cb
 .data          0x2000001c        0xc ..\obj\gcode_exec.o
 .data          0x20000028        0x1 ..\obj\diskio.o
 *fill*         0x20000029        0x3 
 .data          0x2000002c       0x4c ..\obj\usbd_msc_core.o
                0x2000002c                USBD_MSC_CfgDesc
                0x2000004c                USBD_MSC_cb
 .data          0x20000078       0x30 ..\obj\usbd_core.o
                0x20000078                USBD_DCD_INT_cb
                0x200000a4                USBD_DCD_INT_fops
 .data          0x200000a8        0x1 ..\obj\main.o
 *fill*         0x200000a9        0x3 
 .data          0x200000ac       0x10 ..\obj\stm32f4xx_rcc.o
 .data          0x200000bc       0x24 ..\obj\usbd_storage_msd.o
                0x200000bc                USBD_MICRO_SDIO_fops
                0x200000dc                USBD_STORAGE_fops
 .data          0x200000e0       0x40 ..\obj\usbd_desc.o
                0x200000e0                USR_desc
                0x200000fc                USBD_DeviceDesc
                0x20000110                USBD_DeviceQualifierDesc
                0x2000011c                USBD_LangIDDesc
 .data          0x20000120        0xc ..\obj\scr_io.o
 .data          0x2000012c        0x1 ..\obj\manualmode.o
 .data.__fdlib_version
                0x2000012d        0x1 e:/programs/arm-none-eabi-7/bin/../lib/gcc/arm-none-eabi/7.3.1/../../../../arm-none-eabi/lib/thumb/v7e-m\libm.a(lib_a-s_lib_ver.o)
                0x2000012d                __fdlib_version
 *fill*         0x2000012e        0x2 
 .data._impure_ptr
                0x20000130        0x4 e:/programs/arm-none-eabi-7/bin/../lib/gcc/arm-none-eabi/7.3.1/../../../../arm-none-eabi/lib/thumb/v7e-m\libg.a(lib_a-impure.o)
                0x20000130                _impure_ptr
 *fill*         0x20000134        0x4 
 .data.impure_data
                0x20000138      0x428 e:/programs/arm-none-eabi-7/bin/../lib/gcc/arm-none-eabi/7.3.1/../../../../arm-none-eabi/lib/thumb/v7e-m\libg.a(lib_a-impure.o)
                0x20000560                . = ALIGN (0x4)
                [!provide]                PROVIDE (__preinit_array_start = .)
 *(.preinit_array)
                [!provide]                PROVIDE (__preinit_array_end = .)
                0x20000560                . = ALIGN (0x4)
                [!provide]                PROVIDE (__init_array_start = .)
 *(SORT_BY_NAME(.init_array.*))
 *(.init_array)
                [!provide]                PROVIDE (__init_array_end = .)
                0x20000560                . = ALIGN (0x4)
                [!provide]                PROVIDE (__fini_array_start = .)
 *(SORT_BY_NAME(.fini_array.*))
 *(.fini_array)
                [!provide]                PROVIDE (__fini_array_end = .)
 *(.jcr*)
                0x20000560                . = ALIGN (0x4)
                0x20000560                __data_end__ = .
                0x20000560                _edata = __data_end__

.igot.plt       0x20000560        0x0 load address 0x0801dc48
 .igot.plt      0x20000560        0x0 ..\obj\sdio_sd_conf.o

.bss            0x20000560     0xb1b4 load address 0x0801dc48
                0x20000560                . = ALIGN (0x4)
                0x20000560                __bss_start__ = .
                0x20000560                _sbss = __bss_start__
 *(.bss*)
 .bss           0x20000560        0x1 ..\obj\usbd_usr.o
                0x20000560                usb_sts
 *fill*         0x20000561        0x3 
 .bss           0x20000564      0x270 ..\obj\stepmotor.o
 .bss           0x200007d4       0x50 ..\obj\sdio_sd.o
                0x200007d4                sdstatus
                0x200007d8                SD_step
                0x20000814                StopCondition
                0x20000818                TransferError
                0x2000081c                TransferEnd
                0x20000820                DMAEndOfTransfer
 .bss           0x20000824        0x8 ..\obj\rtc.o
                0x20000824                AsynchPrediv
                0x20000828                SynchPrediv
 *fill*         0x2000082c        0x4 
 .bss           0x20000830     0x40e8 ..\obj\gcode_exec.o
                0x20000830                isPause
 .bss           0x20004918       0x48 ..\obj\gcode.o
 .bss           0x20004960        0x2 ..\obj\usbd_msc_core.o
 *fill*         0x20004962        0x2 
 .bss           0x20004964     0x5390 ..\obj\main.o
 .bss           0x20009cf4        0x6 ..\obj\stm32f4xx_it.o
 .bss           0x20009cfa        0x1 ..\obj\encoder.o
                0x20009cfa                isEncoderCorrection
 *fill*         0x20009cfb        0x1 
 .bss           0x20009cfc        0x5 ..\obj\usbd_storage_msd.o
                0x20009cfc                count
 *fill*         0x20009d01        0x1 
 .bss           0x20009d02        0xa ..\obj\scr_io.o
 .bss           0x20009d0c        0x2 ..\obj\keyboard.o
                0x20009d0c                _keyPressedCounter
 *fill*         0x20009d0e        0x2 
 .bss           0x20009d10        0xd ..\obj\usbd_req.o
                0x20009d10                USBD_ep_status
                0x20009d14                USBD_default_cfg
                0x20009d18                USBD_cfg_status
 *fill*         0x20009d1d        0x3 
 .bss           0x20009d20      0x208 ..\obj\ff.o
 *(COMMON)
 COMMON         0x20009f28       0x30 ..\obj\stepmotor.o
                0x20009f28                step_motors
 COMMON         0x20009f58       0xa0 ..\obj\sdio_sd.o
                0x20009f58                SDIO_CmdInitStructure
                0x20009f70                SDCardInfo
                0x20009fc8                SDIO_InitStructure
                0x20009fe0                SDIO_DataInitStructure
 COMMON         0x20009ff8       0x14 ..\obj\rtc.o
                0x20009ff8                RTC_DateStructure
                0x20009ffc                RTC_InitStructure
                0x2000a008                RTC_TimeStructure
 COMMON         0x2000a00c       0x34 ..\obj\gcode_exec.o
                0x2000a00c                _smParam
 COMMON         0x2000a040      0x604 ..\obj\hw_config.o
                0x2000a040                RCC_ClockFreq
                0x2000a050                USB_OTG_dev
 COMMON         0x2000a644        0x4 ..\obj\usbd_core.o
                0x2000a644                SET_TEST_MODE
 COMMON         0x2000a648       0x39 ..\obj\usbd_msc_scsi.o
                0x2000a648                SCSI_blk_nbr
                0x2000a64c                SCSI_blk_size
                0x2000a650                SCSI_Sense_Head
                0x2000a654                SCSI_blk_len
                0x2000a658                SCSI_Sense
                0x2000a678                SCSI_blk_addr
                0x2000a67c                cdev
                0x2000a680                SCSI_Sense_Tail
 *fill*         0x2000a681        0x3 
 COMMON         0x2000a684        0x6 ..\obj\keyboard.o
                0x2000a684                _keyBuffer
 *fill*         0x2000a68a        0x2 
 COMMON         0x2000a68c       0x40 ..\obj\usbd_req.o
                0x2000a68c                USBD_StrDesc
 COMMON         0x2000a6cc        0xe ..\obj\lcd.o
                0x2000a6cc                lcddev
 *fill*         0x2000a6da        0x2 
 COMMON         0x2000a6dc     0x1038 ..\obj\usbd_msc_bot.o
                0x2000a6dc                MSC_BOT_Data
                0x2000b6dc                MSC_BOT_Status
                0x2000b6e0                MSC_BOT_cbw
                0x2000b700                MSC_BOT_csw
                0x2000b710                MSC_BOT_State
                0x2000b712                MSC_BOT_DataLen
                0x2000b714                . = ALIGN (0x4)
                0x2000b714                __bss_end__ = .
                0x2000b714                _ebss = __bss_end__

.heap           0x2000b714        0x0
                0x2000b714                __end__ = .
                0x2000b714                _end = __end__
                0x2000b714                end = __end__
 *(.heap*)
                0x2000b714                __HeapLimit = .

.co_stack       0x2000b714      0x804 load address 0x08028dfc
                0x2000b718                . = ALIGN (0x8)
 *fill*         0x2000b714        0x4 
 *(.co_stack .co_stack.*)
 .co_stack      0x2000b718      0x800 ..\obj\startup_stm32f4xx.o
                0x2000b718                pulStack
                0x20020000                __StackTop = (ORIGIN (ram) + LENGTH (ram))
                0x2001f7fc                __StackLimit = (__StackTop - SIZEOF (.co_stack))
                [!provide]                PROVIDE (__stack = __StackTop)
                0x00000001                ASSERT ((__StackLimit >= __HeapLimit), region ram  overflowed with stack)
LOAD ..\obj\stm32f4xx_syscfg.o
LOAD ..\obj\sdio_sd_conf.o
LOAD ..\obj\usb_core.o
LOAD ..\obj\stm32f4xx_sdio.o
LOAD ..\obj\usbd_usr.o
LOAD ..\obj\stepmotor.o
LOAD ..\obj\stm32f4xx_pwr.o
LOAD ..\obj\sdio_sd.o
LOAD ..\obj\rtc.o
LOAD ..\obj\gcode_exec.o
LOAD ..\obj\gcode.o
LOAD ..\obj\diskio.o
LOAD ..\obj\startup_stm32f4xx.o
LOAD ..\obj\hw_config.o
LOAD ..\obj\usbd_msc_core.o
LOAD ..\obj\usbd_core.o
LOAD ..\obj\main.o
LOAD ..\obj\stm32f4xx_rcc.o
LOAD ..\obj\stm32f4xx_it.o
LOAD ..\obj\encoder.o
LOAD ..\obj\usbd_storage_msd.o
LOAD ..\obj\usbd_msc_scsi.o
LOAD ..\obj\usbd_desc.o
LOAD ..\obj\lcd_api.o
LOAD ..\obj\scr_io.o
LOAD ..\obj\keyboard.o
LOAD ..\obj\stm32f4xx_fsmc.o
LOAD ..\obj\stm32f4xx_gpio.o
LOAD ..\obj\system_stm32f4xx.o
LOAD ..\obj\stm32f4xx_dma.o
LOAD ..\obj\ccsbcs.o
LOAD ..\obj\usb_bsp.o
LOAD ..\obj\usbd_req.o
LOAD ..\obj\usb_dcd_int.o
LOAD ..\obj\usbd_msc_data.o
LOAD ..\obj\spindle.o
LOAD ..\obj\ff.o
LOAD ..\obj\lcd.o
LOAD ..\obj\misc.o
LOAD ..\obj\usb_dcd.o
LOAD ..\obj\limits.o
LOAD ..\obj\manualmode.o
LOAD ..\obj\stm32f4xx_rtc.o
LOAD ..\obj\usbd_ioreq.o
LOAD ..\obj\usbd_msc_bot.o
LOAD ..\obj\stm32f4xx_tim.o
LOAD e:/programs/arm-none-eabi-7/bin/../lib/gcc/arm-none-eabi/7.3.1/../../../../arm-none-eabi/lib/thumb/v7e-m\libm.a
START GROUP
LOAD e:/programs/arm-none-eabi-7/bin/../lib/gcc/arm-none-eabi/7.3.1/thumb/v7e-m\libgcc.a
LOAD e:/programs/arm-none-eabi-7/bin/../lib/gcc/arm-none-eabi/7.3.1/../../../../arm-none-eabi/lib/thumb/v7e-m\libg.a
LOAD e:/programs/arm-none-eabi-7/bin/../lib/gcc/arm-none-eabi/7.3.1/../../../../arm-none-eabi/lib/thumb/v7e-m\libc.a
END GROUP
OUTPUT(mm_cnc_flash.elf elf32-littlearm)

.debug_info     0x00000000    0x2db36
 .debug_info    0x00000000      0x4af ..\obj\sdio_sd_conf.o
 .debug_info    0x000004af     0x25d2 ..\obj\usb_core.o
 .debug_info    0x00002a81      0x807 ..\obj\stm32f4xx_sdio.o
 .debug_info    0x00003288      0xb64 ..\obj\usbd_usr.o
 .debug_info    0x00003dec     0x1a6f ..\obj\stepmotor.o
 .debug_info    0x0000585b      0x5f4 ..\obj\stm32f4xx_pwr.o
 .debug_info    0x00005e4f     0x1474 ..\obj\sdio_sd.o
 .debug_info    0x000072c3      0xaf7 ..\obj\rtc.o
 .debug_info    0x00007dba     0x2145 ..\obj\gcode_exec.o
 .debug_info    0x00009eff     0x14a8 ..\obj\gcode.o
 .debug_info    0x0000b3a7     0x12c3 ..\obj\diskio.o
 .debug_info    0x0000c66a      0x113 ..\obj\startup_stm32f4xx.o
 .debug_info    0x0000c77d     0x1d26 ..\obj\hw_config.o
 .debug_info    0x0000e4a3      0x75d ..\obj\usbd_msc_core.o
 .debug_info    0x0000ec00     0x1133 ..\obj\usbd_core.o
 .debug_info    0x0000fd33     0x1877 ..\obj\main.o
 .debug_info    0x000115aa      0xe23 ..\obj\stm32f4xx_rcc.o
 .debug_info    0x000123cd     0x19ef ..\obj\stm32f4xx_it.o
 .debug_info    0x00013dbc      0xf21 ..\obj\encoder.o
 .debug_info    0x00014cdd      0xab0 ..\obj\usbd_storage_msd.o
 .debug_info    0x0001578d     0x1409 ..\obj\usbd_msc_scsi.o
 .debug_info    0x00016b96      0x4df ..\obj\usbd_desc.o
 .debug_info    0x00017075      0xd16 ..\obj\lcd_api.o
 .debug_info    0x00017d8b     0x15ce ..\obj\scr_io.o
 .debug_info    0x00019359     0x119f ..\obj\keyboard.o
 .debug_info    0x0001a4f8      0x903 ..\obj\stm32f4xx_fsmc.o
 .debug_info    0x0001adfb      0x627 ..\obj\stm32f4xx_gpio.o
 .debug_info    0x0001b422      0x5f1 ..\obj\system_stm32f4xx.o
 .debug_info    0x0001ba13      0x747 ..\obj\stm32f4xx_dma.o
 .debug_info    0x0001c15a      0x152 ..\obj\ccsbcs.o
 .debug_info    0x0001c2ac     0x1127 ..\obj\usb_bsp.o
 .debug_info    0x0001d3d3     0x11ab ..\obj\usbd_req.o
 .debug_info    0x0001e57e     0x1f06 ..\obj\usb_dcd_int.o
 .debug_info    0x00020484      0x24a ..\obj\usbd_msc_data.o
 .debug_info    0x000206ce     0x115a ..\obj\spindle.o
 .debug_info    0x00021828     0x1e87 ..\obj\ff.o
 .debug_info    0x000236af     0x1e2b ..\obj\lcd.o
 .debug_info    0x000254da      0x547 ..\obj\misc.o
 .debug_info    0x00025a21     0x1184 ..\obj\usb_dcd.o
 .debug_info    0x00026ba5     0x10f5 ..\obj\limits.o
 .debug_info    0x00027c9a     0x11cf ..\obj\manualmode.o
 .debug_info    0x00028e69     0x10f2 ..\obj\stm32f4xx_rtc.o
 .debug_info    0x00029f5b      0xe1c ..\obj\usbd_ioreq.o
 .debug_info    0x0002ad77     0x1150 ..\obj\usbd_msc_bot.o
 .debug_info    0x0002bec7     0x1c6f ..\obj\stm32f4xx_tim.o

.debug_abbrev   0x00000000     0x5f82
 .debug_abbrev  0x00000000      0x14a ..\obj\sdio_sd_conf.o
 .debug_abbrev  0x0000014a      0x300 ..\obj\usb_core.o
 .debug_abbrev  0x0000044a      0x18e ..\obj\stm32f4xx_sdio.o
 .debug_abbrev  0x000005d8      0x1fe ..\obj\usbd_usr.o
 .debug_abbrev  0x000007d6      0x37d ..\obj\stepmotor.o
 .debug_abbrev  0x00000b53      0x196 ..\obj\stm32f4xx_pwr.o
 .debug_abbrev  0x00000ce9      0x211 ..\obj\sdio_sd.o
 .debug_abbrev  0x00000efa      0x229 ..\obj\rtc.o
 .debug_abbrev  0x00001123      0x425 ..\obj\gcode_exec.o
 .debug_abbrev  0x00001548      0x291 ..\obj\gcode.o
 .debug_abbrev  0x000017d9      0x24f ..\obj\diskio.o
 .debug_abbrev  0x00001a28       0xc1 ..\obj\startup_stm32f4xx.o
 .debug_abbrev  0x00001ae9      0x291 ..\obj\hw_config.o
 .debug_abbrev  0x00001d7a      0x186 ..\obj\usbd_msc_core.o
 .debug_abbrev  0x00001f00      0x297 ..\obj\usbd_core.o
 .debug_abbrev  0x00002197      0x33d ..\obj\main.o
 .debug_abbrev  0x000024d4      0x1d1 ..\obj\stm32f4xx_rcc.o
 .debug_abbrev  0x000026a5      0x24e ..\obj\stm32f4xx_it.o
 .debug_abbrev  0x000028f3      0x1b9 ..\obj\encoder.o
 .debug_abbrev  0x00002aac      0x21c ..\obj\usbd_storage_msd.o
 .debug_abbrev  0x00002cc8      0x2cf ..\obj\usbd_msc_scsi.o
 .debug_abbrev  0x00002f97      0x15e ..\obj\usbd_desc.o
 .debug_abbrev  0x000030f5      0x252 ..\obj\lcd_api.o
 .debug_abbrev  0x00003347      0x2f1 ..\obj\scr_io.o
 .debug_abbrev  0x00003638      0x261 ..\obj\keyboard.o
 .debug_abbrev  0x00003899      0x19f ..\obj\stm32f4xx_fsmc.o
 .debug_abbrev  0x00003a38      0x1bc ..\obj\stm32f4xx_gpio.o
 .debug_abbrev  0x00003bf4      0x15a ..\obj\system_stm32f4xx.o
 .debug_abbrev  0x00003d4e      0x16a ..\obj\stm32f4xx_dma.o
 .debug_abbrev  0x00003eb8       0xb3 ..\obj\ccsbcs.o
 .debug_abbrev  0x00003f6b      0x251 ..\obj\usb_bsp.o
 .debug_abbrev  0x000041bc      0x2d1 ..\obj\usbd_req.o
 .debug_abbrev  0x0000448d      0x270 ..\obj\usb_dcd_int.o
 .debug_abbrev  0x000046fd       0x98 ..\obj\usbd_msc_data.o
 .debug_abbrev  0x00004795      0x227 ..\obj\spindle.o
 .debug_abbrev  0x000049bc      0x242 ..\obj\ff.o
 .debug_abbrev  0x00004bfe      0x38e ..\obj\lcd.o
 .debug_abbrev  0x00004f8c      0x174 ..\obj\misc.o
 .debug_abbrev  0x00005100      0x26e ..\obj\usb_dcd.o
 .debug_abbrev  0x0000536e      0x1e6 ..\obj\limits.o
 .debug_abbrev  0x00005554      0x25c ..\obj\manualmode.o
 .debug_abbrev  0x000057b0      0x1df ..\obj\stm32f4xx_rtc.o
 .debug_abbrev  0x0000598f      0x1e0 ..\obj\usbd_ioreq.o
 .debug_abbrev  0x00005b6f      0x277 ..\obj\usbd_msc_bot.o
 .debug_abbrev  0x00005de6      0x19c ..\obj\stm32f4xx_tim.o

.debug_aranges  0x00000000     0x1a08
 .debug_aranges
                0x00000000       0x38 ..\obj\sdio_sd_conf.o
 .debug_aranges
                0x00000038      0x138 ..\obj\usb_core.o
 .debug_aranges
                0x00000170      0x108 ..\obj\stm32f4xx_sdio.o
 .debug_aranges
                0x00000278       0x50 ..\obj\usbd_usr.o
 .debug_aranges
                0x000002c8       0x70 ..\obj\stepmotor.o
 .debug_aranges
                0x00000338       0x98 ..\obj\stm32f4xx_pwr.o
 .debug_aranges
                0x000003d0      0x138 ..\obj\sdio_sd.o
 .debug_aranges
                0x00000508       0x28 ..\obj\rtc.o
 .debug_aranges
                0x00000530       0x70 ..\obj\gcode_exec.o
 .debug_aranges
                0x000005a0       0x50 ..\obj\gcode.o
 .debug_aranges
                0x000005f0       0x48 ..\obj\diskio.o
 .debug_aranges
                0x00000638       0x28 ..\obj\startup_stm32f4xx.o
 .debug_aranges
                0x00000660       0x38 ..\obj\hw_config.o
 .debug_aranges
                0x00000698       0x48 ..\obj\usbd_msc_core.o
 .debug_aranges
                0x000006e0       0x88 ..\obj\usbd_core.o
 .debug_aranges
                0x00000768       0x60 ..\obj\main.o
 .debug_aranges
                0x000007c8      0x1b8 ..\obj\stm32f4xx_rcc.o
 .debug_aranges
                0x00000980       0x90 ..\obj\stm32f4xx_it.o
 .debug_aranges
                0x00000a10       0x18 ..\obj\encoder.o
 .debug_aranges
                0x00000a28       0x50 ..\obj\usbd_storage_msd.o
 .debug_aranges
                0x00000a78       0x98 ..\obj\usbd_msc_scsi.o
 .debug_aranges
                0x00000b10       0x50 ..\obj\usbd_desc.o
 .debug_aranges
                0x00000b60       0x48 ..\obj\lcd_api.o
 .debug_aranges
                0x00000ba8       0xd0 ..\obj\scr_io.o
 .debug_aranges
                0x00000c78       0x38 ..\obj\keyboard.o
 .debug_aranges
                0x00000cb0       0xb0 ..\obj\stm32f4xx_fsmc.o
 .debug_aranges
                0x00000d60       0x88 ..\obj\stm32f4xx_gpio.o
 .debug_aranges
                0x00000de8       0x30 ..\obj\system_stm32f4xx.o
 .debug_aranges
                0x00000e18       0xb0 ..\obj\stm32f4xx_dma.o
 .debug_aranges
                0x00000ec8       0x28 ..\obj\ccsbcs.o
 .debug_aranges
                0x00000ef0       0x38 ..\obj\usb_bsp.o
 .debug_aranges
                0x00000f28       0x88 ..\obj\usbd_req.o
 .debug_aranges
                0x00000fb0       0x80 ..\obj\usb_dcd_int.o
 .debug_aranges
                0x00001030       0x18 ..\obj\usbd_msc_data.o
 .debug_aranges
                0x00001048       0x40 ..\obj\spindle.o
 .debug_aranges
                0x00001088      0x1d8 ..\obj\ff.o
 .debug_aranges
                0x00001260      0x118 ..\obj\lcd.o
 .debug_aranges
                0x00001378       0x40 ..\obj\misc.o
 .debug_aranges
                0x000013b8       0x80 ..\obj\usb_dcd.o
 .debug_aranges
                0x00001438       0x20 ..\obj\limits.o
 .debug_aranges
                0x00001458       0x20 ..\obj\manualmode.o
 .debug_aranges
                0x00001478      0x1e0 ..\obj\stm32f4xx_rtc.o
 .debug_aranges
                0x00001658       0x50 ..\obj\usbd_ioreq.o
 .debug_aranges
                0x000016a8       0x68 ..\obj\usbd_msc_bot.o
 .debug_aranges
                0x00001710      0x2f8 ..\obj\stm32f4xx_tim.o

.debug_ranges   0x00000000     0x1728
 .debug_ranges  0x00000000       0x28 ..\obj\sdio_sd_conf.o
 .debug_ranges  0x00000028      0x128 ..\obj\usb_core.o
 .debug_ranges  0x00000150       0xf8 ..\obj\stm32f4xx_sdio.o
 .debug_ranges  0x00000248       0x40 ..\obj\usbd_usr.o
 .debug_ranges  0x00000288       0x60 ..\obj\stepmotor.o
 .debug_ranges  0x000002e8       0x88 ..\obj\stm32f4xx_pwr.o
 .debug_ranges  0x00000370      0x128 ..\obj\sdio_sd.o
 .debug_ranges  0x00000498       0x18 ..\obj\rtc.o
 .debug_ranges  0x000004b0       0x60 ..\obj\gcode_exec.o
 .debug_ranges  0x00000510       0x40 ..\obj\gcode.o
 .debug_ranges  0x00000550       0x38 ..\obj\diskio.o
 .debug_ranges  0x00000588       0x18 ..\obj\startup_stm32f4xx.o
 .debug_ranges  0x000005a0       0x28 ..\obj\hw_config.o
 .debug_ranges  0x000005c8       0x38 ..\obj\usbd_msc_core.o
 .debug_ranges  0x00000600       0x78 ..\obj\usbd_core.o
 .debug_ranges  0x00000678       0x50 ..\obj\main.o
 .debug_ranges  0x000006c8      0x1a8 ..\obj\stm32f4xx_rcc.o
 .debug_ranges  0x00000870       0x80 ..\obj\stm32f4xx_it.o
 .debug_ranges  0x000008f0       0x40 ..\obj\usbd_storage_msd.o
 .debug_ranges  0x00000930       0x88 ..\obj\usbd_msc_scsi.o
 .debug_ranges  0x000009b8       0x40 ..\obj\usbd_desc.o
 .debug_ranges  0x000009f8       0x38 ..\obj\lcd_api.o
 .debug_ranges  0x00000a30       0xc0 ..\obj\scr_io.o
 .debug_ranges  0x00000af0       0x28 ..\obj\keyboard.o
 .debug_ranges  0x00000b18       0xa0 ..\obj\stm32f4xx_fsmc.o
 .debug_ranges  0x00000bb8       0x78 ..\obj\stm32f4xx_gpio.o
 .debug_ranges  0x00000c30       0x20 ..\obj\system_stm32f4xx.o
 .debug_ranges  0x00000c50       0xa0 ..\obj\stm32f4xx_dma.o
 .debug_ranges  0x00000cf0       0x18 ..\obj\ccsbcs.o
 .debug_ranges  0x00000d08       0x28 ..\obj\usb_bsp.o
 .debug_ranges  0x00000d30       0x78 ..\obj\usbd_req.o
 .debug_ranges  0x00000da8       0x70 ..\obj\usb_dcd_int.o
 .debug_ranges  0x00000e18       0x30 ..\obj\spindle.o
 .debug_ranges  0x00000e48      0x1c8 ..\obj\ff.o
 .debug_ranges  0x00001010      0x108 ..\obj\lcd.o
 .debug_ranges  0x00001118       0x30 ..\obj\misc.o
 .debug_ranges  0x00001148       0x70 ..\obj\usb_dcd.o
 .debug_ranges  0x000011b8       0x10 ..\obj\limits.o
 .debug_ranges  0x000011c8       0x10 ..\obj\manualmode.o
 .debug_ranges  0x000011d8      0x1d0 ..\obj\stm32f4xx_rtc.o
 .debug_ranges  0x000013a8       0x40 ..\obj\usbd_ioreq.o
 .debug_ranges  0x000013e8       0x58 ..\obj\usbd_msc_bot.o
 .debug_ranges  0x00001440      0x2e8 ..\obj\stm32f4xx_tim.o

.debug_line     0x00000000     0xf28c
 .debug_line    0x00000000      0x274 ..\obj\sdio_sd_conf.o
 .debug_line    0x00000274      0x758 ..\obj\usb_core.o
 .debug_line    0x000009cc      0x429 ..\obj\stm32f4xx_sdio.o
 .debug_line    0x00000df5      0x2d7 ..\obj\usbd_usr.o
 .debug_line    0x000010cc      0x810 ..\obj\stepmotor.o
 .debug_line    0x000018dc      0x300 ..\obj\stm32f4xx_pwr.o
 .debug_line    0x00001bdc      0x9c1 ..\obj\sdio_sd.o
 .debug_line    0x0000259d      0x2fc ..\obj\rtc.o
 .debug_line    0x00002899      0xc7c ..\obj\gcode_exec.o
 .debug_line    0x00003515      0x7ba ..\obj\gcode.o
 .debug_line    0x00003ccf      0x3c6 ..\obj\diskio.o
 .debug_line    0x00004095       0x9e ..\obj\startup_stm32f4xx.o
 .debug_line    0x00004133      0x558 ..\obj\hw_config.o
 .debug_line    0x0000468b      0x339 ..\obj\usbd_msc_core.o
 .debug_line    0x000049c4      0x3a4 ..\obj\usbd_core.o
 .debug_line    0x00004d68      0x9f0 ..\obj\main.o
 .debug_line    0x00005758      0x63c ..\obj\stm32f4xx_rcc.o
 .debug_line    0x00005d94      0x5f2 ..\obj\stm32f4xx_it.o
 .debug_line    0x00006386      0x47f ..\obj\encoder.o
 .debug_line    0x00006805      0x2fe ..\obj\usbd_storage_msd.o
 .debug_line    0x00006b03      0x48e ..\obj\usbd_msc_scsi.o
 .debug_line    0x00006f91      0x281 ..\obj\usbd_desc.o
 .debug_line    0x00007212      0x335 ..\obj\lcd_api.o
 .debug_line    0x00007547      0x824 ..\obj\scr_io.o
 .debug_line    0x00007d6b      0x567 ..\obj\keyboard.o
 .debug_line    0x000082d2      0x487 ..\obj\stm32f4xx_fsmc.o
 .debug_line    0x00008759      0x360 ..\obj\stm32f4xx_gpio.o
 .debug_line    0x00008ab9      0x1d8 ..\obj\system_stm32f4xx.o
 .debug_line    0x00008c91      0x41a ..\obj\stm32f4xx_dma.o
 .debug_line    0x000090ab       0xfe ..\obj\ccsbcs.o
 .debug_line    0x000091a9      0x2b8 ..\obj\usb_bsp.o
 .debug_line    0x00009461      0x4a2 ..\obj\usbd_req.o
 .debug_line    0x00009903      0x430 ..\obj\usb_dcd_int.o
 .debug_line    0x00009d33      0x201 ..\obj\usbd_msc_data.o
 .debug_line    0x00009f34      0x541 ..\obj\spindle.o
 .debug_line    0x0000a475     0x117a ..\obj\ff.o
 .debug_line    0x0000b5ef     0x1251 ..\obj\lcd.o
 .debug_line    0x0000c840      0x230 ..\obj\misc.o
 .debug_line    0x0000ca70      0x3b6 ..\obj\usb_dcd.o
 .debug_line    0x0000ce26      0x4f6 ..\obj\limits.o
 .debug_line    0x0000d31c      0x669 ..\obj\manualmode.o
 .debug_line    0x0000d985      0x815 ..\obj\stm32f4xx_rtc.o
 .debug_line    0x0000e19a      0x2a0 ..\obj\usbd_ioreq.o
 .debug_line    0x0000e43a      0x3a1 ..\obj\usbd_msc_bot.o
 .debug_line    0x0000e7db      0xab1 ..\obj\stm32f4xx_tim.o

.debug_str      0x00000000     0x87ec
 .debug_str     0x00000000      0x4dc ..\obj\sdio_sd_conf.o